# boot_stage5
timestamp_utc: 2026-02-22T20:27:59Z
command: python3 /tmp/luce_boot_capture.py '/dev/cu.usbserial-40110' 60
status:
load-nvmrc:1: command not found: nvm
load-nvmrc:2: command not found: nvm_find_nvmrc
load-nvmrc:8: command not found: nvm
load-nvmrc:1: command not found: nvm
load-nvmrc:2: command not found: nvm_find_nvmrc
load-nvmrc:8: command not found: nvm
2026-02-22T20:27:59Z I (342) esp_image: segment 4: paddr=000c01b8 vaddr=3ffb2888 size=01784h (  6020) load
2026-02-22T20:27:59Z I (345) esp_image: segment 5: paddr=000c1944 vaddr=40080000 size=194e0h (103648) load
2026-02-22T20:27:59Z I (399) boot: Loaded app from partition at offset 0x10000
2026-02-22T20:27:59Z I (399) boot: Disabling RNG early entropy source...
2026-02-22T20:27:59Z I (409) cpu_start: Multicore app
2026-02-22T20:27:59Z I (418) cpu_start: Pro cpu start user code
2026-02-22T20:27:59Z I (418) cpu_start: cpu freq: 160000000 Hz
2026-02-22T20:27:59Z I (418) app_init: Application information:
2026-02-22T20:27:59Z I (418) app_init: Project name:     Luce
2026-02-22T20:27:59Z I (421) app_init: App version:      2467f03-dirty
2026-02-22T20:27:59Z I (426) app_init: Compile time:     Feb 22 2026 17:17:30
2026-02-22T20:27:59Z I (431) app_init: ELF file SHA256:  1c9ed7dff...
2026-02-22T20:27:59Z I (435) app_init: ESP-IDF:          5.5.0
2026-02-22T20:27:59Z I (439) efuse_init: Min chip rev:     v0.0
2026-02-22T20:27:59Z I (443) efuse_init: Max chip rev:     v3.99 
2026-02-22T20:27:59Z I (447) efuse_init: Chip rev:         v3.1
2026-02-22T20:27:59Z I (451) heap_init: Initializing. RAM available for dynamic allocation:
2026-02-22T20:27:59Z I (457) heap_init: At 3FFAE6E0 len 00001920 (6 KiB): DRAM
2026-02-22T20:27:59Z I (462) heap_init: At 3FFB8170 len 00027E90 (159 KiB): DRAM
2026-02-22T20:27:59Z I (467) heap_init: At 3FFE0440 len 00003AE0 (14 KiB): D/IRAM
2026-02-22T20:27:59Z I (473) heap_init: At 3FFE4350 len 0001BCB0 (111 KiB): D/IRAM
2026-02-22T20:27:59Z I (478) heap_init: At 400994E0 len 00006B20 (26 KiB): IRAM
2026-02-22T20:27:59Z I (485) spi_flash: detected chip: generic
2026-02-22T20:27:59Z I (487) spi_flash: flash io: dio
2026-02-22T20:27:59Z W (490) i2c: This driver is an old driver, please migrate your application code to adapt `driver/i2c_master.h`
2026-02-22T20:27:59Z I (501) main_task: Started on CPU0
2026-02-22T20:27:59Z I (511) main_task: Calling app_main()
2026-02-22T20:27:59Z I (511) luce_boot: LUCE STAGE5
2026-02-22T20:27:59Z I (511) luce_boot: Build timestamp: Feb 22 2026 17:17:28
2026-02-22T20:27:59Z I (511) luce_boot: Project version: 0.0.0-stage0
2026-02-22T20:27:59Z I (511) luce_boot: Git SHA: placeholder
2026-02-22T20:27:59Z I (521) luce_boot: Reset reason: PANIC (4)
2026-02-22T20:27:59Z I (521) luce_boot: Chip: model=1 revision=301 cores=2
2026-02-22T20:27:59Z I (531) luce_boot: Features: WIFI BT BLE 
2026-02-22T20:27:59Z I (531) luce_boot: CPU frequency: 1061162184 MHz
2026-02-22T20:27:59Z I (531) luce_boot: Heap free: 278752 bytes
2026-02-22T20:27:59Z I (541) luce_boot: Heap min-free: 278752 bytes
2026-02-22T20:27:59Z I (541) luce_boot: Task watermark (current): 2092 words
2026-02-22T20:27:59Z I (551) luce_boot: App version: 2467f03-dirty
2026-02-22T20:27:59Z I (551) luce_boot: Project name: Luce
2026-02-22T20:27:59Z I (551) luce_boot: Secure version: 0
2026-02-22T20:27:59Z I (561) luce_boot: App compile time: 17:17:30 Feb 22 2026
2026-02-22T20:27:59Z I (561) luce_boot: ESP-IDF version: 5.5.0
2026-02-22T20:27:59Z I (571) luce_boot: ELF SHA256: 1c9ed7dff
2026-02-22T20:27:59Z I (571) luce_boot: Partition map:
2026-02-22T20:27:59Z I (571) luce_boot:   type=1 subtype=2 label=nvs offset=0x00009000 size=0x00006000
2026-02-22T20:27:59Z I (581) luce_boot:   type=1 subtype=1 label=phy_init offset=0x0000f000 size=0x00001000
2026-02-22T20:27:59Z I (591) luce_boot:   type=0 subtype=0 label=factory offset=0x00010000 size=0x00100000
2026-02-22T20:27:59Z 
2026-02-22T20:27:59Z assert failed: tlsf_free tlsf.c:630 (!block_is_free(block) && "block already marked as free")
2026-02-22T20:27:59Z 
2026-02-22T20:27:59Z 
2026-02-22T20:27:59Z Backtrace: 0x40082add:0x3ffba210 0x4008a1d9:0x3ffba230 0x40092129:0x3ffba250 0x4008f50f:0x3ffba370 0x4008f3b0:0x3ffba390 0x40083027:0x3ffba3b0 0x400921c5:0x3ffba3d0 0x400ddf25:0x3ffba3f0 0x400d3be9:0x3ffba410 0x400d53d7:0x3ffba440 0x4015deec:0x3ffba470 0x4008af99:0x3ffba4a0
2026-02-22T20:27:59Z 
2026-02-22T20:27:59Z 
2026-02-22T20:27:59Z 
2026-02-22T20:27:59Z 
2026-02-22T20:27:59Z ELF file SHA256: 1c9ed7dff
2026-02-22T20:27:59Z 
2026-02-22T20:27:59Z Rebooting...
2026-02-22T20:27:59Z ets Jul 29 2019 12:21:46
2026-02-22T20:27:59Z 
2026-02-22T20:27:59Z rst:0xc (SW_CPU_RESET),boot:0x13 (SPI_FAST_FLASH_BOOT)
2026-02-22T20:27:59Z configsip: 0, SPIWP:0xee
2026-02-22T20:27:59Z clk_drv:0x00,q_drv:0x00,d_drv:0x00,cs0_drv:0x00,hd_drv:0x00,wp_drv:0x00
2026-02-22T20:27:59Z mode:DIO, clock div:2
2026-02-22T20:27:59Z load:0x3fff0030,len:6380
2026-02-22T20:27:59Z ho 0 tail 12 room 4
2026-02-22T20:27:59Z load:0x40078000,len:15916
2026-02-22T20:27:59Z load:0x40080400,len:3860
2026-02-22T20:27:59Z entry 0x40080630
2026-02-22T20:27:59Z I (29) boot: ESP-IDF 5.5.0 2nd stage bootloader
2026-02-22T20:27:59Z I (29) boot: compile time Feb 22 2026 17:17:59
2026-02-22T20:27:59Z I (29) boot: Multicore bootloader
2026-02-22T20:27:59Z I (30) boot: chip revision: v3.1
2026-02-22T20:27:59Z I (33) boot.esp32: SPI Speed      : 40MHz
2026-02-22T20:27:59Z I (37) boot.esp32: SPI Mode       : DIO
2026-02-22T20:27:59Z I (40) boot.esp32: SPI Flash Size : 4MB
2026-02-22T20:27:59Z I (44) boot: Enabling RNG early entropy source...
2026-02-22T20:27:59Z I (49) boot: Partition Table:
2026-02-22T20:27:59Z I (51) boot: ## Label            Usage          Type ST Offset   Length
2026-02-22T20:27:59Z I (57) boot:  0 nvs              WiFi data        01 02 00009000 00006000
2026-02-22T20:27:59Z I (64) boot:  1 phy_init         RF data          01 01 0000f000 00001000
2026-02-22T20:27:59Z I (71) boot:  2 factory          factory app      00 00 00010000 00100000
2026-02-22T20:27:59Z I (77) boot: End of partition table
2026-02-22T20:27:59Z I (80) esp_image: segment 0: paddr=00010020 vaddr=3f400020 size=1d740h (120640) map
2026-02-22T20:27:59Z I (129) esp_image: segment 1: paddr=0002d768 vaddr=3ff80000 size=00020h (    32) load
2026-02-22T20:27:59Z I (129) esp_image: segment 2: paddr=0002d790 vaddr=3ffb0000 size=02888h ( 10376) load
2026-02-22T20:27:59Z I (137) esp_image: segment 3: paddr=00030020 vaddr=400d0020 size=90190h (590224) map
2026-02-22T20:28:00Z I (342) esp_image: segment 4: paddr=000c01b8 vaddr=3ffb2888 size=01784h (  6020) load
2026-02-22T20:28:00Z I (345) esp_image: segment 5: paddr=000c1944 vaddr=40080000 size=194e0h (103648) load
2026-02-22T20:28:00Z I (399) boot: Loaded app from partition at offset 0x10000
2026-02-22T20:28:00Z I (399) boot: Disabling RNG early entropy source...
2026-02-22T20:28:00Z I (409) cpu_start: Multicore app
2026-02-22T20:28:00Z I (418) cpu_start: Pro cpu start user code
2026-02-22T20:28:00Z I (418) cpu_start: cpu freq: 160000000 Hz
2026-02-22T20:28:00Z I (418) app_init: Application information:
2026-02-22T20:28:00Z I (418) app_init: Project name:     Luce
2026-02-22T20:28:00Z I (421) app_init: App version:      2467f03-dirty
2026-02-22T20:28:00Z I (426) app_init: Compile time:     Feb 22 2026 17:17:30
2026-02-22T20:28:00Z I (431) app_init: ELF file SHA256:  1c9ed7dff...
2026-02-22T20:28:00Z I (435) app_init: ESP-IDF:          5.5.0
2026-02-22T20:28:00Z I (439) efuse_init: Min chip rev:     v0.0
2026-02-22T20:28:00Z I (443) efuse_init: Max chip rev:     v3.99 
2026-02-22T20:28:00Z I (447) efuse_init: Chip rev:         v3.1
2026-02-22T20:28:00Z I (451) heap_init: Initializing. RAM available for dynamic allocation:
2026-02-22T20:28:00Z I (457) heap_init: At 3FFAE6E0 len 00001920 (6 KiB): DRAM
2026-02-22T20:28:00Z I (462) heap_init: At 3FFB8170 len 00027E90 (159 KiB): DRAM
2026-02-22T20:28:00Z I (467) heap_init: At 3FFE0440 len 00003AE0 (14 KiB): D/IRAM
2026-02-22T20:28:00Z I (473) heap_init: At 3FFE4350 len 0001BCB0 (111 KiB): D/IRAM
2026-02-22T20:28:00Z I (478) heap_init: At 400994E0 len 00006B20 (26 KiB): IRAM
2026-02-22T20:28:00Z I (485) spi_flash: detected chip: generic
2026-02-22T20:28:00Z I (487) spi_flash: flash io: dio
2026-02-22T20:28:00Z W (490) i2c: This driver is an old driver, please migrate your application code to adapt `driver/i2c_master.h`
2026-02-22T20:28:00Z I (501) main_task: Started on CPU0
2026-02-22T20:28:00Z I (511) main_task: Calling app_main()
2026-02-22T20:28:00Z I (511) luce_boot: LUCE STAGE5
2026-02-22T20:28:00Z I (511) luce_boot: Build timestamp: Feb 22 2026 17:17:28
2026-02-22T20:28:00Z I (511) luce_boot: Project version: 0.0.0-stage0
2026-02-22T20:28:00Z I (511) luce_boot: Git SHA: placeholder
2026-02-22T20:28:00Z I (521) luce_boot: Reset reason: PANIC (4)
2026-02-22T20:28:00Z I (521) luce_boot: Chip: model=1 revision=301 cores=2
2026-02-22T20:28:00Z I (531) luce_boot: Features: WIFI BT BLE 
2026-02-22T20:28:00Z I (531) luce_boot: CPU frequency: 1061162184 MHz
2026-02-22T20:28:00Z I (531) luce_boot: Heap free: 278752 bytes
2026-02-22T20:28:00Z I (541) luce_boot: Heap min-free: 278752 bytes
2026-02-22T20:28:00Z I (541) luce_boot: Task watermark (current): 2092 words
2026-02-22T20:28:00Z I (551) luce_boot: App version: 2467f03-dirty
2026-02-22T20:28:00Z I (551) luce_boot: Project name: Luce
2026-02-22T20:28:00Z I (551) luce_boot: Secure version: 0
2026-02-22T20:28:00Z I (561) luce_boot: App compile time: 17:17:30 Feb 22 2026
2026-02-22T20:28:00Z I (561) luce_boot: ESP-IDF version: 5.5.0
2026-02-22T20:28:00Z I (571) luce_boot: ELF SHA256: 1c9ed7dff
2026-02-22T20:28:00Z I (571) luce_boot: Partition map:
2026-02-22T20:28:00Z I (571) luce_boot:   type=1 subtype=2 label=nvs offset=0x00009000 size=0x00006000
2026-02-22T20:28:00Z I (581) luce_boot:   type=1 subtype=1 label=phy_init offset=0x0000f000 size=0x00001000
2026-02-22T20:28:00Z I (591) luce_boot:   type=0 subtype=0 label=factory offset=0x00010000 size=0x00100000
2026-02-22T20:28:00Z 
2026-02-22T20:28:00Z assert failed: tlsf_free tlsf.c:630 (!block_is_free(block) && "block already marked as free")
2026-02-22T20:28:00Z 
2026-02-22T20:28:00Z 
2026-02-22T20:28:00Z Backtrace: 0x40082add:0x3ffba210 0x4008a1d9:0x3ffba230 0x40092129:0x3ffba250 0x4008f50f:0x3ffba370 0x4008f3b0:0x3ffba390 0x40083027:0x3ffba3b0 0x400921c5:0x3ffba3d0 0x400ddf25:0x3ffba3f0 0x400d3be9:0x3ffba410 0x400d53d7:0x3ffba440 0x4015deec:0x3ffba470 0x4008af99:0x3ffba4a0
2026-02-22T20:28:00Z 
2026-02-22T20:28:00Z 
2026-02-22T20:28:00Z 
2026-02-22T20:28:00Z 
2026-02-22T20:28:00Z ELF file SHA256: 1c9ed7dff
2026-02-22T20:28:00Z 
2026-02-22T20:28:00Z Rebooting...
2026-02-22T20:28:00Z ets Jul 29 2019 12:21:46
2026-02-22T20:28:00Z 
2026-02-22T20:28:00Z rst:0xc (SW_CPU_RESET),boot:0x13 (SPI_FAST_FLASH_BOOT)
2026-02-22T20:28:00Z configsip: 0, SPIWP:0xee
2026-02-22T20:28:00Z clk_drv:0x00,q_drv:0x00,d_drv:0x00,cs0_drv:0x00,hd_drv:0x00,wp_drv:0x00
2026-02-22T20:28:00Z mode:DIO, clock div:2
2026-02-22T20:28:00Z load:0x3fff0030,len:6380
2026-02-22T20:28:00Z ho 0 tail 12 room 4
2026-02-22T20:28:00Z load:0x40078000,len:15916
2026-02-22T20:28:00Z load:0x40080400,len:3860
2026-02-22T20:28:00Z entry 0x40080630
2026-02-22T20:28:00Z I (29) boot: ESP-IDF 5.5.0 2nd stage bootloader
2026-02-22T20:28:00Z I (29) boot: compile time Feb 22 2026 17:17:59
2026-02-22T20:28:00Z I (29) boot: Multicore bootloader
2026-02-22T20:28:00Z I (30) boot: chip revision: v3.1
2026-02-22T20:28:00Z I (33) boot.esp32: SPI Speed      : 40MHz
2026-02-22T20:28:00Z I (37) boot.esp32: SPI Mode       : DIO
2026-02-22T20:28:00Z I (40) boot.esp32: SPI Flash Size : 4MB
2026-02-22T20:28:00Z I (44) boot: Enabling RNG early entropy source...
2026-02-22T20:28:00Z I (49) boot: Partition Table:
2026-02-22T20:28:00Z I (51) boot: ## Label            Usage          Type ST Offset   Length
2026-02-22T20:28:00Z I (57) boot:  0 nvs              WiFi data        01 02 00009000 00006000
2026-02-22T20:28:00Z I (64) boot:  1 phy_init         RF data          01 01 0000f000 00001000
2026-02-22T20:28:00Z I (71) boot:  2 factory          factory app      00 00 00010000 00100000
2026-02-22T20:28:00Z I (77) boot: End of partition table
2026-02-22T20:28:00Z I (80) esp_image: segment 0: paddr=00010020 vaddr=3f400020 size=1d740h (120640) map
2026-02-22T20:28:00Z I (129) esp_image: segment 1: paddr=0002d768 vaddr=3ff80000 size=00020h (    32) load
2026-02-22T20:28:00Z I (129) esp_image: segment 2: paddr=0002d790 vaddr=3ffb0000 size=02888h ( 10376) load
2026-02-22T20:28:00Z I (137) esp_image: segment 3: paddr=00030020 vaddr=400d0020 size=90190h (590224) map
2026-02-22T20:28:00Z I (342) esp_image: segment 4: paddr=000c01b8 vaddr=3ffb2888 size=01784h (  6020) load
2026-02-22T20:28:00Z I (345) esp_image: segment 5: paddr=000c1944 vaddr=40080000 size=194e0h (103648) load
2026-02-22T20:28:00Z I (399) boot: Loaded app from partition at offset 0x10000
2026-02-22T20:28:00Z I (399) boot: Disabling RNG early entropy source...
2026-02-22T20:28:00Z I (409) cpu_start: Multicore app
2026-02-22T20:28:00Z I (418) cpu_start: Pro cpu start user code
2026-02-22T20:28:00Z I (418) cpu_start: cpu freq: 160000000 Hz
2026-02-22T20:28:00Z I (418) app_init: Application information:
2026-02-22T20:28:00Z I (418) app_init: Project name:     Luce
2026-02-22T20:28:00Z I (421) app_init: App version:      2467f03-dirty
2026-02-22T20:28:00Z I (426) app_init: Compile time:     Feb 22 2026 17:17:30
2026-02-22T20:28:00Z I (431) app_init: ELF file SHA256:  1c9ed7dff...
2026-02-22T20:28:00Z I (435) app_init: ESP-IDF:          5.5.0
2026-02-22T20:28:00Z I (439) efuse_init: Min chip rev:     v0.0
2026-02-22T20:28:00Z I (443) efuse_init: Max chip rev:     v3.99 
2026-02-22T20:28:00Z I (447) efuse_init: Chip rev:         v3.1
2026-02-22T20:28:00Z I (451) heap_init: Initializing. RAM available for dynamic allocation:
2026-02-22T20:28:00Z I (457) heap_init: At 3FFAE6E0 len 00001920 (6 KiB): DRAM
2026-02-22T20:28:00Z I (462) heap_init: At 3FFB8170 len 00027E90 (159 KiB): DRAM
2026-02-22T20:28:00Z I (467) heap_init: At 3FFE0440 len 00003AE0 (14 KiB): D/IRAM
2026-02-22T20:28:00Z I (473) heap_init: At 3FFE4350 len 0001BCB0 (111 KiB): D/IRAM
2026-02-22T20:28:00Z I (478) heap_init: At 400994E0 len 00006B20 (26 KiB): IRAM
2026-02-22T20:28:00Z I (485) spi_flash: detected chip: generic
2026-02-22T20:28:00Z I (487) spi_flash: flash io: dio
2026-02-22T20:28:00Z W (490) i2c: This driver is an old driver, please migrate your application code to adapt `driver/i2c_master.h`
2026-02-22T20:28:00Z I (501) main_task: Started on CPU0
2026-02-22T20:28:00Z I (511) main_task: Calling app_main()
2026-02-22T20:28:00Z I (511) luce_boot: LUCE STAGE5
2026-02-22T20:28:00Z I (511) luce_boot: Build timestamp: Feb 22 2026 17:17:28
2026-02-22T20:28:00Z I (511) luce_boot: Project version: 0.0.0-stage0
2026-02-22T20:28:00Z I (511) luce_boot: Git SHA: placeholder
2026-02-22T20:28:00Z I (521) luce_boot: Reset reason: PANIC (4)
2026-02-22T20:28:00Z I (521) luce_boot: Chip: model=1 revision=301 cores=2
2026-02-22T20:28:00Z I (531) luce_boot: Features: WIFI BT BLE 
2026-02-22T20:28:00Z I (531) luce_boot: CPU frequency: 1061162184 MHz
2026-02-22T20:28:00Z I (531) luce_boot: Heap free: 278752 bytes
2026-02-22T20:28:00Z I (541) luce_boot: Heap min-free: 278752 bytes
2026-02-22T20:28:00Z I (541) luce_boot: Task watermark (current): 2092 words
2026-02-22T20:28:00Z I (551) luce_boot: App version: 2467f03-dirty
2026-02-22T20:28:00Z I (551) luce_boot: Project name: Luce
2026-02-22T20:28:00Z I (551) luce_boot: Secure version: 0
2026-02-22T20:28:00Z I (561) luce_boot: App compile time: 17:17:30 Feb 22 2026
2026-02-22T20:28:00Z I (561) luce_boot: ESP-IDF version: 5.5.0
2026-02-22T20:28:00Z I (571) luce_boot: ELF SHA256: 1c9ed7dff
2026-02-22T20:28:00Z I (571) luce_boot: Partition map:
2026-02-22T20:28:00Z I (571) luce_boot:   type=1 subtype=2 label=nvs offset=0x00009000 size=0x00006000
2026-02-22T20:28:00Z I (581) luce_boot:   type=1 subtype=1 label=phy_init offset=0x0000f000 size=0x00001000
2026-02-22T20:28:00Z I (591) luce_boot:   type=0 subtype=0 label=factory offset=0x00010000 size=0x00100000
2026-02-22T20:28:00Z 
2026-02-22T20:28:00Z assert failed: tlsf_free tlsf.c:630 (!block_is_free(block) && "block already marked as free")
2026-02-22T20:28:00Z 
2026-02-22T20:28:00Z 
2026-02-22T20:28:00Z Backtrace: 0x40082add:0x3ffba210 0x4008a1d9:0x3ffba230 0x40092129:0x3ffba250 0x4008f50f:0x3ffba370 0x4008f3b0:0x3ffba390 0x40083027:0x3ffba3b0 0x400921c5:0x3ffba3d0 0x400ddf25:0x3ffba3f0 0x400d3be9:0x3ffba410 0x400d53d7:0x3ffba440 0x4015deec:0x3ffba470 0x4008af99:0x3ffba4a0
2026-02-22T20:28:00Z 
2026-02-22T20:28:00Z 
2026-02-22T20:28:00Z 
2026-02-22T20:28:00Z 
2026-02-22T20:28:00Z ELF file SHA256: 1c9ed7dff
2026-02-22T20:28:00Z 
2026-02-22T20:28:01Z Rebooting...
2026-02-22T20:28:01Z ets Jul 29 2019 12:21:46
2026-02-22T20:28:01Z 
2026-02-22T20:28:01Z rst:0xc (SW_CPU_RESET),boot:0x13 (SPI_FAST_FLASH_BOOT)
2026-02-22T20:28:01Z configsip: 0, SPIWP:0xee
2026-02-22T20:28:01Z clk_drv:0x00,q_drv:0x00,d_drv:0x00,cs0_drv:0x00,hd_drv:0x00,wp_drv:0x00
2026-02-22T20:28:01Z mode:DIO, clock div:2
2026-02-22T20:28:01Z load:0x3fff0030,len:6380
2026-02-22T20:28:01Z ho 0 tail 12 room 4
2026-02-22T20:28:01Z load:0x40078000,len:15916
2026-02-22T20:28:01Z load:0x40080400,len:3860
2026-02-22T20:28:01Z entry 0x40080630
2026-02-22T20:28:01Z I (29) boot: ESP-IDF 5.5.0 2nd stage bootloader
2026-02-22T20:28:01Z I (29) boot: compile time Feb 22 2026 17:17:59
2026-02-22T20:28:01Z I (29) boot: Multicore bootloader
2026-02-22T20:28:01Z I (30) boot: chip revision: v3.1
2026-02-22T20:28:01Z I (33) boot.esp32: SPI Speed      : 40MHz
2026-02-22T20:28:01Z I (37) boot.esp32: SPI Mode       : DIO
2026-02-22T20:28:01Z I (40) boot.esp32: SPI Flash Size : 4MB
2026-02-22T20:28:01Z I (44) boot: Enabling RNG early entropy source...
2026-02-22T20:28:01Z I (49) boot: Partition Table:
2026-02-22T20:28:01Z I (51) boot: ## Label            Usage          Type ST Offset   Length
2026-02-22T20:28:01Z I (57) boot:  0 nvs              WiFi data        01 02 00009000 00006000
2026-02-22T20:28:01Z I (64) boot:  1 phy_init         RF data          01 01 0000f000 00001000
2026-02-22T20:28:01Z I (71) boot:  2 factory          factory app      00 00 00010000 00100000
2026-02-22T20:28:01Z I (77) boot: End of partition table
2026-02-22T20:28:01Z I (80) esp_image: segment 0: paddr=00010020 vaddr=3f400020 size=1d740h (120640) map
2026-02-22T20:28:01Z I (129) esp_image: segment 1: paddr=0002d768 vaddr=3ff80000 size=00020h (    32) load
2026-02-22T20:28:01Z I (129) esp_image: segment 2: paddr=0002d790 vaddr=3ffb0000 size=02888h ( 10376) load
2026-02-22T20:28:01Z I (137) esp_image: segment 3: paddr=00030020 vaddr=400d0020 size=90190h (590224) map
2026-02-22T20:28:01Z I (342) esp_image: segment 4: paddr=000c01b8 vaddr=3ffb2888 size=01784h (  6020) load
2026-02-22T20:28:01Z I (345) esp_image: segment 5: paddr=000c1944 vaddr=40080000 size=194e0h (103648) load
2026-02-22T20:28:01Z I (399) boot: Loaded app from partition at offset 0x10000
2026-02-22T20:28:01Z I (399) boot: Disabling RNG early entropy source...
2026-02-22T20:28:01Z I (409) cpu_start: Multicore app
2026-02-22T20:28:01Z I (418) cpu_start: Pro cpu start user code
2026-02-22T20:28:01Z I (418) cpu_start: cpu freq: 160000000 Hz
2026-02-22T20:28:01Z I (418) app_init: Application information:
2026-02-22T20:28:01Z I (418) app_init: Project name:     Luce
2026-02-22T20:28:01Z I (421) app_init: App version:      2467f03-dirty
2026-02-22T20:28:01Z I (426) app_init: Compile time:     Feb 22 2026 17:17:30
2026-02-22T20:28:01Z I (431) app_init: ELF file SHA256:  1c9ed7dff...
2026-02-22T20:28:01Z I (435) app_init: ESP-IDF:          5.5.0
2026-02-22T20:28:01Z I (439) efuse_init: Min chip rev:     v0.0
2026-02-22T20:28:01Z I (443) efuse_init: Max chip rev:     v3.99 
2026-02-22T20:28:01Z I (447) efuse_init: Chip rev:         v3.1
2026-02-22T20:28:01Z I (451) heap_init: Initializing. RAM available for dynamic allocation:
2026-02-22T20:28:01Z I (457) heap_init: At 3FFAE6E0 len 00001920 (6 KiB): DRAM
2026-02-22T20:28:01Z I (462) heap_init: At 3FFB8170 len 00027E90 (159 KiB): DRAM
2026-02-22T20:28:01Z I (467) heap_init: At 3FFE0440 len 00003AE0 (14 KiB): D/IRAM
2026-02-22T20:28:01Z I (473) heap_init: At 3FFE4350 len 0001BCB0 (111 KiB): D/IRAM
2026-02-22T20:28:01Z I (478) heap_init: At 400994E0 len 00006B20 (26 KiB): IRAM
2026-02-22T20:28:01Z I (485) spi_flash: detected chip: generic
2026-02-22T20:28:01Z I (487) spi_flash: flash io: dio
2026-02-22T20:28:01Z W (490) i2c: This driver is an old driver, please migrate your application code to adapt `driver/i2c_master.h`
2026-02-22T20:28:01Z I (501) main_task: Started on CPU0
2026-02-22T20:28:01Z I (511) main_task: Calling app_main()
2026-02-22T20:28:01Z I (511) luce_boot: LUCE STAGE5
2026-02-22T20:28:01Z I (511) luce_boot: Build timestamp: Feb 22 2026 17:17:28
2026-02-22T20:28:01Z I (511) luce_boot: Project version: 0.0.0-stage0
2026-02-22T20:28:01Z I (511) luce_boot: Git SHA: placeholder
2026-02-22T20:28:01Z I (521) luce_boot: Reset reason: PANIC (4)
2026-02-22T20:28:01Z I (521) luce_boot: Chip: model=1 revision=301 cores=2
2026-02-22T20:28:01Z I (531) luce_boot: Features: WIFI BT BLE 
2026-02-22T20:28:01Z I (531) luce_boot: CPU frequency: 1061162184 MHz
2026-02-22T20:28:01Z I (531) luce_boot: Heap free: 278752 bytes
2026-02-22T20:28:01Z I (541) luce_boot: Heap min-free: 278752 bytes
2026-02-22T20:28:01Z I (541) luce_boot: Task watermark (current): 2092 words
2026-02-22T20:28:01Z I (551) luce_boot: App version: 2467f03-dirty
2026-02-22T20:28:01Z I (551) luce_boot: Project name: Luce
2026-02-22T20:28:01Z I (551) luce_boot: Secure version: 0
2026-02-22T20:28:01Z I (561) luce_boot: App compile time: 17:17:30 Feb 22 2026
2026-02-22T20:28:01Z I (561) luce_boot: ESP-IDF version: 5.5.0
2026-02-22T20:28:01Z I (571) luce_boot: ELF SHA256: 1c9ed7dff
2026-02-22T20:28:01Z I (571) luce_boot: Partition map:
2026-02-22T20:28:01Z I (571) luce_boot:   type=1 subtype=2 label=nvs offset=0x00009000 size=0x00006000
2026-02-22T20:28:01Z I (581) luce_boot:   type=1 subtype=1 label=phy_init offset=0x0000f000 size=0x00001000
2026-02-22T20:28:01Z I (591) luce_boot:   type=0 subtype=0 label=factory offset=0x00010000 size=0x00100000
2026-02-22T20:28:01Z 
2026-02-22T20:28:01Z assert failed: tlsf_free tlsf.c:630 (!block_is_free(block) && "block already marked as free")
2026-02-22T20:28:01Z 
2026-02-22T20:28:01Z 
2026-02-22T20:28:01Z Backtrace: 0x40082add:0x3ffba210 0x4008a1d9:0x3ffba230 0x40092129:0x3ffba250 0x4008f50f:0x3ffba370 0x4008f3b0:0x3ffba390 0x40083027:0x3ffba3b0 0x400921c5:0x3ffba3d0 0x400ddf25:0x3ffba3f0 0x400d3be9:0x3ffba410 0x400d53d7:0x3ffba440 0x4015deec:0x3ffba470 0x4008af99:0x3ffba4a0
2026-02-22T20:28:01Z 
2026-02-22T20:28:01Z 
2026-02-22T20:28:01Z 
2026-02-22T20:28:01Z 
2026-02-22T20:28:01Z ELF file SHA256: 1c9ed7dff
2026-02-22T20:28:01Z 
2026-02-22T20:28:01Z Rebooting...
2026-02-22T20:28:01Z ets Jul 29 2019 12:21:46
2026-02-22T20:28:01Z 
2026-02-22T20:28:01Z rst:0xc (SW_CPU_RESET),boot:0x13 (SPI_FAST_FLASH_BOOT)
2026-02-22T20:28:01Z configsip: 0, SPIWP:0xee
2026-02-22T20:28:01Z clk_drv:0x00,q_drv:0x00,d_drv:0x00,cs0_drv:0x00,hd_drv:0x00,wp_drv:0x00
2026-02-22T20:28:01Z mode:DIO, clock div:2
2026-02-22T20:28:01Z load:0x3fff0030,len:6380
2026-02-22T20:28:01Z ho 0 tail 12 room 4
2026-02-22T20:28:01Z load:0x40078000,len:15916
2026-02-22T20:28:01Z load:0x40080400,len:3860
2026-02-22T20:28:01Z entry 0x40080630
2026-02-22T20:28:01Z I (29) boot: ESP-IDF 5.5.0 2nd stage bootloader
2026-02-22T20:28:01Z I (29) boot: compile time Feb 22 2026 17:17:59
2026-02-22T20:28:01Z I (29) boot: Multicore bootloader
2026-02-22T20:28:01Z I (30) boot: chip revision: v3.1
2026-02-22T20:28:01Z I (33) boot.esp32: SPI Speed      : 40MHz
2026-02-22T20:28:01Z I (37) boot.esp32: SPI Mode       : DIO
2026-02-22T20:28:01Z I (40) boot.esp32: SPI Flash Size : 4MB
2026-02-22T20:28:01Z I (44) boot: Enabling RNG early entropy source...
2026-02-22T20:28:01Z I (49) boot: Partition Table:
2026-02-22T20:28:01Z I (51) boot: ## Label            Usage          Type ST Offset   Length
2026-02-22T20:28:01Z I (57) boot:  0 nvs              WiFi data        01 02 00009000 00006000
2026-02-22T20:28:01Z I (64) boot:  1 phy_init         RF data          01 01 0000f000 00001000
2026-02-22T20:28:01Z I (71) boot:  2 factory          factory app      00 00 00010000 00100000
2026-02-22T20:28:01Z I (77) boot: End of partition table
2026-02-22T20:28:01Z I (80) esp_image: segment 0: paddr=00010020 vaddr=3f400020 size=1d740h (120640) map
2026-02-22T20:28:01Z I (129) esp_image: segment 1: paddr=0002d768 vaddr=3ff80000 size=00020h (    32) load
2026-02-22T20:28:01Z I (129) esp_image: segment 2: paddr=0002d790 vaddr=3ffb0000 size=02888h ( 10376) load
2026-02-22T20:28:01Z I (137) esp_image: segment 3: paddr=00030020 vaddr=400d0020 size=90190h (590224) map
2026-02-22T20:28:01Z I (342) esp_image: segment 4: paddr=000c01b8 vaddr=3ffb2888 size=01784h (  6020) load
2026-02-22T20:28:02Z I (345) esp_image: segment 5: paddr=000c1944 vaddr=40080000 size=194e0h (103648) load
2026-02-22T20:28:02Z I (399) boot: Loaded app from partition at offset 0x10000
2026-02-22T20:28:02Z I (399) boot: Disabling RNG early entropy source...
2026-02-22T20:28:02Z I (409) cpu_start: Multicore app
2026-02-22T20:28:02Z I (417) cpu_start: Pro cpu start user code
2026-02-22T20:28:02Z I (418) cpu_start: cpu freq: 160000000 Hz
2026-02-22T20:28:02Z I (418) app_init: Application information:
2026-02-22T20:28:02Z I (418) app_init: Project name:     Luce
2026-02-22T20:28:02Z I (421) app_init: App version:      2467f03-dirty
2026-02-22T20:28:02Z I (426) app_init: Compile time:     Feb 22 2026 17:17:30
2026-02-22T20:28:02Z I (431) app_init: ELF file SHA256:  1c9ed7dff...
2026-02-22T20:28:02Z I (435) app_init: ESP-IDF:          5.5.0
2026-02-22T20:28:02Z I (439) efuse_init: Min chip rev:     v0.0
2026-02-22T20:28:02Z I (443) efuse_init: Max chip rev:     v3.99 
2026-02-22T20:28:02Z I (447) efuse_init: Chip rev:         v3.1
2026-02-22T20:28:02Z I (451) heap_init: Initializing. RAM available for dynamic allocation:
2026-02-22T20:28:02Z I (457) heap_init: At 3FFAE6E0 len 00001920 (6 KiB): DRAM
2026-02-22T20:28:02Z I (462) heap_init: At 3FFB8170 len 00027E90 (159 KiB): DRAM
2026-02-22T20:28:02Z I (467) heap_init: At 3FFE0440 len 00003AE0 (14 KiB): D/IRAM
2026-02-22T20:28:02Z I (473) heap_init: At 3FFE4350 len 0001BCB0 (111 KiB): D/IRAM
2026-02-22T20:28:02Z I (478) heap_init: At 400994E0 len 00006B20 (26 KiB): IRAM
2026-02-22T20:28:02Z I (485) spi_flash: detected chip: generic
2026-02-22T20:28:02Z I (487) spi_flash: flash io: dio
2026-02-22T20:28:02Z W (490) i2c: This driver is an old driver, please migrate your application code to adapt `driver/i2c_master.h`
2026-02-22T20:28:02Z I (501) main_task: Started on CPU0
2026-02-22T20:28:02Z I (511) main_task: Calling app_main()
2026-02-22T20:28:02Z I (511) luce_boot: LUCE STAGE5
2026-02-22T20:28:02Z I (511) luce_boot: Build timestamp: Feb 22 2026 17:17:28
2026-02-22T20:28:02Z I (511) luce_boot: Project version: 0.0.0-stage0
2026-02-22T20:28:02Z I (511) luce_boot: Git SHA: placeholder
2026-02-22T20:28:02Z I (521) luce_boot: Reset reason: PANIC (4)
2026-02-22T20:28:02Z I (521) luce_boot: Chip: model=1 revision=301 cores=2
2026-02-22T20:28:02Z I (531) luce_boot: Features: WIFI BT BLE 
2026-02-22T20:28:02Z I (531) luce_boot: CPU frequency: 1061162184 MHz
2026-02-22T20:28:02Z I (531) luce_boot: Heap free: 278752 bytes
2026-02-22T20:28:02Z I (541) luce_boot: Heap min-free: 278752 bytes
2026-02-22T20:28:02Z I (541) luce_boot: Task watermark (current): 2092 words
2026-02-22T20:28:02Z I (551) luce_boot: App version: 2467f03-dirty
2026-02-22T20:28:02Z I (551) luce_boot: Project name: Luce
2026-02-22T20:28:02Z I (551) luce_boot: Secure version: 0
2026-02-22T20:28:02Z I (561) luce_boot: App compile time: 17:17:30 Feb 22 2026
2026-02-22T20:28:02Z I (561) luce_boot: ESP-IDF version: 5.5.0
2026-02-22T20:28:02Z I (571) luce_boot: ELF SHA256: 1c9ed7dff
2026-02-22T20:28:02Z I (571) luce_boot: Partition map:
2026-02-22T20:28:02Z I (571) luce_boot:   type=1 subtype=2 label=nvs offset=0x00009000 size=0x00006000
2026-02-22T20:28:02Z I (581) luce_boot:   type=1 subtype=1 label=phy_init offset=0x0000f000 size=0x00001000
2026-02-22T20:28:02Z I (591) luce_boot:   type=0 subtype=0 label=factory offset=0x00010000 size=0x00100000
2026-02-22T20:28:02Z 
2026-02-22T20:28:02Z assert failed: tlsf_free tlsf.c:630 (!block_is_free(block) && "block already marked as free")
2026-02-22T20:28:02Z 
2026-02-22T20:28:02Z 
2026-02-22T20:28:02Z Backtrace: 0x40082add:0x3ffba210 0x4008a1d9:0x3ffba230 0x40092129:0x3ffba250 0x4008f50f:0x3ffba370 0x4008f3b0:0x3ffba390 0x40083027:0x3ffba3b0 0x400921c5:0x3ffba3d0 0x400ddf25:0x3ffba3f0 0x400d3be9:0x3ffba410 0x400d53d7:0x3ffba440 0x4015deec:0x3ffba470 0x4008af99:0x3ffba4a0
2026-02-22T20:28:02Z 
2026-02-22T20:28:02Z 
2026-02-22T20:28:02Z 
2026-02-22T20:28:02Z 
2026-02-22T20:28:02Z ELF file SHA256: 1c9ed7dff
2026-02-22T20:28:02Z 
2026-02-22T20:28:02Z Rebooting...
2026-02-22T20:28:02Z ets Jul 29 2019 12:21:46
2026-02-22T20:28:02Z 
2026-02-22T20:28:02Z rst:0xc (SW_CPU_RESET),boot:0x13 (SPI_FAST_FLASH_BOOT)
2026-02-22T20:28:02Z configsip: 0, SPIWP:0xee
2026-02-22T20:28:02Z clk_drv:0x00,q_drv:0x00,d_drv:0x00,cs0_drv:0x00,hd_drv:0x00,wp_drv:0x00
2026-02-22T20:28:02Z mode:DIO, clock div:2
2026-02-22T20:28:02Z load:0x3fff0030,len:6380
2026-02-22T20:28:02Z ho 0 tail 12 room 4
2026-02-22T20:28:02Z load:0x40078000,len:15916
2026-02-22T20:28:02Z load:0x40080400,len:3860
2026-02-22T20:28:02Z entry 0x40080630
2026-02-22T20:28:02Z I (29) boot: ESP-IDF 5.5.0 2nd stage bootloader
2026-02-22T20:28:02Z I (29) boot: compile time Feb 22 2026 17:17:59
2026-02-22T20:28:02Z I (29) boot: Multicore bootloader
2026-02-22T20:28:02Z I (30) boot: chip revision: v3.1
2026-02-22T20:28:02Z I (33) boot.esp32: SPI Speed      : 40MHz
2026-02-22T20:28:02Z I (37) boot.esp32: SPI Mode       : DIO
2026-02-22T20:28:02Z I (40) boot.esp32: SPI Flash Size : 4MB
2026-02-22T20:28:02Z I (44) boot: Enabling RNG early entropy source...
2026-02-22T20:28:02Z I (49) boot: Partition Table:
2026-02-22T20:28:02Z I (51) boot: ## Label            Usage          Type ST Offset   Length
2026-02-22T20:28:02Z I (57) boot:  0 nvs              WiFi data        01 02 00009000 00006000
2026-02-22T20:28:02Z I (64) boot:  1 phy_init         RF data          01 01 0000f000 00001000
2026-02-22T20:28:02Z I (71) boot:  2 factory          factory app      00 00 00010000 00100000
2026-02-22T20:28:02Z I (77) boot: End of partition table
2026-02-22T20:28:02Z I (80) esp_image: segment 0: paddr=00010020 vaddr=3f400020 size=1d740h (120640) map
2026-02-22T20:28:02Z I (129) esp_image: segment 1: paddr=0002d768 vaddr=3ff80000 size=00020h (    32) load
2026-02-22T20:28:02Z I (129) esp_image: segment 2: paddr=0002d790 vaddr=3ffb0000 size=02888h ( 10376) load
2026-02-22T20:28:02Z I (137) esp_image: segment 3: paddr=00030020 vaddr=400d0020 size=90190h (590224) map
2026-02-22T20:28:02Z I (342) esp_image: segment 4: paddr=000c01b8 vaddr=3ffb2888 size=01784h (  6020) load
2026-02-22T20:28:02Z I (345) esp_image: segment 5: paddr=000c1944 vaddr=40080000 size=194e0h (103648) load
2026-02-22T20:28:02Z I (399) boot: Loaded app from partition at offset 0x10000
2026-02-22T20:28:02Z I (399) boot: Disabling RNG early entropy source...
2026-02-22T20:28:02Z I (409) cpu_start: Multicore app
2026-02-22T20:28:02Z I (417) cpu_start: Pro cpu start user code
2026-02-22T20:28:02Z I (418) cpu_start: cpu freq: 160000000 Hz
2026-02-22T20:28:02Z I (418) app_init: Application information:
2026-02-22T20:28:02Z I (418) app_init: Project name:     Luce
2026-02-22T20:28:02Z I (421) app_init: App version:      2467f03-dirty
2026-02-22T20:28:02Z I (426) app_init: Compile time:     Feb 22 2026 17:17:30
2026-02-22T20:28:02Z I (431) app_init: ELF file SHA256:  1c9ed7dff...
2026-02-22T20:28:02Z I (435) app_init: ESP-IDF:          5.5.0
2026-02-22T20:28:02Z I (439) efuse_init: Min chip rev:     v0.0
2026-02-22T20:28:02Z I (443) efuse_init: Max chip rev:     v3.99 
2026-02-22T20:28:02Z I (447) efuse_init: Chip rev:         v3.1
2026-02-22T20:28:02Z I (451) heap_init: Initializing. RAM available for dynamic allocation:
2026-02-22T20:28:02Z I (457) heap_init: At 3FFAE6E0 len 00001920 (6 KiB): DRAM
2026-02-22T20:28:02Z I (462) heap_init: At 3FFB8170 len 00027E90 (159 KiB): DRAM
2026-02-22T20:28:02Z I (467) heap_init: At 3FFE0440 len 00003AE0 (14 KiB): D/IRAM
2026-02-22T20:28:02Z I (473) heap_init: At 3FFE4350 len 0001BCB0 (111 KiB): D/IRAM
2026-02-22T20:28:02Z I (478) heap_init: At 400994E0 len 00006B20 (26 KiB): IRAM
2026-02-22T20:28:02Z I (485) spi_flash: detected chip: generic
2026-02-22T20:28:02Z I (487) spi_flash: flash io: dio
2026-02-22T20:28:02Z W (490) i2c: This driver is an old driver, please migrate your application code to adapt `driver/i2c_master.h`
2026-02-22T20:28:02Z I (501) main_task: Started on CPU0
2026-02-22T20:28:02Z I (511) main_task: Calling app_main()
2026-02-22T20:28:02Z I (511) luce_boot: LUCE STAGE5
2026-02-22T20:28:02Z I (511) luce_boot: Build timestamp: Feb 22 2026 17:17:28
2026-02-22T20:28:02Z I (511) luce_boot: Project version: 0.0.0-stage0
2026-02-22T20:28:02Z I (511) luce_boot: Git SHA: placeholder
2026-02-22T20:28:02Z I (521) luce_boot: Reset reason: PANIC (4)
2026-02-22T20:28:02Z I (521) luce_boot: Chip: model=1 revision=301 cores=2
2026-02-22T20:28:02Z I (531) luce_boot: Features: WIFI BT BLE 
2026-02-22T20:28:02Z I (531) luce_boot: CPU frequency: 1061162184 MHz
2026-02-22T20:28:02Z I (531) luce_boot: Heap free: 278752 bytes
2026-02-22T20:28:02Z I (541) luce_boot: Heap min-free: 278752 bytes
2026-02-22T20:28:02Z I (541) luce_boot: Task watermark (current): 2092 words
2026-02-22T20:28:02Z I (551) luce_boot: App version: 2467f03-dirty
2026-02-22T20:28:02Z I (551) luce_boot: Project name: Luce
2026-02-22T20:28:02Z I (551) luce_boot: Secure version: 0
2026-02-22T20:28:02Z I (561) luce_boot: App compile time: 17:17:30 Feb 22 2026
2026-02-22T20:28:02Z I (561) luce_boot: ESP-IDF version: 5.5.0
2026-02-22T20:28:02Z I (571) luce_boot: ELF SHA256: 1c9ed7dff
2026-02-22T20:28:02Z I (571) luce_boot: Partition map:
2026-02-22T20:28:02Z I (571) luce_boot:   type=1 subtype=2 label=nvs offset=0x00009000 size=0x00006000
2026-02-22T20:28:02Z I (581) luce_boot:   type=1 subtype=1 label=phy_init offset=0x0000f000 size=0x00001000
2026-02-22T20:28:02Z I (591) luce_boot:   type=0 subtype=0 label=factory offset=0x00010000 size=0x00100000
2026-02-22T20:28:02Z 
2026-02-22T20:28:02Z assert failed: tlsf_free tlsf.c:630 (!block_is_free(block) && "block already marked as free")
2026-02-22T20:28:02Z 
2026-02-22T20:28:02Z 
2026-02-22T20:28:02Z Backtrace: 0x40082add:0x3ffba210 0x4008a1d9:0x3ffba230 0x40092129:0x3ffba250 0x4008f50f:0x3ffba370 0x4008f3b0:0x3ffba390 0x40083027:0x3ffba3b0 0x400921c5:0x3ffba3d0 0x400ddf25:0x3ffba3f0 0x400d3be9:0x3ffba410 0x400d53d7:0x3ffba440 0x4015deec:0x3ffba470 0x4008af99:0x3ffba4a0
2026-02-22T20:28:02Z 
2026-02-22T20:28:02Z 
2026-02-22T20:28:02Z 
2026-02-22T20:28:02Z 
2026-02-22T20:28:02Z ELF file SHA256: 1c9ed7dff
2026-02-22T20:28:02Z 
2026-02-22T20:28:02Z Rebooting...
2026-02-22T20:28:02Z ets Jul 29 2019 12:21:46
2026-02-22T20:28:02Z 
2026-02-22T20:28:02Z rst:0xc (SW_CPU_RESET),boot:0x13 (SPI_FAST_FLASH_BOOT)
2026-02-22T20:28:02Z configsip: 0, SPIWP:0xee
2026-02-22T20:28:02Z clk_drv:0x00,q_drv:0x00,d_drv:0x00,cs0_drv:0x00,hd_drv:0x00,wp_drv:0x00
2026-02-22T20:28:02Z mode:DIO, clock div:2
2026-02-22T20:28:02Z load:0x3fff0030,len:6380
2026-02-22T20:28:02Z ho 0 tail 12 room 4
2026-02-22T20:28:02Z load:0x40078000,len:15916
2026-02-22T20:28:02Z load:0x40080400,len:3860
2026-02-22T20:28:02Z entry 0x40080630
2026-02-22T20:28:02Z I (29) boot: ESP-IDF 5.5.0 2nd stage bootloader
2026-02-22T20:28:02Z I (29) boot: compile time Feb 22 2026 17:17:59
2026-02-22T20:28:02Z I (29) boot: Multicore bootloader
2026-02-22T20:28:02Z I (30) boot: chip revision: v3.1
2026-02-22T20:28:02Z I (33) boot.esp32: SPI Speed      : 40MHz
2026-02-22T20:28:03Z I (37) boot.esp32: SPI Mode       : DIO
2026-02-22T20:28:03Z I (40) boot.esp32: SPI Flash Size : 4MB
2026-02-22T20:28:03Z I (44) boot: Enabling RNG early entropy source...
2026-02-22T20:28:03Z I (49) boot: Partition Table:
2026-02-22T20:28:03Z I (51) boot: ## Label            Usage          Type ST Offset   Length
2026-02-22T20:28:03Z I (57) boot:  0 nvs              WiFi data        01 02 00009000 00006000
2026-02-22T20:28:03Z I (64) boot:  1 phy_init         RF data          01 01 0000f000 00001000
2026-02-22T20:28:03Z I (71) boot:  2 factory          factory app      00 00 00010000 00100000
2026-02-22T20:28:03Z I (77) boot: End of partition table
2026-02-22T20:28:03Z I (80) esp_image: segment 0: paddr=00010020 vaddr=3f400020 size=1d740h (120640) map
2026-02-22T20:28:03Z I (129) esp_image: segment 1: paddr=0002d768 vaddr=3ff80000 size=00020h (    32) load
2026-02-22T20:28:03Z I (129) esp_image: segment 2: paddr=0002d790 vaddr=3ffb0000 size=02888h ( 10376) load
2026-02-22T20:28:03Z I (137) esp_image: segment 3: paddr=00030020 vaddr=400d0020 size=90190h (590224) map
2026-02-22T20:28:03Z I (342) esp_image: segment 4: paddr=000c01b8 vaddr=3ffb2888 size=01784h (  6020) load
2026-02-22T20:28:03Z I (345) esp_image: segment 5: paddr=000c1944 vaddr=40080000 size=194e0h (103648) load
2026-02-22T20:28:03Z I (399) boot: Loaded app from partition at offset 0x10000
2026-02-22T20:28:03Z I (399) boot: Disabling RNG early entropy source...
2026-02-22T20:28:03Z I (409) cpu_start: Multicore app
2026-02-22T20:28:03Z I (418) cpu_start: Pro cpu start user code
2026-02-22T20:28:03Z I (418) cpu_start: cpu freq: 160000000 Hz
2026-02-22T20:28:03Z I (418) app_init: Application information:
2026-02-22T20:28:03Z I (418) app_init: Project name:     Luce
2026-02-22T20:28:03Z I (421) app_init: App version:      2467f03-dirty
2026-02-22T20:28:03Z I (426) app_init: Compile time:     Feb 22 2026 17:17:30
2026-02-22T20:28:03Z I (431) app_init: ELF file SHA256:  1c9ed7dff...
2026-02-22T20:28:03Z I (435) app_init: ESP-IDF:          5.5.0
2026-02-22T20:28:03Z I (439) efuse_init: Min chip rev:     v0.0
2026-02-22T20:28:03Z I (443) efuse_init: Max chip rev:     v3.99 
2026-02-22T20:28:03Z I (447) efuse_init: Chip rev:         v3.1
2026-02-22T20:28:03Z I (451) heap_init: Initializing. RAM available for dynamic allocation:
2026-02-22T20:28:03Z I (457) heap_init: At 3FFAE6E0 len 00001920 (6 KiB): DRAM
2026-02-22T20:28:03Z I (462) heap_init: At 3FFB8170 len 00027E90 (159 KiB): DRAM
2026-02-22T20:28:03Z I (467) heap_init: At 3FFE0440 len 00003AE0 (14 KiB): D/IRAM
2026-02-22T20:28:03Z I (473) heap_init: At 3FFE4350 len 0001BCB0 (111 KiB): D/IRAM
2026-02-22T20:28:03Z I (478) heap_init: At 400994E0 len 00006B20 (26 KiB): IRAM
2026-02-22T20:28:03Z I (485) spi_flash: detected chip: generic
2026-02-22T20:28:03Z I (487) spi_flash: flash io: dio
2026-02-22T20:28:03Z W (490) i2c: This driver is an old driver, please migrate your application code to adapt `driver/i2c_master.h`
2026-02-22T20:28:03Z I (501) main_task: Started on CPU0
2026-02-22T20:28:03Z I (511) main_task: Calling app_main()
2026-02-22T20:28:03Z I (511) luce_boot: LUCE STAGE5
2026-02-22T20:28:03Z I (511) luce_boot: Build timestamp: Feb 22 2026 17:17:28
2026-02-22T20:28:03Z I (511) luce_boot: Project version: 0.0.0-stage0
2026-02-22T20:28:03Z I (511) luce_boot: Git SHA: placeholder
2026-02-22T20:28:03Z I (521) luce_boot: Reset reason: PANIC (4)
2026-02-22T20:28:03Z I (521) luce_boot: Chip: model=1 revision=301 cores=2
2026-02-22T20:28:03Z I (531) luce_boot: Features: WIFI BT BLE 
2026-02-22T20:28:03Z I (531) luce_boot: CPU frequency: 1061162184 MHz
2026-02-22T20:28:03Z I (531) luce_boot: Heap free: 278752 bytes
2026-02-22T20:28:03Z I (541) luce_boot: Heap min-free: 278752 bytes
2026-02-22T20:28:03Z I (541) luce_boot: Task watermark (current): 2092 words
2026-02-22T20:28:03Z I (551) luce_boot: App version: 2467f03-dirty
2026-02-22T20:28:03Z I (551) luce_boot: Project name: Luce
2026-02-22T20:28:03Z I (551) luce_boot: Secure version: 0
2026-02-22T20:28:03Z I (561) luce_boot: App compile time: 17:17:30 Feb 22 2026
2026-02-22T20:28:03Z I (561) luce_boot: ESP-IDF version: 5.5.0
2026-02-22T20:28:03Z I (571) luce_boot: ELF SHA256: 1c9ed7dff
2026-02-22T20:28:03Z I (571) luce_boot: Partition map:
2026-02-22T20:28:03Z I (571) luce_boot:   type=1 subtype=2 label=nvs offset=0x00009000 size=0x00006000
2026-02-22T20:28:03Z I (581) luce_boot:   type=1 subtype=1 label=phy_init offset=0x0000f000 size=0x00001000
2026-02-22T20:28:03Z I (591) luce_boot:   type=0 subtype=0 label=factory offset=0x00010000 size=0x00100000
2026-02-22T20:28:03Z 
2026-02-22T20:28:03Z assert failed: tlsf_free tlsf.c:630 (!block_is_free(block) && "block already marked as free")
2026-02-22T20:28:03Z 
2026-02-22T20:28:03Z 
2026-02-22T20:28:03Z Backtrace: 0x40082add:0x3ffba210 0x4008a1d9:0x3ffba230 0x40092129:0x3ffba250 0x4008f50f:0x3ffba370 0x4008f3b0:0x3ffba390 0x40083027:0x3ffba3b0 0x400921c5:0x3ffba3d0 0x400ddf25:0x3ffba3f0 0x400d3be9:0x3ffba410 0x400d53d7:0x3ffba440 0x4015deec:0x3ffba470 0x4008af99:0x3ffba4a0
2026-02-22T20:28:03Z 
2026-02-22T20:28:03Z 
2026-02-22T20:28:03Z 
2026-02-22T20:28:03Z 
2026-02-22T20:28:03Z ELF file SHA256: 1c9ed7dff
2026-02-22T20:28:03Z 
2026-02-22T20:28:03Z Rebooting...
2026-02-22T20:28:03Z ets Jul 29 2019 12:21:46
2026-02-22T20:28:03Z 
2026-02-22T20:28:03Z rst:0xc (SW_CPU_RESET),boot:0x13 (SPI_FAST_FLASH_BOOT)
2026-02-22T20:28:03Z configsip: 0, SPIWP:0xee
2026-02-22T20:28:03Z clk_drv:0x00,q_drv:0x00,d_drv:0x00,cs0_drv:0x00,hd_drv:0x00,wp_drv:0x00
2026-02-22T20:28:03Z mode:DIO, clock div:2
2026-02-22T20:28:03Z load:0x3fff0030,len:6380
2026-02-22T20:28:03Z ho 0 tail 12 room 4
2026-02-22T20:28:03Z load:0x40078000,len:15916
2026-02-22T20:28:03Z load:0x40080400,len:3860
2026-02-22T20:28:03Z entry 0x40080630
2026-02-22T20:28:03Z I (29) boot: ESP-IDF 5.5.0 2nd stage bootloader
2026-02-22T20:28:03Z I (29) boot: compile time Feb 22 2026 17:17:59
2026-02-22T20:28:03Z I (29) boot: Multicore bootloader
2026-02-22T20:28:03Z I (30) boot: chip revision: v3.1
2026-02-22T20:28:03Z I (33) boot.esp32: SPI Speed      : 40MHz
2026-02-22T20:28:03Z I (37) boot.esp32: SPI Mode       : DIO
2026-02-22T20:28:03Z I (40) boot.esp32: SPI Flash Size : 4MB
2026-02-22T20:28:03Z I (44) boot: Enabling RNG early entropy source...
2026-02-22T20:28:03Z I (49) boot: Partition Table:
2026-02-22T20:28:03Z I (51) boot: ## Label            Usage          Type ST Offset   Length
2026-02-22T20:28:03Z I (57) boot:  0 nvs              WiFi data        01 02 00009000 00006000
2026-02-22T20:28:03Z I (64) boot:  1 phy_init         RF data          01 01 0000f000 00001000
2026-02-22T20:28:03Z I (71) boot:  2 factory          factory app      00 00 00010000 00100000
2026-02-22T20:28:03Z I (77) boot: End of partition table
2026-02-22T20:28:03Z I (80) esp_image: segment 0: paddr=00010020 vaddr=3f400020 size=1d740h (120640) map
2026-02-22T20:28:03Z I (129) esp_image: segment 1: paddr=0002d768 vaddr=3ff80000 size=00020h (    32) load
2026-02-22T20:28:03Z I (129) esp_image: segment 2: paddr=0002d790 vaddr=3ffb0000 size=02888h ( 10376) load
2026-02-22T20:28:03Z I (137) esp_image: segment 3: paddr=00030020 vaddr=400d0020 size=90190h (590224) map
2026-02-22T20:28:03Z I (342) esp_image: segment 4: paddr=000c01b8 vaddr=3ffb2888 size=01784h (  6020) load
2026-02-22T20:28:03Z I (345) esp_image: segment 5: paddr=000c1944 vaddr=40080000 size=194e0h (103648) load
2026-02-22T20:28:03Z I (399) boot: Loaded app from partition at offset 0x10000
2026-02-22T20:28:04Z I (399) boot: Disabling RNG early entropy source...
2026-02-22T20:28:04Z I (409) cpu_start: Multicore app
2026-02-22T20:28:04Z I (418) cpu_start: Pro cpu start user code
2026-02-22T20:28:04Z I (418) cpu_start: cpu freq: 160000000 Hz
2026-02-22T20:28:04Z I (418) app_init: Application information:
2026-02-22T20:28:04Z I (418) app_init: Project name:     Luce
2026-02-22T20:28:04Z I (421) app_init: App version:      2467f03-dirty
2026-02-22T20:28:04Z I (426) app_init: Compile time:     Feb 22 2026 17:17:30
2026-02-22T20:28:04Z I (431) app_init: ELF file SHA256:  1c9ed7dff...
2026-02-22T20:28:04Z I (435) app_init: ESP-IDF:          5.5.0
2026-02-22T20:28:04Z I (439) efuse_init: Min chip rev:     v0.0
2026-02-22T20:28:04Z I (443) efuse_init: Max chip rev:     v3.99 
2026-02-22T20:28:04Z I (447) efuse_init: Chip rev:         v3.1
2026-02-22T20:28:04Z I (451) heap_init: Initializing. RAM available for dynamic allocation:
2026-02-22T20:28:04Z I (457) heap_init: At 3FFAE6E0 len 00001920 (6 KiB): DRAM
2026-02-22T20:28:04Z I (462) heap_init: At 3FFB8170 len 00027E90 (159 KiB): DRAM
2026-02-22T20:28:04Z I (467) heap_init: At 3FFE0440 len 00003AE0 (14 KiB): D/IRAM
2026-02-22T20:28:04Z I (473) heap_init: At 3FFE4350 len 0001BCB0 (111 KiB): D/IRAM
2026-02-22T20:28:04Z I (478) heap_init: At 400994E0 len 00006B20 (26 KiB): IRAM
2026-02-22T20:28:04Z I (485) spi_flash: detected chip: generic
2026-02-22T20:28:04Z I (487) spi_flash: flash io: dio
2026-02-22T20:28:04Z W (490) i2c: This driver is an old driver, please migrate your application code to adapt `driver/i2c_master.h`
2026-02-22T20:28:04Z I (501) main_task: Started on CPU0
2026-02-22T20:28:04Z I (511) main_task: Calling app_main()
2026-02-22T20:28:04Z I (511) luce_boot: LUCE STAGE5
2026-02-22T20:28:04Z I (511) luce_boot: Build timestamp: Feb 22 2026 17:17:28
2026-02-22T20:28:04Z I (511) luce_boot: Project version: 0.0.0-stage0
2026-02-22T20:28:04Z I (511) luce_boot: Git SHA: placeholder
2026-02-22T20:28:04Z I (521) luce_boot: Reset reason: PANIC (4)
2026-02-22T20:28:04Z I (521) luce_boot: Chip: model=1 revision=301 cores=2
2026-02-22T20:28:04Z I (531) luce_boot: Features: WIFI BT BLE 
2026-02-22T20:28:04Z I (531) luce_boot: CPU frequency: 1061162184 MHz
2026-02-22T20:28:04Z I (531) luce_boot: Heap free: 278752 bytes
2026-02-22T20:28:04Z I (541) luce_boot: Heap min-free: 278752 bytes
2026-02-22T20:28:04Z I (541) luce_boot: Task watermark (current): 2092 words
2026-02-22T20:28:04Z I (551) luce_boot: App version: 2467f03-dirty
2026-02-22T20:28:04Z I (551) luce_boot: Project name: Luce
2026-02-22T20:28:04Z I (551) luce_boot: Secure version: 0
2026-02-22T20:28:04Z I (561) luce_boot: App compile time: 17:17:30 Feb 22 2026
2026-02-22T20:28:04Z I (561) luce_boot: ESP-IDF version: 5.5.0
2026-02-22T20:28:04Z I (571) luce_boot: ELF SHA256: 1c9ed7dff
2026-02-22T20:28:04Z I (571) luce_boot: Partition map:
2026-02-22T20:28:04Z I (571) luce_boot:   type=1 subtype=2 label=nvs offset=0x00009000 size=0x00006000
2026-02-22T20:28:04Z I (581) luce_boot:   type=1 subtype=1 label=phy_init offset=0x0000f000 size=0x00001000
2026-02-22T20:28:04Z I (591) luce_boot:   type=0 subtype=0 label=factory offset=0x00010000 size=0x00100000
2026-02-22T20:28:04Z 
2026-02-22T20:28:04Z assert failed: tlsf_free tlsf.c:630 (!block_is_free(block) && "block already marked as free")
2026-02-22T20:28:04Z 
2026-02-22T20:28:04Z 
2026-02-22T20:28:04Z Backtrace: 0x40082add:0x3ffba210 0x4008a1d9:0x3ffba230 0x40092129:0x3ffba250 0x4008f50f:0x3ffba370 0x4008f3b0:0x3ffba390 0x40083027:0x3ffba3b0 0x400921c5:0x3ffba3d0 0x400ddf25:0x3ffba3f0 0x400d3be9:0x3ffba410 0x400d53d7:0x3ffba440 0x4015deec:0x3ffba470 0x4008af99:0x3ffba4a0
2026-02-22T20:28:04Z 
2026-02-22T20:28:04Z 
2026-02-22T20:28:04Z 
2026-02-22T20:28:04Z 
2026-02-22T20:28:04Z ELF file SHA256: 1c9ed7dff
2026-02-22T20:28:04Z 
2026-02-22T20:28:04Z Rebooting...
2026-02-22T20:28:04Z ets Jul 29 2019 12:21:46
2026-02-22T20:28:04Z 
2026-02-22T20:28:04Z rst:0xc (SW_CPU_RESET),boot:0x13 (SPI_FAST_FLASH_BOOT)
2026-02-22T20:28:04Z configsip: 0, SPIWP:0xee
2026-02-22T20:28:04Z clk_drv:0x00,q_drv:0x00,d_drv:0x00,cs0_drv:0x00,hd_drv:0x00,wp_drv:0x00
2026-02-22T20:28:04Z mode:DIO, clock div:2
2026-02-22T20:28:04Z load:0x3fff0030,len:6380
2026-02-22T20:28:04Z ho 0 tail 12 room 4
2026-02-22T20:28:04Z load:0x40078000,len:15916
2026-02-22T20:28:04Z load:0x40080400,len:3860
2026-02-22T20:28:04Z entry 0x40080630
2026-02-22T20:28:04Z I (29) boot: ESP-IDF 5.5.0 2nd stage bootloader
2026-02-22T20:28:04Z I (29) boot: compile time Feb 22 2026 17:17:59
2026-02-22T20:28:04Z I (29) boot: Multicore bootloader
2026-02-22T20:28:04Z I (30) boot: chip revision: v3.1
2026-02-22T20:28:04Z I (33) boot.esp32: SPI Speed      : 40MHz
2026-02-22T20:28:04Z I (37) boot.esp32: SPI Mode       : DIO
2026-02-22T20:28:04Z I (40) boot.esp32: SPI Flash Size : 4MB
2026-02-22T20:28:04Z I (44) boot: Enabling RNG early entropy source...
2026-02-22T20:28:04Z I (49) boot: Partition Table:
2026-02-22T20:28:04Z I (51) boot: ## Label            Usage          Type ST Offset   Length
2026-02-22T20:28:04Z I (57) boot:  0 nvs              WiFi data        01 02 00009000 00006000
2026-02-22T20:28:04Z I (64) boot:  1 phy_init         RF data          01 01 0000f000 00001000
2026-02-22T20:28:04Z I (71) boot:  2 factory          factory app      00 00 00010000 00100000
2026-02-22T20:28:04Z I (77) boot: End of partition table
2026-02-22T20:28:04Z I (80) esp_image: segment 0: paddr=00010020 vaddr=3f400020 size=1d740h (120640) map
2026-02-22T20:28:04Z I (129) esp_image: segment 1: paddr=0002d768 vaddr=3ff80000 size=00020h (    32) load
2026-02-22T20:28:04Z I (129) esp_image: segment 2: paddr=0002d790 vaddr=3ffb0000 size=02888h ( 10376) load
2026-02-22T20:28:04Z I (137) esp_image: segment 3: paddr=00030020 vaddr=400d0020 size=90190h (590224) map
2026-02-22T20:28:04Z I (342) esp_image: segment 4: paddr=000c01b8 vaddr=3ffb2888 size=01784h (  6020) load
2026-02-22T20:28:04Z I (345) esp_image: segment 5: paddr=000c1944 vaddr=40080000 size=194e0h (103648) load
2026-02-22T20:28:04Z I (399) boot: Loaded app from partition at offset 0x10000
2026-02-22T20:28:04Z I (399) boot: Disabling RNG early entropy source...
2026-02-22T20:28:04Z I (409) cpu_start: Multicore app
2026-02-22T20:28:04Z I (418) cpu_start: Pro cpu start user code
2026-02-22T20:28:04Z I (418) cpu_start: cpu freq: 160000000 Hz
2026-02-22T20:28:04Z I (418) app_init: Application information:
2026-02-22T20:28:04Z I (418) app_init: Project name:     Luce
2026-02-22T20:28:04Z I (421) app_init: App version:      2467f03-dirty
2026-02-22T20:28:04Z I (426) app_init: Compile time:     Feb 22 2026 17:17:30
2026-02-22T20:28:04Z I (431) app_init: ELF file SHA256:  1c9ed7dff...
2026-02-22T20:28:04Z I (435) app_init: ESP-IDF:          5.5.0
2026-02-22T20:28:04Z I (439) efuse_init: Min chip rev:     v0.0
2026-02-22T20:28:04Z I (443) efuse_init: Max chip rev:     v3.99 
2026-02-22T20:28:04Z I (447) efuse_init: Chip rev:         v3.1
2026-02-22T20:28:04Z I (451) heap_init: Initializing. RAM available for dynamic allocation:
2026-02-22T20:28:04Z I (457) heap_init: At 3FFAE6E0 len 00001920 (6 KiB): DRAM
2026-02-22T20:28:04Z I (462) heap_init: At 3FFB8170 len 00027E90 (159 KiB): DRAM
2026-02-22T20:28:04Z I (467) heap_init: At 3FFE0440 len 00003AE0 (14 KiB): D/IRAM
2026-02-22T20:28:04Z I (473) heap_init: At 3FFE4350 len 0001BCB0 (111 KiB): D/IRAM
2026-02-22T20:28:04Z I (478) heap_init: At 400994E0 len 00006B20 (26 KiB): IRAM
2026-02-22T20:28:04Z I (485) spi_flash: detected chip: generic
2026-02-22T20:28:04Z I (487) spi_flash: flash io: dio
2026-02-22T20:28:04Z W (490) i2c: This driver is an old driver, please migrate your application code to adapt `driver/i2c_master.h`
2026-02-22T20:28:04Z I (501) main_task: Started on CPU0
2026-02-22T20:28:04Z I (511) main_task: Calling app_main()
2026-02-22T20:28:04Z I (511) luce_boot: LUCE STAGE5
2026-02-22T20:28:04Z I (511) luce_boot: Build timestamp: Feb 22 2026 17:17:28
2026-02-22T20:28:04Z I (511) luce_boot: Project version: 0.0.0-stage0
2026-02-22T20:28:04Z I (511) luce_boot: Git SHA: placeholder
2026-02-22T20:28:04Z I (521) luce_boot: Reset reason: PANIC (4)
2026-02-22T20:28:04Z I (521) luce_boot: Chip: model=1 revision=301 cores=2
2026-02-22T20:28:04Z I (531) luce_boot: Features: WIFI BT BLE 
2026-02-22T20:28:04Z I (531) luce_boot: CPU frequency: 1061162184 MHz
2026-02-22T20:28:04Z I (531) luce_boot: Heap free: 278752 bytes
2026-02-22T20:28:04Z I (541) luce_boot: Heap min-free: 278752 bytes
2026-02-22T20:28:04Z I (541) luce_boot: Task watermark (current): 2092 words
2026-02-22T20:28:04Z I (551) luce_boot: App version: 2467f03-dirty
2026-02-22T20:28:04Z I (551) luce_boot: Project name: Luce
2026-02-22T20:28:04Z I (551) luce_boot: Secure version: 0
2026-02-22T20:28:04Z I (561) luce_boot: App compile time: 17:17:30 Feb 22 2026
2026-02-22T20:28:04Z I (561) luce_boot: ESP-IDF version: 5.5.0
2026-02-22T20:28:04Z I (571) luce_boot: ELF SHA256: 1c9ed7dff
2026-02-22T20:28:04Z I (571) luce_boot: Partition map:
2026-02-22T20:28:04Z I (571) luce_boot:   type=1 subtype=2 label=nvs offset=0x00009000 size=0x00006000
2026-02-22T20:28:04Z I (581) luce_boot:   type=1 subtype=1 label=phy_init offset=0x0000f000 size=0x00001000
2026-02-22T20:28:04Z I (591) luce_boot:   type=0 subtype=0 label=factory offset=0x00010000 size=0x00100000
2026-02-22T20:28:04Z 
2026-02-22T20:28:04Z assert failed: tlsf_free tlsf.c:630 (!block_is_free(block) && "block already marked as free")
2026-02-22T20:28:04Z 
2026-02-22T20:28:04Z 
2026-02-22T20:28:04Z Backtrace: 0x40082add:0x3ffba210 0x4008a1d9:0x3ffba230 0x40092129:0x3ffba250 0x4008f50f:0x3ffba370 0x4008f3b0:0x3ffba390 0x40083027:0x3ffba3b0 0x400921c5:0x3ffba3d0 0x400ddf25:0x3ffba3f0 0x400d3be9:0x3ffba410 0x400d53d7:0x3ffba440 0x4015deec:0x3ffba470 0x4008af99:0x3ffba4a0
2026-02-22T20:28:04Z 
2026-02-22T20:28:04Z 
2026-02-22T20:28:04Z 
2026-02-22T20:28:04Z 
2026-02-22T20:28:04Z ELF file SHA256: 1c9ed7dff
2026-02-22T20:28:04Z 
2026-02-22T20:28:04Z Rebooting...
2026-02-22T20:28:04Z ets Jul 29 2019 12:21:46
2026-02-22T20:28:04Z 
2026-02-22T20:28:04Z rst:0xc (SW_CPU_RESET),boot:0x13 (SPI_FAST_FLASH_BOOT)
2026-02-22T20:28:04Z configsip: 0, SPIWP:0xee
2026-02-22T20:28:04Z clk_drv:0x00,q_drv:0x00,d_drv:0x00,cs0_drv:0x00,hd_drv:0x00,wp_drv:0x00
2026-02-22T20:28:04Z mode:DIO, clock div:2
2026-02-22T20:28:04Z load:0x3fff0030,len:6380
2026-02-22T20:28:04Z ho 0 tail 12 room 4
2026-02-22T20:28:04Z load:0x40078000,len:15916
2026-02-22T20:28:04Z load:0x40080400,len:3860
2026-02-22T20:28:04Z entry 0x40080630
2026-02-22T20:28:04Z I (29) boot: ESP-IDF 5.5.0 2nd stage bootloader
2026-02-22T20:28:04Z I (29) boot: compile time Feb 22 2026 17:17:59
2026-02-22T20:28:04Z I (29) boot: Multicore bootloader
2026-02-22T20:28:04Z I (30) boot: chip revision: v3.1
2026-02-22T20:28:04Z I (33) boot.esp32: SPI Speed      : 40MHz
2026-02-22T20:28:04Z I (37) boot.esp32: SPI Mode       : DIO
2026-02-22T20:28:04Z I (40) boot.esp32: SPI Flash Size : 4MB
2026-02-22T20:28:04Z I (44) boot: Enabling RNG early entropy source...
2026-02-22T20:28:04Z I (49) boot: Partition Table:
2026-02-22T20:28:04Z I (51) boot: ## Label            Usage          Type ST Offset   Length
2026-02-22T20:28:04Z I (57) boot:  0 nvs              WiFi data        01 02 00009000 00006000
2026-02-22T20:28:04Z I (64) boot:  1 phy_init         RF data          01 01 0000f000 00001000
2026-02-22T20:28:04Z I (71) boot:  2 factory          factory app      00 00 00010000 00100000
2026-02-22T20:28:04Z I (77) boot: End of partition table
2026-02-22T20:28:04Z I (80) esp_image: segment 0: paddr=00010020 vaddr=3f400020 size=1d740h (120640) map
2026-02-22T20:28:05Z I (129) esp_image: segment 1: paddr=0002d768 vaddr=3ff80000 size=00020h (    32) load
2026-02-22T20:28:05Z I (129) esp_image: segment 2: paddr=0002d790 vaddr=3ffb0000 size=02888h ( 10376) load
2026-02-22T20:28:05Z I (137) esp_image: segment 3: paddr=00030020 vaddr=400d0020 size=90190h (590224) map
2026-02-22T20:28:05Z I (342) esp_image: segment 4: paddr=000c01b8 vaddr=3ffb2888 size=01784h (  6020) load
2026-02-22T20:28:05Z I (345) esp_image: segment 5: paddr=000c1944 vaddr=40080000 size=194e0h (103648) load
2026-02-22T20:28:05Z I (399) boot: Loaded app from partition at offset 0x10000
2026-02-22T20:28:05Z I (399) boot: Disabling RNG early entropy source...
2026-02-22T20:28:05Z I (409) cpu_start: Multicore app
2026-02-22T20:28:05Z I (417) cpu_start: Pro cpu start user code
2026-02-22T20:28:05Z I (418) cpu_start: cpu freq: 160000000 Hz
2026-02-22T20:28:05Z I (418) app_init: Application information:
2026-02-22T20:28:05Z I (418) app_init: Project name:     Luce
2026-02-22T20:28:05Z I (421) app_init: App version:      2467f03-dirty
2026-02-22T20:28:05Z I (426) app_init: Compile time:     Feb 22 2026 17:17:30
2026-02-22T20:28:05Z I (431) app_init: ELF file SHA256:  1c9ed7dff...
2026-02-22T20:28:05Z I (435) app_init: ESP-IDF:          5.5.0
2026-02-22T20:28:05Z I (439) efuse_init: Min chip rev:     v0.0
2026-02-22T20:28:05Z I (443) efuse_init: Max chip rev:     v3.99 
2026-02-22T20:28:05Z I (447) efuse_init: Chip rev:         v3.1
2026-02-22T20:28:05Z I (451) heap_init: Initializing. RAM available for dynamic allocation:
2026-02-22T20:28:05Z I (457) heap_init: At 3FFAE6E0 len 00001920 (6 KiB): DRAM
2026-02-22T20:28:05Z I (462) heap_init: At 3FFB8170 len 00027E90 (159 KiB): DRAM
2026-02-22T20:28:05Z I (467) heap_init: At 3FFE0440 len 00003AE0 (14 KiB): D/IRAM
2026-02-22T20:28:05Z I (473) heap_init: At 3FFE4350 len 0001BCB0 (111 KiB): D/IRAM
2026-02-22T20:28:05Z I (478) heap_init: At 400994E0 len 00006B20 (26 KiB): IRAM
2026-02-22T20:28:05Z I (485) spi_flash: detected chip: generic
2026-02-22T20:28:05Z I (487) spi_flash: flash io: dio
2026-02-22T20:28:05Z W (490) i2c: This driver is an old driver, please migrate your application code to adapt `driver/i2c_master.h`
2026-02-22T20:28:05Z I (501) main_task: Started on CPU0
2026-02-22T20:28:05Z I (511) main_task: Calling app_main()
2026-02-22T20:28:05Z I (511) luce_boot: LUCE STAGE5
2026-02-22T20:28:05Z I (511) luce_boot: Build timestamp: Feb 22 2026 17:17:28
2026-02-22T20:28:05Z I (511) luce_boot: Project version: 0.0.0-stage0
2026-02-22T20:28:05Z I (511) luce_boot: Git SHA: placeholder
2026-02-22T20:28:05Z I (521) luce_boot: Reset reason: PANIC (4)
2026-02-22T20:28:05Z I (521) luce_boot: Chip: model=1 revision=301 cores=2
2026-02-22T20:28:05Z I (531) luce_boot: Features: WIFI BT BLE 
2026-02-22T20:28:05Z I (531) luce_boot: CPU frequency: 1061162184 MHz
2026-02-22T20:28:05Z I (531) luce_boot: Heap free: 278752 bytes
2026-02-22T20:28:05Z I (541) luce_boot: Heap min-free: 278752 bytes
2026-02-22T20:28:05Z I (541) luce_boot: Task watermark (current): 2092 words
2026-02-22T20:28:05Z I (551) luce_boot: App version: 2467f03-dirty
2026-02-22T20:28:05Z I (551) luce_boot: Project name: Luce
2026-02-22T20:28:05Z I (551) luce_boot: Secure version: 0
2026-02-22T20:28:05Z I (561) luce_boot: App compile time: 17:17:30 Feb 22 2026
2026-02-22T20:28:05Z I (561) luce_boot: ESP-IDF version: 5.5.0
2026-02-22T20:28:05Z I (571) luce_boot: ELF SHA256: 1c9ed7dff
2026-02-22T20:28:05Z I (571) luce_boot: Partition map:
2026-02-22T20:28:05Z I (571) luce_boot:   type=1 subtype=2 label=nvs offset=0x00009000 size=0x00006000
2026-02-22T20:28:05Z I (581) luce_boot:   type=1 subtype=1 label=phy_init offset=0x0000f000 size=0x00001000
2026-02-22T20:28:05Z I (591) luce_boot:   type=0 subtype=0 label=factory offset=0x00010000 size=0x00100000
2026-02-22T20:28:05Z 
2026-02-22T20:28:05Z assert failed: tlsf_free tlsf.c:630 (!block_is_free(block) && "block already marked as free")
2026-02-22T20:28:05Z 
2026-02-22T20:28:05Z 
2026-02-22T20:28:05Z Backtrace: 0x40082add:0x3ffba210 0x4008a1d9:0x3ffba230 0x40092129:0x3ffba250 0x4008f50f:0x3ffba370 0x4008f3b0:0x3ffba390 0x40083027:0x3ffba3b0 0x400921c5:0x3ffba3d0 0x400ddf25:0x3ffba3f0 0x400d3be9:0x3ffba410 0x400d53d7:0x3ffba440 0x4015deec:0x3ffba470 0x4008af99:0x3ffba4a0
2026-02-22T20:28:05Z 
2026-02-22T20:28:05Z 
2026-02-22T20:28:05Z 
2026-02-22T20:28:05Z 
2026-02-22T20:28:05Z ELF file SHA256: 1c9ed7dff
2026-02-22T20:28:05Z 
2026-02-22T20:28:05Z Rebooting...
2026-02-22T20:28:05Z ets Jul 29 2019 12:21:46
2026-02-22T20:28:05Z 
2026-02-22T20:28:05Z rst:0xc (SW_CPU_RESET),boot:0x13 (SPI_FAST_FLASH_BOOT)
2026-02-22T20:28:05Z configsip: 0, SPIWP:0xee
2026-02-22T20:28:05Z clk_drv:0x00,q_drv:0x00,d_drv:0x00,cs0_drv:0x00,hd_drv:0x00,wp_drv:0x00
2026-02-22T20:28:05Z mode:DIO, clock div:2
2026-02-22T20:28:05Z load:0x3fff0030,len:6380
2026-02-22T20:28:05Z ho 0 tail 12 room 4
2026-02-22T20:28:05Z load:0x40078000,len:15916
2026-02-22T20:28:05Z load:0x40080400,len:3860
2026-02-22T20:28:05Z entry 0x40080630
2026-02-22T20:28:05Z I (29) boot: ESP-IDF 5.5.0 2nd stage bootloader
2026-02-22T20:28:05Z I (29) boot: compile time Feb 22 2026 17:17:59
2026-02-22T20:28:05Z I (29) boot: Multicore bootloader
2026-02-22T20:28:05Z I (30) boot: chip revision: v3.1
2026-02-22T20:28:05Z I (33) boot.esp32: SPI Speed      : 40MHz
2026-02-22T20:28:05Z I (37) boot.esp32: SPI Mode       : DIO
2026-02-22T20:28:05Z I (40) boot.esp32: SPI Flash Size : 4MB
2026-02-22T20:28:05Z I (44) boot: Enabling RNG early entropy source...
2026-02-22T20:28:05Z I (49) boot: Partition Table:
2026-02-22T20:28:05Z I (51) boot: ## Label            Usage          Type ST Offset   Length
2026-02-22T20:28:05Z I (57) boot:  0 nvs              WiFi data        01 02 00009000 00006000
2026-02-22T20:28:05Z I (64) boot:  1 phy_init         RF data          01 01 0000f000 00001000
2026-02-22T20:28:05Z I (71) boot:  2 factory          factory app      00 00 00010000 00100000
2026-02-22T20:28:05Z I (77) boot: End of partition table
2026-02-22T20:28:05Z I (80) esp_image: segment 0: paddr=00010020 vaddr=3f400020 size=1d740h (120640) map
2026-02-22T20:28:05Z I (129) esp_image: segment 1: paddr=0002d768 vaddr=3ff80000 size=00020h (    32) load
2026-02-22T20:28:05Z I (129) esp_image: segment 2: paddr=0002d790 vaddr=3ffb0000 size=02888h ( 10376) load
2026-02-22T20:28:05Z I (137) esp_image: segment 3: paddr=00030020 vaddr=400d0020 size=90190h (590224) map
2026-02-22T20:28:05Z I (342) esp_image: segment 4: paddr=000c01b8 vaddr=3ffb2888 size=01784h (  6020) load
2026-02-22T20:28:05Z I (345) esp_image: segment 5: paddr=000c1944 vaddr=40080000 size=194e0h (103648) load
2026-02-22T20:28:05Z I (399) boot: Loaded app from partition at offset 0x10000
2026-02-22T20:28:05Z I (399) boot: Disabling RNG early entropy source...
2026-02-22T20:28:05Z I (409) cpu_start: Multicore app
2026-02-22T20:28:05Z I (418) cpu_start: Pro cpu start user code
2026-02-22T20:28:05Z I (418) cpu_start: cpu freq: 160000000 Hz
2026-02-22T20:28:05Z I (418) app_init: Application information:
2026-02-22T20:28:05Z I (418) app_init: Project name:     Luce
2026-02-22T20:28:05Z I (421) app_init: App version:      2467f03-dirty
2026-02-22T20:28:05Z I (426) app_init: Compile time:     Feb 22 2026 17:17:30
2026-02-22T20:28:05Z I (431) app_init: ELF file SHA256:  1c9ed7dff...
2026-02-22T20:28:05Z I (435) app_init: ESP-IDF:          5.5.0
2026-02-22T20:28:05Z I (439) efuse_init: Min chip rev:     v0.0
2026-02-22T20:28:06Z I (443) efuse_init: Max chip rev:     v3.99 
2026-02-22T20:28:06Z I (447) efuse_init: Chip rev:         v3.1
2026-02-22T20:28:06Z I (451) heap_init: Initializing. RAM available for dynamic allocation:
2026-02-22T20:28:06Z I (457) heap_init: At 3FFAE6E0 len 00001920 (6 KiB): DRAM
2026-02-22T20:28:06Z I (462) heap_init: At 3FFB8170 len 00027E90 (159 KiB): DRAM
2026-02-22T20:28:06Z I (467) heap_init: At 3FFE0440 len 00003AE0 (14 KiB): D/IRAM
2026-02-22T20:28:06Z I (473) heap_init: At 3FFE4350 len 0001BCB0 (111 KiB): D/IRAM
2026-02-22T20:28:06Z I (478) heap_init: At 400994E0 len 00006B20 (26 KiB): IRAM
2026-02-22T20:28:06Z I (485) spi_flash: detected chip: generic
2026-02-22T20:28:06Z I (487) spi_flash: flash io: dio
2026-02-22T20:28:06Z W (490) i2c: This driver is an old driver, please migrate your application code to adapt `driver/i2c_master.h`
2026-02-22T20:28:06Z I (501) main_task: Started on CPU0
2026-02-22T20:28:06Z I (511) main_task: Calling app_main()
2026-02-22T20:28:06Z I (511) luce_boot: LUCE STAGE5
2026-02-22T20:28:06Z I (511) luce_boot: Build timestamp: Feb 22 2026 17:17:28
2026-02-22T20:28:06Z I (511) luce_boot: Project version: 0.0.0-stage0
2026-02-22T20:28:06Z I (511) luce_boot: Git SHA: placeholder
2026-02-22T20:28:06Z I (521) luce_boot: Reset reason: PANIC (4)
2026-02-22T20:28:06Z I (521) luce_boot: Chip: model=1 revision=301 cores=2
2026-02-22T20:28:06Z I (531) luce_boot: Features: WIFI BT BLE 
2026-02-22T20:28:06Z I (531) luce_boot: CPU frequency: 1061162184 MHz
2026-02-22T20:28:06Z I (531) luce_boot: Heap free: 278752 bytes
2026-02-22T20:28:06Z I (541) luce_boot: Heap min-free: 278752 bytes
2026-02-22T20:28:06Z I (541) luce_boot: Task watermark (current): 2092 words
2026-02-22T20:28:06Z I (551) luce_boot: App version: 2467f03-dirty
2026-02-22T20:28:06Z I (551) luce_boot: Project name: Luce
2026-02-22T20:28:06Z I (551) luce_boot: Secure version: 0
2026-02-22T20:28:06Z I (561) luce_boot: App compile time: 17:17:30 Feb 22 2026
2026-02-22T20:28:06Z I (561) luce_boot: ESP-IDF version: 5.5.0
2026-02-22T20:28:06Z I (571) luce_boot: ELF SHA256: 1c9ed7dff
2026-02-22T20:28:06Z I (571) luce_boot: Partition map:
2026-02-22T20:28:06Z I (571) luce_boot:   type=1 subtype=2 label=nvs offset=0x00009000 size=0x00006000
2026-02-22T20:28:06Z I (581) luce_boot:   type=1 subtype=1 label=phy_init offset=0x0000f000 size=0x00001000
2026-02-22T20:28:06Z I (591) luce_boot:   type=0 subtype=0 label=factory offset=0x00010000 size=0x00100000
2026-02-22T20:28:06Z 
2026-02-22T20:28:06Z assert failed: tlsf_free tlsf.c:630 (!block_is_free(block) && "block already marked as free")
2026-02-22T20:28:06Z 
2026-02-22T20:28:06Z 
2026-02-22T20:28:06Z Backtrace: 0x40082add:0x3ffba210 0x4008a1d9:0x3ffba230 0x40092129:0x3ffba250 0x4008f50f:0x3ffba370 0x4008f3b0:0x3ffba390 0x40083027:0x3ffba3b0 0x400921c5:0x3ffba3d0 0x400ddf25:0x3ffba3f0 0x400d3be9:0x3ffba410 0x400d53d7:0x3ffba440 0x4015deec:0x3ffba470 0x4008af99:0x3ffba4a0
2026-02-22T20:28:06Z 
2026-02-22T20:28:06Z 
2026-02-22T20:28:06Z 
2026-02-22T20:28:06Z 
2026-02-22T20:28:06Z ELF file SHA256: 1c9ed7dff
2026-02-22T20:28:06Z 
2026-02-22T20:28:06Z Rebooting...
2026-02-22T20:28:06Z ets Jul 29 2019 12:21:46
2026-02-22T20:28:06Z 
2026-02-22T20:28:06Z rst:0xc (SW_CPU_RESET),boot:0x13 (SPI_FAST_FLASH_BOOT)
2026-02-22T20:28:06Z configsip: 0, SPIWP:0xee
2026-02-22T20:28:06Z clk_drv:0x00,q_drv:0x00,d_drv:0x00,cs0_drv:0x00,hd_drv:0x00,wp_drv:0x00
2026-02-22T20:28:06Z mode:DIO, clock div:2
2026-02-22T20:28:06Z load:0x3fff0030,len:6380
2026-02-22T20:28:06Z ho 0 tail 12 room 4
2026-02-22T20:28:06Z load:0x40078000,len:15916
2026-02-22T20:28:06Z load:0x40080400,len:3860
2026-02-22T20:28:06Z entry 0x40080630
2026-02-22T20:28:06Z I (29) boot: ESP-IDF 5.5.0 2nd stage bootloader
2026-02-22T20:28:06Z I (29) boot: compile time Feb 22 2026 17:17:59
2026-02-22T20:28:06Z I (29) boot: Multicore bootloader
2026-02-22T20:28:06Z I (30) boot: chip revision: v3.1
2026-02-22T20:28:06Z I (33) boot.esp32: SPI Speed      : 40MHz
2026-02-22T20:28:06Z I (37) boot.esp32: SPI Mode       : DIO
2026-02-22T20:28:06Z I (40) boot.esp32: SPI Flash Size : 4MB
2026-02-22T20:28:06Z I (44) boot: Enabling RNG early entropy source...
2026-02-22T20:28:06Z I (49) boot: Partition Table:
2026-02-22T20:28:06Z I (51) boot: ## Label            Usage          Type ST Offset   Length
2026-02-22T20:28:06Z I (57) boot:  0 nvs              WiFi data        01 02 00009000 00006000
2026-02-22T20:28:06Z I (64) boot:  1 phy_init         RF data          01 01 0000f000 00001000
2026-02-22T20:28:06Z I (71) boot:  2 factory          factory app      00 00 00010000 00100000
2026-02-22T20:28:06Z I (77) boot: End of partition table
2026-02-22T20:28:06Z I (80) esp_image: segment 0: paddr=00010020 vaddr=3f400020 size=1d740h (120640) map
2026-02-22T20:28:06Z I (129) esp_image: segment 1: paddr=0002d768 vaddr=3ff80000 size=00020h (    32) load
2026-02-22T20:28:06Z I (129) esp_image: segment 2: paddr=0002d790 vaddr=3ffb0000 size=02888h ( 10376) load
2026-02-22T20:28:06Z I (137) esp_image: segment 3: paddr=00030020 vaddr=400d0020 size=90190h (590224) map
2026-02-22T20:28:06Z I (342) esp_image: segment 4: paddr=000c01b8 vaddr=3ffb2888 size=01784h (  6020) load
2026-02-22T20:28:06Z I (345) esp_image: segment 5: paddr=000c1944 vaddr=40080000 size=194e0h (103648) load
2026-02-22T20:28:06Z I (399) boot: Loaded app from partition at offset 0x10000
2026-02-22T20:28:06Z I (399) boot: Disabling RNG early entropy source...
2026-02-22T20:28:06Z I (409) cpu_start: Multicore app
2026-02-22T20:28:06Z I (417) cpu_start: Pro cpu start user code
2026-02-22T20:28:06Z I (418) cpu_start: cpu freq: 160000000 Hz
2026-02-22T20:28:06Z I (418) app_init: Application information:
2026-02-22T20:28:06Z I (418) app_init: Project name:     Luce
2026-02-22T20:28:06Z I (421) app_init: App version:      2467f03-dirty
2026-02-22T20:28:06Z I (426) app_init: Compile time:     Feb 22 2026 17:17:30
2026-02-22T20:28:06Z I (431) app_init: ELF file SHA256:  1c9ed7dff...
2026-02-22T20:28:06Z I (435) app_init: ESP-IDF:          5.5.0
2026-02-22T20:28:06Z I (439) efuse_init: Min chip rev:     v0.0
2026-02-22T20:28:06Z I (443) efuse_init: Max chip rev:     v3.99 
2026-02-22T20:28:06Z I (447) efuse_init: Chip rev:         v3.1
2026-02-22T20:28:06Z I (451) heap_init: Initializing. RAM available for dynamic allocation:
2026-02-22T20:28:06Z I (457) heap_init: At 3FFAE6E0 len 00001920 (6 KiB): DRAM
2026-02-22T20:28:06Z I (462) heap_init: At 3FFB8170 len 00027E90 (159 KiB): DRAM
2026-02-22T20:28:06Z I (467) heap_init: At 3FFE0440 len 00003AE0 (14 KiB): D/IRAM
2026-02-22T20:28:06Z I (473) heap_init: At 3FFE4350 len 0001BCB0 (111 KiB): D/IRAM
2026-02-22T20:28:06Z I (478) heap_init: At 400994E0 len 00006B20 (26 KiB): IRAM
2026-02-22T20:28:06Z I (485) spi_flash: detected chip: generic
2026-02-22T20:28:06Z I (487) spi_flash: flash io: dio
2026-02-22T20:28:06Z W (490) i2c: This driver is an old driver, please migrate your application code to adapt `driver/i2c_master.h`
2026-02-22T20:28:06Z I (501) main_task: Started on CPU0
2026-02-22T20:28:06Z I (511) main_task: Calling app_main()
2026-02-22T20:28:06Z I (511) luce_boot: LUCE STAGE5
2026-02-22T20:28:06Z I (511) luce_boot: Build timestamp: Feb 22 2026 17:17:28
2026-02-22T20:28:06Z I (511) luce_boot: Project version: 0.0.0-stage0
2026-02-22T20:28:06Z I (511) luce_boot: Git SHA: placeholder
2026-02-22T20:28:06Z I (521) luce_boot: Reset reason: PANIC (4)
2026-02-22T20:28:06Z I (521) luce_boot: Chip: model=1 revision=301 cores=2
2026-02-22T20:28:06Z I (531) luce_boot: Features: WIFI BT BLE 
2026-02-22T20:28:06Z I (531) luce_boot: CPU frequency: 1061162184 MHz
2026-02-22T20:28:06Z I (531) luce_boot: Heap free: 278752 bytes
2026-02-22T20:28:06Z I (541) luce_boot: Heap min-free: 278752 bytes
2026-02-22T20:28:06Z I (541) luce_boot: Task watermark (current): 2092 words
2026-02-22T20:28:06Z I (551) luce_boot: App version: 2467f03-dirty
2026-02-22T20:28:06Z I (551) luce_boot: Project name: Luce
2026-02-22T20:28:06Z I (551) luce_boot: Secure version: 0
2026-02-22T20:28:06Z I (561) luce_boot: App compile time: 17:17:30 Feb 22 2026
2026-02-22T20:28:06Z I (561) luce_boot: ESP-IDF version: 5.5.0
2026-02-22T20:28:06Z I (571) luce_boot: ELF SHA256: 1c9ed7dff
2026-02-22T20:28:06Z I (571) luce_boot: Partition map:
2026-02-22T20:28:06Z I (571) luce_boot:   type=1 subtype=2 label=nvs offset=0x00009000 size=0x00006000
2026-02-22T20:28:06Z I (581) luce_boot:   type=1 subtype=1 label=phy_init offset=0x0000f000 size=0x00001000
2026-02-22T20:28:06Z I (591) luce_boot:   type=0 subtype=0 label=factory offset=0x00010000 size=0x00100000
2026-02-22T20:28:06Z 
2026-02-22T20:28:06Z assert failed: tlsf_free tlsf.c:630 (!block_is_free(block) && "block already marked as free")
2026-02-22T20:28:06Z 
2026-02-22T20:28:06Z 
2026-02-22T20:28:06Z Backtrace: 0x40082add:0x3ffba210 0x4008a1d9:0x3ffba230 0x40092129:0x3ffba250 0x4008f50f:0x3ffba370 0x4008f3b0:0x3ffba390 0x40083027:0x3ffba3b0 0x400921c5:0x3ffba3d0 0x400ddf25:0x3ffba3f0 0x400d3be9:0x3ffba410 0x400d53d7:0x3ffba440 0x4015deec:0x3ffba470 0x4008af99:0x3ffba4a0
2026-02-22T20:28:06Z 
2026-02-22T20:28:06Z 
2026-02-22T20:28:06Z 
2026-02-22T20:28:06Z 
2026-02-22T20:28:06Z ELF file SHA256: 1c9ed7dff
2026-02-22T20:28:06Z 
2026-02-22T20:28:06Z Rebooting...
2026-02-22T20:28:06Z ets Jul 29 2019 12:21:46
2026-02-22T20:28:06Z 
2026-02-22T20:28:06Z rst:0xc (SW_CPU_RESET),boot:0x13 (SPI_FAST_FLASH_BOOT)
2026-02-22T20:28:06Z configsip: 0, SPIWP:0xee
2026-02-22T20:28:06Z clk_drv:0x00,q_drv:0x00,d_drv:0x00,cs0_drv:0x00,hd_drv:0x00,wp_drv:0x00
2026-02-22T20:28:06Z mode:DIO, clock div:2
2026-02-22T20:28:06Z load:0x3fff0030,len:6380
2026-02-22T20:28:06Z ho 0 tail 12 room 4
2026-02-22T20:28:06Z load:0x40078000,len:15916
2026-02-22T20:28:06Z load:0x40080400,len:3860
2026-02-22T20:28:06Z entry 0x40080630
2026-02-22T20:28:06Z I (29) boot: ESP-IDF 5.5.0 2nd stage bootloader
2026-02-22T20:28:06Z I (29) boot: compile time Feb 22 2026 17:17:59
2026-02-22T20:28:06Z I (29) boot: Multicore bootloader
2026-02-22T20:28:06Z I (30) boot: chip revision: v3.1
2026-02-22T20:28:06Z I (33) boot.esp32: SPI Speed      : 40MHz
2026-02-22T20:28:06Z I (37) boot.esp32: SPI Mode       : DIO
2026-02-22T20:28:06Z I (40) boot.esp32: SPI Flash Size : 4MB
2026-02-22T20:28:06Z I (44) boot: Enabling RNG early entropy source...
2026-02-22T20:28:06Z I (49) boot: Partition Table:
2026-02-22T20:28:06Z I (51) boot: ## Label            Usage          Type ST Offset   Length
2026-02-22T20:28:06Z I (57) boot:  0 nvs              WiFi data        01 02 00009000 00006000
2026-02-22T20:28:06Z I (64) boot:  1 phy_init         RF data          01 01 0000f000 00001000
2026-02-22T20:28:06Z I (71) boot:  2 factory          factory app      00 00 00010000 00100000
2026-02-22T20:28:06Z I (77) boot: End of partition table
2026-02-22T20:28:06Z I (80) esp_image: segment 0: paddr=00010020 vaddr=3f400020 size=1d740h (120640) map
2026-02-22T20:28:06Z I (129) esp_image: segment 1: paddr=0002d768 vaddr=3ff80000 size=00020h (    32) load
2026-02-22T20:28:06Z I (129) esp_image: segment 2: paddr=0002d790 vaddr=3ffb0000 size=02888h ( 10376) load
2026-02-22T20:28:06Z I (137) esp_image: segment 3: paddr=00030020 vaddr=400d0020 size=90190h (590224) map
2026-02-22T20:28:07Z I (342) esp_image: segment 4: paddr=000c01b8 vaddr=3ffb2888 size=01784h (  6020) load
2026-02-22T20:28:07Z I (345) esp_image: segment 5: paddr=000c1944 vaddr=40080000 size=194e0h (103648) load
2026-02-22T20:28:07Z I (399) boot: Loaded app from partition at offset 0x10000
2026-02-22T20:28:07Z I (399) boot: Disabling RNG early entropy source...
2026-02-22T20:28:07Z I (409) cpu_start: Multicore app
2026-02-22T20:28:07Z I (418) cpu_start: Pro cpu start user code
2026-02-22T20:28:07Z I (418) cpu_start: cpu freq: 160000000 Hz
2026-02-22T20:28:07Z I (418) app_init: Application information:
2026-02-22T20:28:07Z I (418) app_init: Project name:     Luce
2026-02-22T20:28:07Z I (421) app_init: App version:      2467f03-dirty
2026-02-22T20:28:07Z I (426) app_init: Compile time:     Feb 22 2026 17:17:30
2026-02-22T20:28:07Z I (431) app_init: ELF file SHA256:  1c9ed7dff...
2026-02-22T20:28:07Z I (435) app_init: ESP-IDF:          5.5.0
2026-02-22T20:28:07Z I (439) efuse_init: Min chip rev:     v0.0
2026-02-22T20:28:07Z I (443) efuse_init: Max chip rev:     v3.99 
2026-02-22T20:28:07Z I (447) efuse_init: Chip rev:         v3.1
2026-02-22T20:28:07Z I (451) heap_init: Initializing. RAM available for dynamic allocation:
2026-02-22T20:28:07Z I (457) heap_init: At 3FFAE6E0 len 00001920 (6 KiB): DRAM
2026-02-22T20:28:07Z I (462) heap_init: At 3FFB8170 len 00027E90 (159 KiB): DRAM
2026-02-22T20:28:07Z I (467) heap_init: At 3FFE0440 len 00003AE0 (14 KiB): D/IRAM
2026-02-22T20:28:07Z I (473) heap_init: At 3FFE4350 len 0001BCB0 (111 KiB): D/IRAM
2026-02-22T20:28:07Z I (478) heap_init: At 400994E0 len 00006B20 (26 KiB): IRAM
2026-02-22T20:28:07Z I (485) spi_flash: detected chip: generic
2026-02-22T20:28:07Z I (487) spi_flash: flash io: dio
2026-02-22T20:28:07Z W (490) i2c: This driver is an old driver, please migrate your application code to adapt `driver/i2c_master.h`
2026-02-22T20:28:07Z I (501) main_task: Started on CPU0
2026-02-22T20:28:07Z I (511) main_task: Calling app_main()
2026-02-22T20:28:07Z I (511) luce_boot: LUCE STAGE5
2026-02-22T20:28:07Z I (511) luce_boot: Build timestamp: Feb 22 2026 17:17:28
2026-02-22T20:28:07Z I (511) luce_boot: Project version: 0.0.0-stage0
2026-02-22T20:28:07Z I (511) luce_boot: Git SHA: placeholder
2026-02-22T20:28:07Z I (521) luce_boot: Reset reason: PANIC (4)
2026-02-22T20:28:07Z I (521) luce_boot: Chip: model=1 revision=301 cores=2
2026-02-22T20:28:07Z I (531) luce_boot: Features: WIFI BT BLE 
2026-02-22T20:28:07Z I (531) luce_boot: CPU frequency: 1061162184 MHz
2026-02-22T20:28:07Z I (531) luce_boot: Heap free: 278752 bytes
2026-02-22T20:28:07Z I (541) luce_boot: Heap min-free: 278752 bytes
2026-02-22T20:28:07Z I (541) luce_boot: Task watermark (current): 2092 words
2026-02-22T20:28:07Z I (551) luce_boot: App version: 2467f03-dirty
2026-02-22T20:28:07Z I (551) luce_boot: Project name: Luce
2026-02-22T20:28:07Z I (551) luce_boot: Secure version: 0
2026-02-22T20:28:07Z I (561) luce_boot: App compile time: 17:17:30 Feb 22 2026
2026-02-22T20:28:07Z I (561) luce_boot: ESP-IDF version: 5.5.0
2026-02-22T20:28:07Z I (571) luce_boot: ELF SHA256: 1c9ed7dff
2026-02-22T20:28:07Z I (571) luce_boot: Partition map:
2026-02-22T20:28:07Z I (571) luce_boot:   type=1 subtype=2 label=nvs offset=0x00009000 size=0x00006000
2026-02-22T20:28:07Z I (581) luce_boot:   type=1 subtype=1 label=phy_init offset=0x0000f000 size=0x00001000
2026-02-22T20:28:07Z I (591) luce_boot:   type=0 subtype=0 label=factory offset=0x00010000 size=0x00100000
2026-02-22T20:28:07Z 
2026-02-22T20:28:07Z assert failed: tlsf_free tlsf.c:630 (!block_is_free(block) && "block already marked as free")
2026-02-22T20:28:07Z 
2026-02-22T20:28:07Z 
2026-02-22T20:28:07Z Backtrace: 0x40082add:0x3ffba210 0x4008a1d9:0x3ffba230 0x40092129:0x3ffba250 0x4008f50f:0x3ffba370 0x4008f3b0:0x3ffba390 0x40083027:0x3ffba3b0 0x400921c5:0x3ffba3d0 0x400ddf25:0x3ffba3f0 0x400d3be9:0x3ffba410 0x400d53d7:0x3ffba440 0x4015deec:0x3ffba470 0x4008af99:0x3ffba4a0
2026-02-22T20:28:07Z 
2026-02-22T20:28:07Z 
2026-02-22T20:28:07Z 
2026-02-22T20:28:07Z 
2026-02-22T20:28:07Z ELF file SHA256: 1c9ed7dff
2026-02-22T20:28:07Z 
2026-02-22T20:28:07Z Rebooting...
2026-02-22T20:28:07Z ets Jul 29 2019 12:21:46
2026-02-22T20:28:07Z 
2026-02-22T20:28:07Z rst:0xc (SW_CPU_RESET),boot:0x13 (SPI_FAST_FLASH_BOOT)
2026-02-22T20:28:07Z configsip: 0, SPIWP:0xee
2026-02-22T20:28:07Z clk_drv:0x00,q_drv:0x00,d_drv:0x00,cs0_drv:0x00,hd_drv:0x00,wp_drv:0x00
2026-02-22T20:28:07Z mode:DIO, clock div:2
2026-02-22T20:28:07Z load:0x3fff0030,len:6380
2026-02-22T20:28:07Z ho 0 tail 12 room 4
2026-02-22T20:28:07Z load:0x40078000,len:15916
2026-02-22T20:28:07Z load:0x40080400,len:3860
2026-02-22T20:28:07Z entry 0x40080630
2026-02-22T20:28:07Z I (29) boot: ESP-IDF 5.5.0 2nd stage bootloader
2026-02-22T20:28:07Z I (29) boot: compile time Feb 22 2026 17:17:59
2026-02-22T20:28:07Z I (29) boot: Multicore bootloader
2026-02-22T20:28:07Z I (30) boot: chip revision: v3.1
2026-02-22T20:28:07Z I (33) boot.esp32: SPI Speed      : 40MHz
2026-02-22T20:28:07Z I (37) boot.esp32: SPI Mode       : DIO
2026-02-22T20:28:07Z I (40) boot.esp32: SPI Flash Size : 4MB
2026-02-22T20:28:07Z I (44) boot: Enabling RNG early entropy source...
2026-02-22T20:28:07Z I (49) boot: Partition Table:
2026-02-22T20:28:07Z I (51) boot: ## Label            Usage          Type ST Offset   Length
2026-02-22T20:28:07Z I (57) boot:  0 nvs              WiFi data        01 02 00009000 00006000
2026-02-22T20:28:07Z I (64) boot:  1 phy_init         RF data          01 01 0000f000 00001000
2026-02-22T20:28:07Z I (71) boot:  2 factory          factory app      00 00 00010000 00100000
2026-02-22T20:28:07Z I (77) boot: End of partition table
2026-02-22T20:28:07Z I (80) esp_image: segment 0: paddr=00010020 vaddr=3f400020 size=1d740h (120640) map
2026-02-22T20:28:07Z I (129) esp_image: segment 1: paddr=0002d768 vaddr=3ff80000 size=00020h (    32) load
2026-02-22T20:28:07Z I (129) esp_image: segment 2: paddr=0002d790 vaddr=3ffb0000 size=02888h ( 10376) load
2026-02-22T20:28:07Z I (137) esp_image: segment 3: paddr=00030020 vaddr=400d0020 size=90190h (590224) map
2026-02-22T20:28:07Z I (342) esp_image: segment 4: paddr=000c01b8 vaddr=3ffb2888 size=01784h (  6020) load
2026-02-22T20:28:07Z I (345) esp_image: segment 5: paddr=000c1944 vaddr=40080000 size=194e0h (103648) load
2026-02-22T20:28:07Z I (399) boot: Loaded app from partition at offset 0x10000
2026-02-22T20:28:07Z I (399) boot: Disabling RNG early entropy source...
2026-02-22T20:28:07Z I (409) cpu_start: Multicore app
2026-02-22T20:28:07Z I (418) cpu_start: Pro cpu start user code
2026-02-22T20:28:07Z I (418) cpu_start: cpu freq: 160000000 Hz
2026-02-22T20:28:07Z I (418) app_init: Application information:
2026-02-22T20:28:07Z I (418) app_init: Project name:     Luce
2026-02-22T20:28:07Z I (421) app_init: App version:      2467f03-dirty
2026-02-22T20:28:07Z I (426) app_init: Compile time:     Feb 22 2026 17:17:30
2026-02-22T20:28:07Z I (431) app_init: ELF file SHA256:  1c9ed7dff...
2026-02-22T20:28:07Z I (435) app_init: ESP-IDF:          5.5.0
2026-02-22T20:28:07Z I (439) efuse_init: Min chip rev:     v0.0
2026-02-22T20:28:07Z I (443) efuse_init: Max chip rev:     v3.99 
2026-02-22T20:28:07Z I (447) efuse_init: Chip rev:         v3.1
2026-02-22T20:28:07Z I (451) heap_init: Initializing. RAM available for dynamic allocation:
2026-02-22T20:28:07Z I (457) heap_init: At 3FFAE6E0 len 00001920 (6 KiB): DRAM
2026-02-22T20:28:07Z I (462) heap_init: At 3FFB8170 len 00027E90 (159 KiB): DRAM
2026-02-22T20:28:07Z I (467) heap_init: At 3FFE0440 len 00003AE0 (14 KiB): D/IRAM
2026-02-22T20:28:07Z I (473) heap_init: At 3FFE4350 len 0001BCB0 (111 KiB): D/IRAM
2026-02-22T20:28:07Z I (478) heap_init: At 400994E0 len 00006B20 (26 KiB): IRAM
2026-02-22T20:28:07Z I (485) spi_flash: detected chip: generic
2026-02-22T20:28:07Z I (487) spi_flash: flash io: dio
2026-02-22T20:28:08Z W (490) i2c: This driver is an old driver, please migrate your application code to adapt `driver/i2c_master.h`
2026-02-22T20:28:08Z I (501) main_task: Started on CPU0
2026-02-22T20:28:08Z I (511) main_task: Calling app_main()
2026-02-22T20:28:08Z I (511) luce_boot: LUCE STAGE5
2026-02-22T20:28:08Z I (511) luce_boot: Build timestamp: Feb 22 2026 17:17:28
2026-02-22T20:28:08Z I (511) luce_boot: Project version: 0.0.0-stage0
2026-02-22T20:28:08Z I (511) luce_boot: Git SHA: placeholder
2026-02-22T20:28:08Z I (521) luce_boot: Reset reason: PANIC (4)
2026-02-22T20:28:08Z I (521) luce_boot: Chip: model=1 revision=301 cores=2
2026-02-22T20:28:08Z I (531) luce_boot: Features: WIFI BT BLE 
2026-02-22T20:28:08Z I (531) luce_boot: CPU frequency: 1061162184 MHz
2026-02-22T20:28:08Z I (531) luce_boot: Heap free: 278752 bytes
2026-02-22T20:28:08Z I (541) luce_boot: Heap min-free: 278752 bytes
2026-02-22T20:28:08Z I (541) luce_boot: Task watermark (current): 2092 words
2026-02-22T20:28:08Z I (551) luce_boot: App version: 2467f03-dirty
2026-02-22T20:28:08Z I (551) luce_boot: Project name: Luce
2026-02-22T20:28:08Z I (551) luce_boot: Secure version: 0
2026-02-22T20:28:08Z I (561) luce_boot: App compile time: 17:17:30 Feb 22 2026
2026-02-22T20:28:08Z I (561) luce_boot: ESP-IDF version: 5.5.0
2026-02-22T20:28:08Z I (571) luce_boot: ELF SHA256: 1c9ed7dff
2026-02-22T20:28:08Z I (571) luce_boot: Partition map:
2026-02-22T20:28:08Z I (571) luce_boot:   type=1 subtype=2 label=nvs offset=0x00009000 size=0x00006000
2026-02-22T20:28:08Z I (581) luce_boot:   type=1 subtype=1 label=phy_init offset=0x0000f000 size=0x00001000
2026-02-22T20:28:08Z I (591) luce_boot:   type=0 subtype=0 label=factory offset=0x00010000 size=0x00100000
2026-02-22T20:28:08Z 
2026-02-22T20:28:08Z assert failed: tlsf_free tlsf.c:630 (!block_is_free(block) && "block already marked as free")
2026-02-22T20:28:08Z 
2026-02-22T20:28:08Z 
2026-02-22T20:28:08Z Backtrace: 0x40082add:0x3ffba210 0x4008a1d9:0x3ffba230 0x40092129:0x3ffba250 0x4008f50f:0x3ffba370 0x4008f3b0:0x3ffba390 0x40083027:0x3ffba3b0 0x400921c5:0x3ffba3d0 0x400ddf25:0x3ffba3f0 0x400d3be9:0x3ffba410 0x400d53d7:0x3ffba440 0x4015deec:0x3ffba470 0x4008af99:0x3ffba4a0
2026-02-22T20:28:08Z 
2026-02-22T20:28:08Z 
2026-02-22T20:28:08Z 
2026-02-22T20:28:08Z 
2026-02-22T20:28:08Z ELF file SHA256: 1c9ed7dff
2026-02-22T20:28:08Z 
2026-02-22T20:28:08Z Rebooting...
2026-02-22T20:28:08Z ets Jul 29 2019 12:21:46
2026-02-22T20:28:08Z 
2026-02-22T20:28:08Z rst:0xc (SW_CPU_RESET),boot:0x13 (SPI_FAST_FLASH_BOOT)
2026-02-22T20:28:08Z configsip: 0, SPIWP:0xee
2026-02-22T20:28:08Z clk_drv:0x00,q_drv:0x00,d_drv:0x00,cs0_drv:0x00,hd_drv:0x00,wp_drv:0x00
2026-02-22T20:28:08Z mode:DIO, clock div:2
2026-02-22T20:28:08Z load:0x3fff0030,len:6380
2026-02-22T20:28:08Z ho 0 tail 12 room 4
2026-02-22T20:28:08Z load:0x40078000,len:15916
2026-02-22T20:28:08Z load:0x40080400,len:3860
2026-02-22T20:28:08Z entry 0x40080630
2026-02-22T20:28:08Z I (29) boot: ESP-IDF 5.5.0 2nd stage bootloader
2026-02-22T20:28:08Z I (29) boot: compile time Feb 22 2026 17:17:59
2026-02-22T20:28:08Z I (29) boot: Multicore bootloader
2026-02-22T20:28:08Z I (30) boot: chip revision: v3.1
2026-02-22T20:28:08Z I (33) boot.esp32: SPI Speed      : 40MHz
2026-02-22T20:28:08Z I (37) boot.esp32: SPI Mode       : DIO
2026-02-22T20:28:08Z I (40) boot.esp32: SPI Flash Size : 4MB
2026-02-22T20:28:08Z I (44) boot: Enabling RNG early entropy source...
2026-02-22T20:28:08Z I (49) boot: Partition Table:
2026-02-22T20:28:08Z I (51) boot: ## Label            Usage          Type ST Offset   Length
2026-02-22T20:28:08Z I (57) boot:  0 nvs              WiFi data        01 02 00009000 00006000
2026-02-22T20:28:08Z I (64) boot:  1 phy_init         RF data          01 01 0000f000 00001000
2026-02-22T20:28:08Z I (71) boot:  2 factory          factory app      00 00 00010000 00100000
2026-02-22T20:28:08Z I (77) boot: End of partition table
2026-02-22T20:28:08Z I (80) esp_image: segment 0: paddr=00010020 vaddr=3f400020 size=1d740h (120640) map
2026-02-22T20:28:08Z I (129) esp_image: segment 1: paddr=0002d768 vaddr=3ff80000 size=00020h (    32) load
2026-02-22T20:28:08Z I (129) esp_image: segment 2: paddr=0002d790 vaddr=3ffb0000 size=02888h ( 10376) load
2026-02-22T20:28:08Z I (137) esp_image: segment 3: paddr=00030020 vaddr=400d0020 size=90190h (590224) map
2026-02-22T20:28:08Z I (342) esp_image: segment 4: paddr=000c01b8 vaddr=3ffb2888 size=01784h (  6020) load
2026-02-22T20:28:08Z I (345) esp_image: segment 5: paddr=000c1944 vaddr=40080000 size=194e0h (103648) load
2026-02-22T20:28:08Z I (399) boot: Loaded app from partition at offset 0x10000
2026-02-22T20:28:08Z I (399) boot: Disabling RNG early entropy source...
2026-02-22T20:28:08Z I (409) cpu_start: Multicore app
2026-02-22T20:28:08Z I (418) cpu_start: Pro cpu start user code
2026-02-22T20:28:08Z I (418) cpu_start: cpu freq: 160000000 Hz
2026-02-22T20:28:08Z I (418) app_init: Application information:
2026-02-22T20:28:08Z I (418) app_init: Project name:     Luce
2026-02-22T20:28:08Z I (421) app_init: App version:      2467f03-dirty
2026-02-22T20:28:08Z I (426) app_init: Compile time:     Feb 22 2026 17:17:30
2026-02-22T20:28:08Z I (431) app_init: ELF file SHA256:  1c9ed7dff...
2026-02-22T20:28:08Z I (435) app_init: ESP-IDF:          5.5.0
2026-02-22T20:28:08Z I (439) efuse_init: Min chip rev:     v0.0
2026-02-22T20:28:08Z I (443) efuse_init: Max chip rev:     v3.99 
2026-02-22T20:28:08Z I (447) efuse_init: Chip rev:         v3.1
2026-02-22T20:28:08Z I (451) heap_init: Initializing. RAM available for dynamic allocation:
2026-02-22T20:28:08Z I (457) heap_init: At 3FFAE6E0 len 00001920 (6 KiB): DRAM
2026-02-22T20:28:08Z I (462) heap_init: At 3FFB8170 len 00027E90 (159 KiB): DRAM
2026-02-22T20:28:08Z I (467) heap_init: At 3FFE0440 len 00003AE0 (14 KiB): D/IRAM
2026-02-22T20:28:08Z I (473) heap_init: At 3FFE4350 len 0001BCB0 (111 KiB): D/IRAM
2026-02-22T20:28:08Z I (478) heap_init: At 400994E0 len 00006B20 (26 KiB): IRAM
2026-02-22T20:28:08Z I (485) spi_flash: detected chip: generic
2026-02-22T20:28:08Z I (487) spi_flash: flash io: dio
2026-02-22T20:28:08Z W (490) i2c: This driver is an old driver, please migrate your application code to adapt `driver/i2c_master.h`
2026-02-22T20:28:08Z I (501) main_task: Started on CPU0
2026-02-22T20:28:08Z I (511) main_task: Calling app_main()
2026-02-22T20:28:08Z I (511) luce_boot: LUCE STAGE5
2026-02-22T20:28:08Z I (511) luce_boot: Build timestamp: Feb 22 2026 17:17:28
2026-02-22T20:28:08Z I (511) luce_boot: Project version: 0.0.0-stage0
2026-02-22T20:28:08Z I (511) luce_boot: Git SHA: placeholder
2026-02-22T20:28:08Z I (521) luce_boot: Reset reason: PANIC (4)
2026-02-22T20:28:08Z I (521) luce_boot: Chip: model=1 revision=301 cores=2
2026-02-22T20:28:08Z I (531) luce_boot: Features: WIFI BT BLE 
2026-02-22T20:28:08Z I (531) luce_boot: CPU frequency: 1061162184 MHz
2026-02-22T20:28:08Z I (531) luce_boot: Heap free: 278752 bytes
2026-02-22T20:28:08Z I (541) luce_boot: Heap min-free: 278752 bytes
2026-02-22T20:28:08Z I (541) luce_boot: Task watermark (current): 2092 words
2026-02-22T20:28:08Z I (551) luce_boot: App version: 2467f03-dirty
2026-02-22T20:28:08Z I (551) luce_boot: Project name: Luce
2026-02-22T20:28:08Z I (551) luce_boot: Secure version: 0
2026-02-22T20:28:08Z I (561) luce_boot: App compile time: 17:17:30 Feb 22 2026
2026-02-22T20:28:08Z I (561) luce_boot: ESP-IDF version: 5.5.0
2026-02-22T20:28:08Z I (571) luce_boot: ELF SHA256: 1c9ed7dff
2026-02-22T20:28:08Z I (571) luce_boot: Partition map:
2026-02-22T20:28:08Z I (571) luce_boot:   type=1 subtype=2 label=nvs offset=0x00009000 size=0x00006000
2026-02-22T20:28:08Z I (581) luce_boot:   type=1 subtype=1 label=phy_init offset=0x0000f000 size=0x00001000
2026-02-22T20:28:08Z I (591) luce_boot:   type=0 subtype=0 label=factory offset=0x00010000 size=0x00100000
2026-02-22T20:28:08Z 
2026-02-22T20:28:08Z assert failed: tlsf_free tlsf.c:630 (!block_is_free(block) && "block already marked as free")
2026-02-22T20:28:08Z 
2026-02-22T20:28:08Z 
2026-02-22T20:28:08Z Backtrace: 0x40082add:0x3ffba210 0x4008a1d9:0x3ffba230 0x40092129:0x3ffba250 0x4008f50f:0x3ffba370 0x4008f3b0:0x3ffba390 0x40083027:0x3ffba3b0 0x400921c5:0x3ffba3d0 0x400ddf25:0x3ffba3f0 0x400d3be9:0x3ffba410 0x400d53d7:0x3ffba440 0x4015deec:0x3ffba470 0x4008af99:0x3ffba4a0
2026-02-22T20:28:08Z 
2026-02-22T20:28:08Z 
2026-02-22T20:28:08Z 
2026-02-22T20:28:08Z 
2026-02-22T20:28:08Z ELF file SHA256: 1c9ed7dff
2026-02-22T20:28:08Z 
2026-02-22T20:28:08Z Rebooting...
2026-02-22T20:28:08Z ets Jul 29 2019 12:21:46
2026-02-22T20:28:08Z 
2026-02-22T20:28:08Z rst:0xc (SW_CPU_RESET),boot:0x13 (SPI_FAST_FLASH_BOOT)
2026-02-22T20:28:08Z configsip: 0, SPIWP:0xee
2026-02-22T20:28:08Z clk_drv:0x00,q_drv:0x00,d_drv:0x00,cs0_drv:0x00,hd_drv:0x00,wp_drv:0x00
2026-02-22T20:28:08Z mode:DIO, clock div:2
2026-02-22T20:28:08Z load:0x3fff0030,len:6380
2026-02-22T20:28:08Z ho 0 tail 12 room 4
2026-02-22T20:28:08Z load:0x40078000,len:15916
2026-02-22T20:28:08Z load:0x40080400,len:3860
2026-02-22T20:28:08Z entry 0x40080630
2026-02-22T20:28:08Z I (29) boot: ESP-IDF 5.5.0 2nd stage bootloader
2026-02-22T20:28:08Z I (29) boot: compile time Feb 22 2026 17:17:59
2026-02-22T20:28:08Z I (29) boot: Multicore bootloader
2026-02-22T20:28:08Z I (30) boot: chip revision: v3.1
2026-02-22T20:28:08Z I (33) boot.esp32: SPI Speed      : 40MHz
2026-02-22T20:28:08Z I (37) boot.esp32: SPI Mode       : DIO
2026-02-22T20:28:08Z I (40) boot.esp32: SPI Flash Size : 4MB
2026-02-22T20:28:08Z I (44) boot: Enabling RNG early entropy source...
2026-02-22T20:28:08Z I (49) boot: Partition Table:
2026-02-22T20:28:08Z I (51) boot: ## Label            Usage          Type ST Offset   Length
2026-02-22T20:28:08Z I (57) boot:  0 nvs              WiFi data        01 02 00009000 00006000
2026-02-22T20:28:08Z I (64) boot:  1 phy_init         RF data          01 01 0000f000 00001000
2026-02-22T20:28:08Z I (71) boot:  2 factory          factory app      00 00 00010000 00100000
2026-02-22T20:28:08Z I (77) boot: End of partition table
2026-02-22T20:28:08Z I (80) esp_image: segment 0: paddr=00010020 vaddr=3f400020 size=1d740h (120640) map
2026-02-22T20:28:08Z I (129) esp_image: segment 1: paddr=0002d768 vaddr=3ff80000 size=00020h (    32) load
2026-02-22T20:28:08Z I (129) esp_image: segment 2: paddr=0002d790 vaddr=3ffb0000 size=02888h ( 10376) load
2026-02-22T20:28:08Z I (137) esp_image: segment 3: paddr=00030020 vaddr=400d0020 size=90190h (590224) map
2026-02-22T20:28:09Z I (342) esp_image: segment 4: paddr=000c01b8 vaddr=3ffb2888 size=01784h (  6020) load
2026-02-22T20:28:09Z I (345) esp_image: segment 5: paddr=000c1944 vaddr=40080000 size=194e0h (103648) load
2026-02-22T20:28:09Z I (399) boot: Loaded app from partition at offset 0x10000
2026-02-22T20:28:09Z I (399) boot: Disabling RNG early entropy source...
2026-02-22T20:28:09Z I (409) cpu_start: Multicore app
2026-02-22T20:28:09Z I (418) cpu_start: Pro cpu start user code
2026-02-22T20:28:09Z I (418) cpu_start: cpu freq: 160000000 Hz
2026-02-22T20:28:09Z I (418) app_init: Application information:
2026-02-22T20:28:09Z I (418) app_init: Project name:     Luce
2026-02-22T20:28:09Z I (421) app_init: App version:      2467f03-dirty
2026-02-22T20:28:09Z I (426) app_init: Compile time:     Feb 22 2026 17:17:30
2026-02-22T20:28:09Z I (431) app_init: ELF file SHA256:  1c9ed7dff...
2026-02-22T20:28:09Z I (435) app_init: ESP-IDF:          5.5.0
2026-02-22T20:28:09Z I (439) efuse_init: Min chip rev:     v0.0
2026-02-22T20:28:09Z I (443) efuse_init: Max chip rev:     v3.99 
2026-02-22T20:28:09Z I (447) efuse_init: Chip rev:         v3.1
2026-02-22T20:28:09Z I (451) heap_init: Initializing. RAM available for dynamic allocation:
2026-02-22T20:28:09Z I (457) heap_init: At 3FFAE6E0 len 00001920 (6 KiB): DRAM
2026-02-22T20:28:09Z I (462) heap_init: At 3FFB8170 len 00027E90 (159 KiB): DRAM
2026-02-22T20:28:09Z I (467) heap_init: At 3FFE0440 len 00003AE0 (14 KiB): D/IRAM
2026-02-22T20:28:09Z I (473) heap_init: At 3FFE4350 len 0001BCB0 (111 KiB): D/IRAM
2026-02-22T20:28:09Z I (478) heap_init: At 400994E0 len 00006B20 (26 KiB): IRAM
2026-02-22T20:28:09Z I (485) spi_flash: detected chip: generic
2026-02-22T20:28:09Z I (487) spi_flash: flash io: dio
2026-02-22T20:28:09Z W (490) i2c: This driver is an old driver, please migrate your application code to adapt `driver/i2c_master.h`
2026-02-22T20:28:09Z I (501) main_task: Started on CPU0
2026-02-22T20:28:09Z I (511) main_task: Calling app_main()
2026-02-22T20:28:09Z I (511) luce_boot: LUCE STAGE5
2026-02-22T20:28:09Z I (511) luce_boot: Build timestamp: Feb 22 2026 17:17:28
2026-02-22T20:28:09Z I (511) luce_boot: Project version: 0.0.0-stage0
2026-02-22T20:28:09Z I (511) luce_boot: Git SHA: placeholder
2026-02-22T20:28:09Z I (521) luce_boot: Reset reason: PANIC (4)
2026-02-22T20:28:09Z I (521) luce_boot: Chip: model=1 revision=301 cores=2
2026-02-22T20:28:09Z I (531) luce_boot: Features: WIFI BT BLE 
2026-02-22T20:28:09Z I (531) luce_boot: CPU frequency: 1061162184 MHz
2026-02-22T20:28:09Z I (531) luce_boot: Heap free: 278752 bytes
2026-02-22T20:28:09Z I (541) luce_boot: Heap min-free: 278752 bytes
2026-02-22T20:28:09Z I (541) luce_boot: Task watermark (current): 2092 words
2026-02-22T20:28:09Z I (551) luce_boot: App version: 2467f03-dirty
2026-02-22T20:28:09Z I (551) luce_boot: Project name: Luce
2026-02-22T20:28:09Z I (551) luce_boot: Secure version: 0
2026-02-22T20:28:09Z I (561) luce_boot: App compile time: 17:17:30 Feb 22 2026
2026-02-22T20:28:09Z I (561) luce_boot: ESP-IDF version: 5.5.0
2026-02-22T20:28:09Z I (571) luce_boot: ELF SHA256: 1c9ed7dff
2026-02-22T20:28:09Z I (571) luce_boot: Partition map:
2026-02-22T20:28:09Z I (571) luce_boot:   type=1 subtype=2 label=nvs offset=0x00009000 size=0x00006000
2026-02-22T20:28:09Z I (581) luce_boot:   type=1 subtype=1 label=phy_init offset=0x0000f000 size=0x00001000
2026-02-22T20:28:09Z I (591) luce_boot:   type=0 subtype=0 label=factory offset=0x00010000 size=0x00100000
2026-02-22T20:28:09Z 
2026-02-22T20:28:09Z assert failed: tlsf_free tlsf.c:630 (!block_is_free(block) && "block already marked as free")
2026-02-22T20:28:09Z 
2026-02-22T20:28:09Z 
2026-02-22T20:28:09Z Backtrace: 0x40082add:0x3ffba210 0x4008a1d9:0x3ffba230 0x40092129:0x3ffba250 0x4008f50f:0x3ffba370 0x4008f3b0:0x3ffba390 0x40083027:0x3ffba3b0 0x400921c5:0x3ffba3d0 0x400ddf25:0x3ffba3f0 0x400d3be9:0x3ffba410 0x400d53d7:0x3ffba440 0x4015deec:0x3ffba470 0x4008af99:0x3ffba4a0
2026-02-22T20:28:09Z 
2026-02-22T20:28:09Z 
2026-02-22T20:28:09Z 
2026-02-22T20:28:09Z 
2026-02-22T20:28:09Z ELF file SHA256: 1c9ed7dff
2026-02-22T20:28:09Z 
2026-02-22T20:28:09Z Rebooting...
2026-02-22T20:28:09Z ets Jul 29 2019 12:21:46
2026-02-22T20:28:09Z 
2026-02-22T20:28:09Z rst:0xc (SW_CPU_RESET),boot:0x13 (SPI_FAST_FLASH_BOOT)
2026-02-22T20:28:09Z configsip: 0, SPIWP:0xee
2026-02-22T20:28:09Z clk_drv:0x00,q_drv:0x00,d_drv:0x00,cs0_drv:0x00,hd_drv:0x00,wp_drv:0x00
2026-02-22T20:28:09Z mode:DIO, clock div:2
2026-02-22T20:28:09Z load:0x3fff0030,len:6380
2026-02-22T20:28:09Z ho 0 tail 12 room 4
2026-02-22T20:28:09Z load:0x40078000,len:15916
2026-02-22T20:28:09Z load:0x40080400,len:3860
2026-02-22T20:28:09Z entry 0x40080630
2026-02-22T20:28:09Z I (29) boot: ESP-IDF 5.5.0 2nd stage bootloader
2026-02-22T20:28:09Z I (29) boot: compile time Feb 22 2026 17:17:59
2026-02-22T20:28:09Z I (29) boot: Multicore bootloader
2026-02-22T20:28:09Z I (30) boot: chip revision: v3.1
2026-02-22T20:28:09Z I (33) boot.esp32: SPI Speed      : 40MHz
2026-02-22T20:28:09Z I (37) boot.esp32: SPI Mode       : DIO
2026-02-22T20:28:09Z I (40) boot.esp32: SPI Flash Size : 4MB
2026-02-22T20:28:09Z I (44) boot: Enabling RNG early entropy source...
2026-02-22T20:28:09Z I (49) boot: Partition Table:
2026-02-22T20:28:09Z I (51) boot: ## Label            Usage          Type ST Offset   Length
2026-02-22T20:28:09Z I (57) boot:  0 nvs              WiFi data        01 02 00009000 00006000
2026-02-22T20:28:09Z I (64) boot:  1 phy_init         RF data          01 01 0000f000 00001000
2026-02-22T20:28:09Z I (71) boot:  2 factory          factory app      00 00 00010000 00100000
2026-02-22T20:28:09Z I (77) boot: End of partition table
2026-02-22T20:28:09Z I (80) esp_image: segment 0: paddr=00010020 vaddr=3f400020 size=1d740h (120640) map
2026-02-22T20:28:09Z I (129) esp_image: segment 1: paddr=0002d768 vaddr=3ff80000 size=00020h (    32) load
2026-02-22T20:28:09Z I (129) esp_image: segment 2: paddr=0002d790 vaddr=3ffb0000 size=02888h ( 10376) load
