TS=2026-02-22T19:51:24Z
PORT=/dev/cu.usbserial-40110
ENV=luce_stage0
DURATION=45
RESULT=RUNNING
PORT_OPEN=PASS
ERROR=device reports readiness to read but returned no data (device disconnected or multiple access on port?)
RESULT=FAIL
TS=2026-02-22T19:52:25Z
PORT=/dev/cu.usbserial-0001
BAUD=115200
DURATION=45
RESULT=RUNNING

2026-02-22T19:52:26Z 
I (235) heap_init: At 3FFAE6E0 len 00001920 (6 KiB): DRAM
I (240) heap_init: At 3FFB2CB8 len 0002D348 (180 KiB): DRAM
I (245) heap_init: At 3FFE0440 len 00003AE0 (14 KiB): D/IRAM
I (250) heap_init: At 3FFE4350 len 0001BCB0 (111 KiB): D/IRAM
I (256) heap_init: At 4008D0D0 len 00012F30 (75 KiB): IRAM
I (263) spi_flash: detected chip: generic
I (265) spi_flash: flash io: dio
I (268) main_task: Started on CPU0
I (278) main_task: Calling app_main()
I (278) luce_boot: LUCE STAGE0
I (278) luce_boot: Build timestamp: Feb 22 2026 16:46:44
I (278) luce_boot: Project version: 0.0.0-stage0
I (278) luce_boot: Git SHA: placeholder
I (288) luce_boot: Reset reason: PANIC (4)
I (288) luce_boot: Chip: model=1 revision=301 cores=2
I (298) luce_boot: Features: WIFI BT BLE 
I (298) luce_boot: CPU frequency: 1061159544 MHz
I (298) luce_boot: Heap free: 305132 bytes
I (308) luce_boot: Heap min-free: 305132 bytes
I (308) luce_boot: Task watermark (current): 2088 words
I (318) luce_boot: App version: 1ea2bda-dirt
2026-02-22T19:52:26Z y
I (318) luce_boot: Project name: Luce
I (318) luce_boot: Secure version: 0
I (328) luce_boot: App compile time: 16:40:49 Feb 22 2026
I (328) luce_boot: ESP-IDF version: 5.5.0
I (338) luce_boot: ELF SHA256: 947244a18
I (338) luce_boot: Partition map:
I (338) luce_boot:   type=1 subtype=2 label=nvs offset=0x00009000 size=0x00006000
I (348) luce_boot:   type=1 subtype=1 label=phy_init offset=0x0000f000 size=0x00001000
I (358) luce_boot:   type=0 subtype=0 label=factory offset=0x00010000 size=0x00100000

assert failed: tlsf_free tlsf.c:630 (!block_is_free(block) && "block already marked as free")


Backtrace: 0x40082109:0x3ffb3d50 0x40085685:0x3ffb3d70 0x4008b52d:0x3ffb3d90 0x40089e1f:0x3ffb3eb0 0x40089cc0:0x3ffb3ed0 0x40082403:0x3ffb3ef0 0x4008b5b5:0x3ffb3f10 0x400d4839:0x3ffb3f30 0x400d12a5:0x3ffb3f50 0x400d133f:0x3ffb3f80 0x400e6f8d:0x3ffb3fb0 0x40085e79:0x3ffb3fe0




ELF file SHA256: 947244a18

Rebooting...
ets Jul 29 2019 12:21:46

rst:0xc (SW_CPU_RESET),boot:0x13 (SPI_FAST_FLASH_B
2026-02-22T19:52:26Z OOT)
configsip: 0, SPIWP:0xee
clk_drv:0x00,q_drv:0x00,d_drv:0x00,cs0_drv:0x00,hd_drv:0x00,wp_drv:0x00
mode:DIO, clock div:2
load:0x3fff0030,len:6380
ho 0 tail 12 room 4
load:0x40078000,len:15916
load:0x40080400,len:3860
entry 0x40080630
I (29) boot: ESP-IDF 5.5.0 2nd stage bootloader
I (29) boot: compile time Feb 22 2026 16:41:13
I (29) boot: Multicore bootloader
I (30) boot: chip revision: v3.1
I (33) boot.esp32: SPI Speed      : 40MHz
I (37) boot.esp32: SPI Mode       : DIO
I (40) boot.esp32: SPI Flash Size : 4MB
I (44) boot: Enabling RNG early entropy source...
I (49) boot: Partition Table:
I (51) boot: ## Label            Usage          Type ST Offset   Length
I (57) boot:  0 nvs              WiFi data        01 02 00009000 00006000
I (64) boot:  1 phy_init         RF data          01 01 0000f000 00001000
I (71) boot:  2 factory          factory app      00 00 00010000 00100000
I (77) boot: End of partition table
I (80) esp_image: segment 0: paddr=00010020 vaddr=3f400020 size=0a744h
2026-02-22T19:52:26Z  ( 42820) map
I (102) esp_image: segment 1: paddr=0001a76c vaddr=3ff80000 size=00020h (    32) load
I (103) esp_image: segment 2: paddr=0001a794 vaddr=3ffb0000 size=023ech (  9196) load
I (110) esp_image: segment 3: paddr=0001cb88 vaddr=40080000 size=03490h ( 13456) load
I (119) esp_image: segment 4: paddr=00020020 vaddr=400d0020 size=17700h ( 96000) map
I (154) esp_image: segment 5: paddr=00037728 vaddr=40083490 size=09c40h ( 40000) load
I (176) boot: Loaded app from partition at offset 0x10000
I (177) boot: Disabling RNG early entropy source...
I (187) cpu_start: Multicore app
I (195) cpu_start: Pro cpu start user code
I (195) cpu_start: cpu freq: 160000000 Hz
I (195) app_init: Application information:
I (196) app_init: Project name:     Luce
I (199) app_init: App version:      1ea2bda-dirty
I (204) app_init: Compile time:     Feb 22 2026 16:40:49
I (209) app_init: ELF file SHA256:  947244a18...
I (213) app_init: ESP-IDF:          5.5.0
I (217) efuse_init: Min chip rev:     v0.0
I (220) ef
2026-02-22T19:52:26Z use_init: Max chip rev:     v3.99 
I (224) efuse_init: Chip rev:         v3.1
I (229) heap_init: Initializing. RAM available for dynamic allocation:
I (235) heap_init: At 3FFAE6E0 len 00001920 (6 KiB): DRAM
I (240) heap_init: At 3FFB2CB8 len 0002D348 (180 KiB): DRAM
I (245) heap_init: At 3FFE0440 len 00003AE0 (14 KiB): D/IRAM
I (250) heap_init: At 3FFE4350 len 0001BCB0 (111 KiB): D/IRAM
I (256) heap_init: At 4008D0D0 len 00012F30 (75 KiB): IRAM
I (263) spi_flash: detected chip: generic
I (265) spi_flash: flash io: dio
I (268) main_task: Started on CPU0
I (278) main_task: Calling app_main()
I (278) luce_boot: LUCE STAGE0
I (278) luce_boot: Build timestamp: Feb 22 2026 16:46:44
I (278) luce_boot: Project version: 0.0.0-stage0
I (278) luce_boot: Git SHA: placeholder
I (288) luce_boot: Reset reason: PANIC (4)
I (288) luce_boot: Chip: model=1 revision=301 cores=2
I (298) luce_boot: Features: WIFI BT BLE 
I (298) luce_boot: CPU frequency: 1061159544 MHz
I (298) luce_boot: Heap free: 305132 bytes
2026-02-22T19:52:26Z 
I (308) luce_boot: Heap min-free: 305132 bytes
I (308) luce_boot: Task watermark (current): 2088 words
I (318) luce_boot: App version: 1ea2bda-dirty
I (318) luce_boot: Project name: Luce
I (318) luce_boot: Secure version: 0
I (328) luce_boot: App compile time: 16:40:49 Feb 22 2026
I (328) luce_boot: ESP-IDF version: 5.5.0
I (338) luce_boot: ELF SHA256: 947244a18
I (338) luce_boot: Partition map:
I (338) luce_boot:   type=1 subtype=2 label=nvs offset=0x00009000 size=0x00006000
I (348) luce_boot:   type=1 subtype=1 label=phy_init offset=0x0000f000 size=0x00001000
I (358) luce_boot:   type=0 subtype=0 label=factory offset=0x00010000 size=0x00100000

assert failed: tlsf_free tlsf.c:630 (!block_is_free(block) && "block already marked as free")


Backtrace: 0x40082109:0x3ffb3d50 0x40085685:0x3ffb3d70 0x4008b52d:0x3ffb3d90 0x40089e1f:0x3ffb3eb0 0x40089cc0:0x3ffb3ed0 0x40082403:0x3ffb3ef0 0x4008b5b5:0x3ffb3f10 0x400d4839:0x3ffb3f30 0x400d12a5:0x3ffb3f50 0x400d133f:0x3ffb3f80 0x400e6f8d:0x3ffb3fb0 0x
2026-02-22T19:52:26Z 40085e79:0x3ffb3fe0




ELF file SHA256: 947244a18

Rebooting...
ets Jul 29 2019 12:21:46

rst:0xc (SW_CPU_RESET),boot:0x13 (SPI_FAST_FLASH_BOOT)
configsip: 0, SPIWP:0xee
clk_drv:0x00,q_drv:0x00,d_drv:0x00,cs0_drv:0x00,hd_drv:0x00,wp_drv:0x00
mode:DIO, clock div:2
load:0x3fff0030,len:6380
ho 0 tail 12 room 4
load:0x40078000,len:15916
load:0x40080400,len:3860
entry 0x40080630
I (29) boot: ESP-IDF 5.5.0 2nd stage bootloader
I (29) boot: compile time Feb 22 2026 16:41:13
I (29) boot: Multicore bootloader
I (30) boot: chip revision: v3.1
I (33) boot.esp32: SPI Speed      : 40MHz
I (37) boot.esp32: SPI Mode       : DIO
I (40) boot.esp32: SPI Flash Size : 4MB
I (44) boot: Enabling RNG early entropy source...
I (49) boot: Partition Table:
I (51) boot: ## Label            Usage          Type ST Offset   Length
I (57) boot:  0 nvs              WiFi data        01 02 00009000 00006000
I (64) boot:  1 phy_init         RF data          01 01 0000f000 00001000
I (71) boot:  2 factory        
2026-02-22T19:52:26Z   factory app      00 00 00010000 00100000
I (77) boot: End of partition table
I (80) esp_image: segment 0: paddr=00010020 vaddr=3f400020 size=0a744h ( 42820) map
I (102) esp_image: segment 1: paddr=0001a76c vaddr=3ff80000 size=00020h (    32) load
I (103) esp_image: segment 2: paddr=0001a794 vaddr=3ffb0000 size=023ech (  9196) load
I (110) esp_image: segment 3: paddr=0001cb88 vaddr=40080000 size=03490h ( 13456) load
I (119) esp_image: segment 4: paddr=00020020 vaddr=400d0020 size=17700h ( 96000) map
I (154) esp_image: segment 5: paddr=00037728 vaddr=40083490 size=09c40h ( 40000) load
I (176) boot: Loaded app from partition at offset 0x10000
I (177) boot: Disabling RNG early entropy source...
I (187) cpu_start: Multicore app
I (195) cpu_start: Pro cpu start user code
I (195) cpu_start: cpu freq: 160000000 Hz
I (195) app_init: Application information:
I (196) app_init: Project name:     Luce
I (199) app_init: App version:      1ea2bda-dirty
I (204) app_init: Compile time:     Feb 22 2026 16:40:
2026-02-22T19:52:26Z 49
I (209) app_init: ELF file SHA256:  947244a18...
I (213) app_init: ESP-IDF:          5.5.0
I (217) efuse_init: Min chip rev:     v0.0
I (220) efuse_init: Max chip rev:     v3.99 
I (224) efuse_init: Chip rev:         v3.1
I (229) heap_init: Initializing. RAM available for dynamic allocation:
I (235) heap_init: At 3FFAE6E0 len 00001920 (6 KiB): DRAM
I (240) heap_init: At 3FFB2CB8 len 0002D348 (180 KiB): DRAM
I (245) heap_init: At 3FFE0440 len 00003AE0 (14 KiB): D/IRAM
I (250) heap_init: At 3FFE4350 len 0001BCB0 (111 KiB): D/IRAM
I (256) heap_init: At 4008D0D0 len 00012F30 (75 KiB): IRAM
I (263) spi_flash: detected chip: generic
I (265) spi_flash: flash io: dio
I (268) main_task: Started on CPU0
I (278) main_task: Calling app_main()
I (278) luce_boot: LUCE STAGE0
I (278) luce_boot: Build timestamp: Feb 22 2026 16:46:44
I (278) luce_boot: Project version: 0.0.0-stage0
I (278) luce_boot: Git SHA: placeholder
I (288) luce_boot: Reset reason: PANIC (4)
I (288) luce_boot: Chip: model=1 revisi
2026-02-22T19:52:26Z on=301 cores=2
I (298) luce_boot: Features: WIFI BT BLE 
I (298) luce_boot: CPU frequency: 1061159544 MHz
I (298) luce_boot: Heap free: 305132 bytes
I (308) luce_boot: Heap min-free: 305132 bytes
I (308) luce_boot: Task watermark (current): 2088 words
I (318) luce_boot: App version: 1ea2bda-dirty
I (318) luce_boot: Project name: Luce
I (318) luce_boot: Secure version: 0
I (328) luce_boot: App compile time: 16:40:49 Feb 22 2026
I (328) luce_boot: ESP-IDF version: 5.5.0
I (338) luce_boot: ELF SHA256: 947244a18
I (338) luce_boot: Partition map:
I (338) luce_boot:   type=1 subtype=2 label=nvs offset=0x00009000 size=0x00006000
I (348) luce_boot:   type=1 subtype=1 label=phy_init offset=0x0000f000 size=0x00001000
I (358) luce_boot:   type=0 subtype=0 label=factory offset=0x00010000 size=0x00100000

assert failed: tlsf_free tlsf.c:630 (!block_is_free(block) && "block already marked as free")


Backtrace: 0x40082109:0x3ffb3d50 0x40085685:0x3ffb3d70 0x4008b52d:0x3ffb3d90 0x40089e1f:0x3ffb3eb0 0x400
2026-02-22T19:52:27Z 89cc0:0x3ffb3ed0 0x40082403:0x3ffb3ef0 0x4008b5b5:0x3ffb3f10 0x400d4839:0x3ffb3f30 0x400d12a5:0x3ffb3f50 0x400d133f:0x3ffb3f80 0x400e6f8d:0x3ffb3fb0 0x40085e79:0x3ffb3fe0




ELF file SHA256: 947244a18

Rebooting...
ets Jul 29 2019 12:21:46

rst:0xc (SW_CPU_RESET),boot:0x13 (SPI_FAST_FLASH_BOOT)
configsip: 0, SPIWP:0xee
clk_drv:0x00,q_drv:0x00,d_drv:0x00,cs0_drv:0x00,hd_drv:0x00,wp_drv:0x00
mode:DIO, clock div:2
load:0x3fff0030,len:6380
ho 0 tail 12 room 4
load:0x40078000,len:15916
load:0x40080400,len:3860
entry 0x40080630
I (29) boot: ESP-IDF 5.5.0 2nd stage bootloader
I (29) boot: compile time Feb 22 2026 16:41:13
I (29) boot: Multicore bootloader
I (30) boot: chip revision: v3.1
I (33) boot.esp32: SPI Speed      : 40MHz
I (37) boot.esp32: SPI Mode       : DIO
I (40) boot.esp32: SPI Flash Size : 4MB
I (44) boot: Enabling RNG early entropy source...
I (49) boot: Partition Table:
I (51) boot: ## Label            Usage          Type ST Offset   Length
I (57) boot:  0 nvs           
2026-02-22T19:52:27Z    WiFi data        01 02 00009000 00006000
I (64) boot:  1 phy_init         RF data          01 01 0000f000 00001000
I (71) boot:  2 factory          factory app      00 00 00010000 00100000
I (77) boot: End of partition table
I (80) esp_image: segment 0: paddr=00010020 vaddr=3f400020 size=0a744h ( 42820) map
I (102) esp_image: segment 1: paddr=0001a76c vaddr=3ff80000 size=00020h (    32) load
I (103) esp_image: segment 2: paddr=0001a794 vaddr=3ffb0000 size=023ech (  9196) load
I (110) esp_image: segment 3: paddr=0001cb88 vaddr=40080000 size=03490h ( 13456) load
I (119) esp_image: segment 4: paddr=00020020 vaddr=400d0020 size=17700h ( 96000) map
I (154) esp_image: segment 5: paddr=00037728 vaddr=40083490 size=09c40h ( 40000) load
I (176) boot: Loaded app from partition at offset 0x10000
I (177) boot: Disabling RNG early entropy source...
I (187) cpu_start: Multicore app
I (195) cpu_start: Pro cpu start user code
I (195) cpu_start: cpu freq: 160000000 Hz
I (195) app_init: Application informatio
2026-02-22T19:52:27Z n:
I (196) app_init: Project name:     Luce
I (199) app_init: App version:      1ea2bda-dirty
I (204) app_init: Compile time:     Feb 22 2026 16:40:49
I (209) app_init: ELF file SHA256:  947244a18...
I (213) app_init: ESP-IDF:          5.5.0
I (217) efuse_init: Min chip rev:     v0.0
I (220) efuse_init: Max chip rev:     v3.99 
I (224) efuse_init: Chip rev:         v3.1
I (229) heap_init: Initializing. RAM available for dynamic allocation:
I (235) heap_init: At 3FFAE6E0 len 00001920 (6 KiB): DRAM
I (240) heap_init: At 3FFB2CB8 len 0002D348 (180 KiB): DRAM
I (245) heap_init: At 3FFE0440 len 00003AE0 (14 KiB): D/IRAM
I (250) heap_init: At 3FFE4350 len 0001BCB0 (111 KiB): D/IRAM
I (256) heap_init: At 4008D0D0 len 00012F30 (75 KiB): IRAM
I (263) spi_flash: detected chip: generic
I (265) spi_flash: flash io: dio
I (268) main_task: Started on CPU0
I (278) main_task: Calling app_main()
I (278) luce_boot: LUCE STAGE0
I (278) luce_boot: Build timestamp: Feb 22 2026 16:46:44
I (278) luce_boot: Proj
2026-02-22T19:52:27Z ect version: 0.0.0-stage0
I (278) luce_boot: Git SHA: placeholder
I (288) luce_boot: Reset reason: PANIC (4)
I (288) luce_boot: Chip: model=1 revision=301 cores=2
I (298) luce_boot: Features: WIFI BT BLE 
I (298) luce_boot: CPU frequency: 1061159544 MHz
I (298) luce_boot: Heap free: 305132 bytes
I (308) luce_boot: Heap min-free: 305132 bytes
I (308) luce_boot: Task watermark (current): 2088 words
I (318) luce_boot: App version: 1ea2bda-dirty
I (318) luce_boot: Project name: Luce
I (318) luce_boot: Secure version: 0
I (328) luce_boot: App compile time: 16:40:49 Feb 22 2026
I (328) luce_boot: ESP-IDF version: 5.5.0
I (338) luce_boot: ELF SHA256: 947244a18
I (338) luce_boot: Partition map:
I (338) luce_boot:   type=1 subtype=2 label=nvs offset=0x00009000 size=0x00006000
I (348) luce_boot:   type=1 subtype=1 label=phy_init offset=0x0000f000 size=0x00001000
I (358) luce_boot:   type=0 subtype=0 label=factory offset=0x00010000 size=0x00100000

assert failed: tlsf_free tlsf.c:630 (!block_is_free(
2026-02-22T19:52:27Z block) && "block already marked as free")


Backtrace: 0x40082109:0x3ffb3d50 0x40085685:0x3ffb3d70 0x4008b52d:0x3ffb3d90 0x40089e1f:0x3ffb3eb0 0x40089cc0:0x3ffb3ed0 0x40082403:0x3ffb3ef0 0x4008b5b5:0x3ffb3f10 0x400d4839:0x3ffb3f30 0x400d12a5:0x3ffb3f50 0x400d133f:0x3ffb3f80 0x400e6f8d:0x3ffb3fb0 0x40085e79:0x3ffb3fe0




ELF file SHA256: 947244a18

Rebooting...
ets Jul 29 2019 12:21:46

rst:0xc (SW_CPU_RESET),boot:0x13 (SPI_FAST_FLASH_BOOT)
configsip: 0, SPIWP:0xee
clk_drv:0x00,q_drv:0x00,d_drv:0x00,cs0_drv:0x00,hd_drv:0x00,wp_drv:0x00
mode:DIO, clock div:2
load:0x3fff0030,len:6380
ho 0 tail 12 room 4
load:0x40078000,len:15916
load:0x40080400,len:3860
entry 0x40080630
I (29) boot: ESP-IDF 5.5.0 2nd stage bootloader
I (29) boot: compile time Feb 22 2026 16:41:13
I (29) boot: Multicore bootloader
I (30) boot: chip revision: v3.1
I (33) boot.esp32: SPI Speed      : 40MHz
I (37) boot.esp32: SPI Mode       : DIO
I (40) boot.esp32: SPI Flash Size : 4MB
I (44) boot: Enabling RNG early en
2026-02-22T19:52:27Z tropy source...
I (49) boot: Partition Table:
I (51) boot: ## Label            Usage          Type ST Offset   Length
I (57) boot:  0 nvs              WiFi data        01 02 00009000 00006000
I (64) boot:  1 phy_init         RF data          01 01 0000f000 00001000
I (71) boot:  2 factory          factory app      00 00 00010000 00100000
I (77) boot: End of partition table
I (80) esp_image: segment 0: paddr=00010020 vaddr=3f400020 size=0a744h ( 42820) map
I (102) esp_image: segment 1: paddr=0001a76c vaddr=3ff80000 size=00020h (    32) load
I (103) esp_image: segment 2: paddr=0001a794 vaddr=3ffb0000 size=023ech (  9196) load
I (110) esp_image: segment 3: paddr=0001cb88 vaddr=40080000 size=03490h ( 13456) load
I (119) esp_image: segment 4: paddr=00020020 vaddr=400d0020 size=17700h ( 96000) map
I (154) esp_image: segment 5: paddr=00037728 vaddr=40083490 size=09c40h ( 40000) load
I (176) boot: Loaded app from partition at offset 0x10000
I (177) boot: Disabling RNG early entropy source...
I (187) cp
2026-02-22T19:52:27Z u_start: Multicore app
I (195) cpu_start: Pro cpu start user code
I (195) cpu_start: cpu freq: 160000000 Hz
I (195) app_init: Application information:
I (196) app_init: Project name:     Luce
I (199) app_init: App version:      1ea2bda-dirty
I (204) app_init: Compile time:     Feb 22 2026 16:40:49
I (209) app_init: ELF file SHA256:  947244a18...
I (213) app_init: ESP-IDF:          5.5.0
I (217) efuse_init: Min chip rev:     v0.0
I (220) efuse_init: Max chip rev:     v3.99 
I (224) efuse_init: Chip rev:         v3.1
I (229) heap_init: Initializing. RAM available for dynamic allocation:
I (235) heap_init: At 3FFAE6E0 len 00001920 (6 KiB): DRAM
I (240) heap_init: At 3FFB2CB8 len 0002D348 (180 KiB): DRAM
I (245) heap_init: At 3FFE0440 len 00003AE0 (14 KiB): D/IRAM
I (250) heap_init: At 3FFE4350 len 0001BCB0 (111 KiB): D/IRAM
I (256) heap_init: At 4008D0D0 len 00012F30 (75 KiB): IRAM
I (263) spi_flash: detected chip: generic
I (265) spi_flash: flash io: dio
I (268) main_task: Started on CPU0
I
2026-02-22T19:52:27Z  (278) main_task: Calling app_main()
I (278) luce_boot: LUCE STAGE0
I (278) luce_boot: Build timestamp: Feb 22 2026 16:46:44
I (278) luce_boot: Project version: 0.0.0-stage0
I (278) luce_boot: Git SHA: placeholder
I (288) luce_boot: Reset reason: PANIC (4)
I (288) luce_boot: Chip: model=1 revision=301 cores=2
I (298) luce_boot: Features: WIFI BT BLE 
I (298) luce_boot: CPU frequency: 1061159544 MHz
I (298) luce_boot: Heap free: 305132 bytes
I (308) luce_boot: Heap min-free: 305132 bytes
I (308) luce_boot: Task watermark (current): 2088 words
I (318) luce_boot: App version: 1ea2bda-dirty
I (318) luce_boot: Project name: Luce
I (318) luce_boot: Secure version: 0
I (328) luce_boot: App compile time: 16:40:49 Feb 22 2026
I (328) luce_boot: ESP-IDF version: 5.5.0
I (338) luce_boot: ELF SHA256: 947244a18
I (338) luce_boot: Partition map:
I (338) luce_boot:   type=1 subtype=2 label=nvs offset=0x00009000 size=0x00006000
I (348) luce_boot:   type=1 subtype=1 label=phy_init offset=0x0000f000 size=0x
2026-02-22T19:52:27Z 00001000
I (358) luce_boot:   type=0 subtype=0 label=factory offset=0x00010000 size=0x00100000

assert failed: tlsf_free tlsf.c:630 (!block_is_free(block) && "block already marked as free")


Backtrace: 0x40082109:0x3ffb3d50 0x40085685:0x3ffb3d70 0x4008b52d:0x3ffb3d90 0x40089e1f:0x3ffb3eb0 0x40089cc0:0x3ffb3ed0 0x40082403:0x3ffb3ef0 0x4008b5b5:0x3ffb3f10 0x400d4839:0x3ffb3f30 0x400d12a5:0x3ffb3f50 0x400d133f:0x3ffb3f80 0x400e6f8d:0x3ffb3fb0 0x40085e79:0x3ffb3fe0




ELF file SHA256: 947244a18

Rebooting...
ets Jul 29 2019 12:21:46

rst:0xc (SW_CPU_RESET),boot:0x13 (SPI_FAST_FLASH_BOOT)
configsip: 0, SPIWP:0xee
clk_drv:0x00,q_drv:0x00,d_drv:0x00,cs0_drv:0x00,hd_drv:0x00,wp_drv:0x00
mode:DIO, clock div:2
load:0x3fff0030,len:6380
ho 0 tail 12 room 4
load:0x40078000,len:15916
load:0x40080400,len:3860
entry 0x40080630
I (29) boot: ESP-IDF 5.5.0 2nd stage bootloader
I (29) boot: compile time Feb 22 2026 16:41:13
I (29) boot: Multicore bootloader
I (30) boot: chip revision: v3.1
I (33) b
2026-02-22T19:52:27Z oot.esp32: SPI Speed      : 40MHz
I (37) boot.esp32: SPI Mode       : DIO
I (40) boot.esp32: SPI Flash Size : 4MB
I (44) boot: Enabling RNG early entropy source...
I (49) boot: Partition Table:
I (51) boot: ## Label            Usage          Type ST Offset   Length
I (57) boot:  0 nvs              WiFi data        01 02 00009000 00006000
I (64) boot:  1 phy_init         RF data          01 01 0000f000 00001000
I (71) boot:  2 factory          factory app      00 00 00010000 00100000
I (77) boot: End of partition table
I (80) esp_image: segment 0: paddr=00010020 vaddr=3f400020 size=0a744h ( 42820) map
I (102) esp_image: segment 1: paddr=0001a76c vaddr=3ff80000 size=00020h (    32) load
I (103) esp_image: segment 2: paddr=0001a794 vaddr=3ffb0000 size=023ech (  9196) load
I (110) esp_image: segment 3: paddr=0001cb88 vaddr=40080000 size=03490h ( 13456) load
I (119) esp_image: segment 4: paddr=00020020 vaddr=400d0020 size=17700h ( 96000) map
I (154) esp_image: segment 5: paddr=00037728 vaddr=4008349
2026-02-22T19:52:28Z 0 size=09c40h ( 40000) load
I (176) boot: Loaded app from partition at offset 0x10000
I (177) boot: Disabling RNG early entropy source...
I (187) cpu_start: Multicore app
I (195) cpu_start: Pro cpu start user code
I (195) cpu_start: cpu freq: 160000000 Hz
I (195) app_init: Application information:
I (196) app_init: Project name:     Luce
I (199) app_init: App version:      1ea2bda-dirty
I (204) app_init: Compile time:     Feb 22 2026 16:40:49
I (209) app_init: ELF file SHA256:  947244a18...
I (213) app_init: ESP-IDF:          5.5.0
I (217) efuse_init: Min chip rev:     v0.0
I (220) efuse_init: Max chip rev:     v3.99 
I (224) efuse_init: Chip rev:         v3.1
I (229) heap_init: Initializing. RAM available for dynamic allocation:
I (235) heap_init: At 3FFAE6E0 len 00001920 (6 KiB): DRAM
I (240) heap_init: At 3FFB2CB8 len 0002D348 (180 KiB): DRAM
I (245) heap_init: At 3FFE0440 len 00003AE0 (14 KiB): D/IRAM
I (250) heap_init: At 3FFE4350 len 0001BCB0 (111 KiB): D/IRAM
I (256) heap_init: At 4
2026-02-22T19:52:28Z 008D0D0 len 00012F30 (75 KiB): IRAM
I (263) spi_flash: detected chip: generic
I (265) spi_flash: flash io: dio
I (268) main_task: Started on CPU0
I (278) main_task: Calling app_main()
I (278) luce_boot: LUCE STAGE0
I (278) luce_boot: Build timestamp: Feb 22 2026 16:46:44
I (278) luce_boot: Project version: 0.0.0-stage0
I (278) luce_boot: Git SHA: placeholder
I (288) luce_boot: Reset reason: PANIC (4)
I (288) luce_boot: Chip: model=1 revision=301 cores=2
I (298) luce_boot: Features: WIFI BT BLE 
I (298) luce_boot: CPU frequency: 1061159544 MHz
I (298) luce_boot: Heap free: 305132 bytes
I (308) luce_boot: Heap min-free: 305132 bytes
I (308) luce_boot: Task watermark (current): 2088 words
I (318) luce_boot: App version: 1ea2bda-dirty
I (318) luce_boot: Project name: Luce
I (318) luce_boot: Secure version: 0
I (328) luce_boot: App compile time: 16:40:49 Feb 22 2026
I (328) luce_boot: ESP-IDF version: 5.5.0
I (338) luce_boot: ELF SHA256: 947244a18
I (338) luce_boot: Partition map:
I (338) lu
2026-02-22T19:52:28Z ce_boot:   type=1 subtype=2 label=nvs offset=0x00009000 size=0x00006000
I (348) luce_boot:   type=1 subtype=1 label=phy_init offset=0x0000f000 size=0x00001000
I (358) luce_boot:   type=0 subtype=0 label=factory offset=0x00010000 size=0x00100000

assert failed: tlsf_free tlsf.c:630 (!block_is_free(block) && "block already marked as free")


Backtrace: 0x40082109:0x3ffb3d50 0x40085685:0x3ffb3d70 0x4008b52d:0x3ffb3d90 0x40089e1f:0x3ffb3eb0 0x40089cc0:0x3ffb3ed0 0x40082403:0x3ffb3ef0 0x4008b5b5:0x3ffb3f10 0x400d4839:0x3ffb3f30 0x400d12a5:0x3ffb3f50 0x400d133f:0x3ffb3f80 0x400e6f8d:0x3ffb3fb0 0x40085e79:0x3ffb3fe0




ELF file SHA256: 947244a18

Rebooting...
ets Jul 29 2019 12:21:46

rst:0xc (SW_CPU_RESET),boot:0x13 (SPI_FAST_FLASH_BOOT)
configsip: 0, SPIWP:0xee
clk_drv:0x00,q_drv:0x00,d_drv:0x00,cs0_drv:0x00,hd_drv:0x00,wp_drv:0x00
mode:DIO, clock div:2
load:0x3fff0030,len:6380
ho 0 tail 12 room 4
load:0x40078000,len:15916
load:0x40080400,len:3860
entry 0x40080630
I (29) boot: ESP-IDF 5.
2026-02-22T19:52:28Z 5.0 2nd stage bootloader
I (29) boot: compile time Feb 22 2026 16:41:13
I (29) boot: Multicore bootloader
I (30) boot: chip revision: v3.1
I (33) boot.esp32: SPI Speed      : 40MHz
I (37) boot.esp32: SPI Mode       : DIO
I (40) boot.esp32: SPI Flash Size : 4MB
I (44) boot: Enabling RNG early entropy source...
I (49) boot: Partition Table:
I (51) boot: ## Label            Usage          Type ST Offset   Length
I (57) boot:  0 nvs              WiFi data        01 02 00009000 00006000
I (64) boot:  1 phy_init         RF data          01 01 0000f000 00001000
I (71) boot:  2 factory          factory app      00 00 00010000 00100000
I (77) boot: End of partition table
I (80) esp_image: segment 0: paddr=00010020 vaddr=3f400020 size=0a744h ( 42820) map
I (102) esp_image: segment 1: paddr=0001a76c vaddr=3ff80000 size=00020h (    32) load
I (103) esp_image: segment 2: paddr=0001a794 vaddr=3ffb0000 size=023ech (  9196) load
I (110) esp_image: segment 3: paddr=0001cb88 vaddr=40080000 size=03490h ( 13456)
2026-02-22T19:52:28Z  load
I (119) esp_image: segment 4: paddr=00020020 vaddr=400d0020 size=17700h ( 96000) map
I (154) esp_image: segment 5: paddr=00037728 vaddr=40083490 size=09c40h ( 40000) load
I (176) boot: Loaded app from partition at offset 0x10000
I (177) boot: Disabling RNG early entropy source...
I (187) cpu_start: Multicore app
I (195) cpu_start: Pro cpu start user code
I (195) cpu_start: cpu freq: 160000000 Hz
I (195) app_init: Application information:
I (196) app_init: Project name:     Luce
I (199) app_init: App version:      1ea2bda-dirty
I (204) app_init: Compile time:     Feb 22 2026 16:40:49
I (209) app_init: ELF file SHA256:  947244a18...
I (213) app_init: ESP-IDF:          5.5.0
I (217) efuse_init: Min chip rev:     v0.0
I (220) efuse_init: Max chip rev:     v3.99 
I (224) efuse_init: Chip rev:         v3.1
I (229) heap_init: Initializing. RAM available for dynamic allocation:
I (235) heap_init: At 3FFAE6E0 len 00001920 (6 KiB): DRAM
I (240) heap_init: At 3FFB2CB8 len 0002D348 (180 KiB): DRA
2026-02-22T19:52:28Z M
I (245) heap_init: At 3FFE0440 len 00003AE0 (14 KiB): D/IRAM
I (250) heap_init: At 3FFE4350 len 0001BCB0 (111 KiB): D/IRAM
I (256) heap_init: At 4008D0D0 len 00012F30 (75 KiB): IRAM
I (263) spi_flash: detected chip: generic
I (265) spi_flash: flash io: dio
I (268) main_task: Started on CPU0
I (278) main_task: Calling app_main()
I (278) luce_boot: LUCE STAGE0
I (278) luce_boot: Build timestamp: Feb 22 2026 16:46:44
I (278) luce_boot: Project version: 0.0.0-stage0
I (278) luce_boot: Git SHA: placeholder
I (288) luce_boot: Reset reason: PANIC (4)
I (288) luce_boot: Chip: model=1 revision=301 cores=2
I (298) luce_boot: Features: WIFI BT BLE 
I (298) luce_boot: CPU frequency: 1061159544 MHz
I (298) luce_boot: Heap free: 305132 bytes
I (308) luce_boot: Heap min-free: 305132 bytes
I (308) luce_boot: Task watermark (current): 2088 words
I (318) luce_boot: App version: 1ea2bda-dirty
I (318) luce_boot: Project name: Luce
I (318) luce_boot: Secure version: 0
I (328) luce_boot: App compile time: 1
2026-02-22T19:52:28Z 6:40:49 Feb 22 2026
I (328) luce_boot: ESP-IDF version: 5.5.0
I (338) luce_boot: ELF SHA256: 947244a18
I (338) luce_boot: Partition map:
I (338) luce_boot:   type=1 subtype=2 label=nvs offset=0x00009000 size=0x00006000
I (348) luce_boot:   type=1 subtype=1 label=phy_init offset=0x0000f000 size=0x00001000
I (358) luce_boot:   type=0 subtype=0 label=factory offset=0x00010000 size=0x00100000

assert failed: tlsf_free tlsf.c:630 (!block_is_free(block) && "block already marked as free")


Backtrace: 0x40082109:0x3ffb3d50 0x40085685:0x3ffb3d70 0x4008b52d:0x3ffb3d90 0x40089e1f:0x3ffb3eb0 0x40089cc0:0x3ffb3ed0 0x40082403:0x3ffb3ef0 0x4008b5b5:0x3ffb3f10 0x400d4839:0x3ffb3f30 0x400d12a5:0x3ffb3f50 0x400d133f:0x3ffb3f80 0x400e6f8d:0x3ffb3fb0 0x40085e79:0x3ffb3fe0




ELF file SHA256: 947244a18

Rebooting...
ets Jul 29 2019 12:21:46

rst:0xc (SW_CPU_RESET),boot:0x13 (SPI_FAST_FLASH_BOOT)
configsip: 0, SPIWP:0xee
clk_drv:0x00,q_drv:0x00,d_drv:0x00,cs0_drv:0x00,hd_drv:0x00,wp_drv:0x00
mode:DIO, clo
2026-02-22T19:52:28Z ck div:2
load:0x3fff0030,len:6380
ho 0 tail 12 room 4
load:0x40078000,len:15916
load:0x40080400,len:3860
entry 0x40080630
I (29) boot: ESP-IDF 5.5.0 2nd stage bootloader
I (29) boot: compile time Feb 22 2026 16:41:13
I (29) boot: Multicore bootloader
I (30) boot: chip revision: v3.1
I (33) boot.esp32: SPI Speed      : 40MHz
I (37) boot.esp32: SPI Mode       : DIO
I (40) boot.esp32: SPI Flash Size : 4MB
I (44) boot: Enabling RNG early entropy source...
I (49) boot: Partition Table:
I (51) boot: ## Label            Usage          Type ST Offset   Length
I (57) boot:  0 nvs              WiFi data        01 02 00009000 00006000
I (64) boot:  1 phy_init         RF data          01 01 0000f000 00001000
I (71) boot:  2 factory          factory app      00 00 00010000 00100000
I (77) boot: End of partition table
I (80) esp_image: segment 0: paddr=00010020 vaddr=3f400020 size=0a744h ( 42820) map
I (102) esp_image: segment 1: paddr=0001a76c vaddr=3ff80000 size=00020h (    32) load
I (103) esp_imag
2026-02-22T19:52:28Z e: segment 2: paddr=0001a794 vaddr=3ffb0000 size=023ech (  9196) load
I (110) esp_image: segment 3: paddr=0001cb88 vaddr=40080000 size=03490h ( 13456) load
I (119) esp_image: segment 4: paddr=00020020 vaddr=400d0020 size=17700h ( 96000) map
I (154) esp_image: segment 5: paddr=00037728 vaddr=40083490 size=09c40h ( 40000) load
I (176) boot: Loaded app from partition at offset 0x10000
I (177) boot: Disabling RNG early entropy source...
I (187) cpu_start: Multicore app
I (195) cpu_start: Pro cpu start user code
I (195) cpu_start: cpu freq: 160000000 Hz
I (195) app_init: Application information:
I (196) app_init: Project name:     Luce
I (199) app_init: App version:      1ea2bda-dirty
I (204) app_init: Compile time:     Feb 22 2026 16:40:49
I (209) app_init: ELF file SHA256:  947244a18...
I (213) app_init: ESP-IDF:          5.5.0
I (217) efuse_init: Min chip rev:     v0.0
I (220) efuse_init: Max chip rev:     v3.99 
I (224) efuse_init: Chip rev:         v3.1
I (229) heap_init: Initializing. RAM a
2026-02-22T19:52:28Z vailable for dynamic allocation:
I (235) heap_init: At 3FFAE6E0 len 00001920 (6 KiB): DRAM
I (240) heap_init: At 3FFB2CB8 len 0002D348 (180 KiB): DRAM
I (245) heap_init: At 3FFE0440 len 00003AE0 (14 KiB): D/IRAM
I (250) heap_init: At 3FFE4350 len 0001BCB0 (111 KiB): D/IRAM
I (256) heap_init: At 4008D0D0 len 00012F30 (75 KiB): IRAM
I (263) spi_flash: detected chip: generic
I (265) spi_flash: flash io: dio
I (268) main_task: Started on CPU0
I (278) main_task: Calling app_main()
I (278) luce_boot: LUCE STAGE0
I (278) luce_boot: Build timestamp: Feb 22 2026 16:46:44
I (278) luce_boot: Project version: 0.0.0-stage0
I (278) luce_boot: Git SHA: placeholder
I (288) luce_boot: Reset reason: PANIC (4)
I (288) luce_boot: Chip: model=1 revision=301 cores=2
I (298) luce_boot: Features: WIFI BT BLE 
I (298) luce_boot: CPU frequency: 1061159544 MHz
I (298) luce_boot: Heap free: 305132 bytes
I (308) luce_boot: Heap min-free: 305132 bytes
I (308) luce_boot: Task watermark (current): 2088 words
I (318) luc
2026-02-22T19:52:29Z e_boot: App version: 1ea2bda-dirty
I (318) luce_boot: Project name: Luce
I (318) luce_boot: Secure version: 0
I (328) luce_boot: App compile time: 16:40:49 Feb 22 2026
I (328) luce_boot: ESP-IDF version: 5.5.0
I (338) luce_boot: ELF SHA256: 947244a18
I (338) luce_boot: Partition map:
I (338) luce_boot:   type=1 subtype=2 label=nvs offset=0x00009000 size=0x00006000
I (348) luce_boot:   type=1 subtype=1 label=phy_init offset=0x0000f000 size=0x00001000
I (358) luce_boot:   type=0 subtype=0 label=factory offset=0x00010000 size=0x00100000

assert failed: tlsf_free tlsf.c:630 (!block_is_free(block) && "block already marked as free")


Backtrace: 0x40082109:0x3ffb3d50 0x40085685:0x3ffb3d70 0x4008b52d:0x3ffb3d90 0x40089e1f:0x3ffb3eb0 0x40089cc0:0x3ffb3ed0 0x40082403:0x3ffb3ef0 0x4008b5b5:0x3ffb3f10 0x400d4839:0x3ffb3f30 0x400d12a5:0x3ffb3f50 0x400d133f:0x3ffb3f80 0x400e6f8d:0x3ffb3fb0 0x40085e79:0x3ffb3fe0




ELF file SHA256: 947244a18

Rebooting...
ets Jul 29 2019 12:21:46

rst:0xc (SW_CPU_R
2026-02-22T19:52:29Z ESET),boot:0x13 (SPI_FAST_FLASH_BOOT)
configsip: 0, SPIWP:0xee
clk_drv:0x00,q_drv:0x00,d_drv:0x00,cs0_drv:0x00,hd_drv:0x00,wp_drv:0x00
mode:DIO, clock div:2
load:0x3fff0030,len:6380
ho 0 tail 12 room 4
load:0x40078000,len:15916
load:0x40080400,len:3860
entry 0x40080630
I (29) boot: ESP-IDF 5.5.0 2nd stage bootloader
I (29) boot: compile time Feb 22 2026 16:41:13
I (29) boot: Multicore bootloader
I (30) boot: chip revision: v3.1
I (33) boot.esp32: SPI Speed      : 40MHz
I (37) boot.esp32: SPI Mode       : DIO
I (40) boot.esp32: SPI Flash Size : 4MB
I (44) boot: Enabling RNG early entropy source...
I (49) boot: Partition Table:
I (51) boot: ## Label            Usage          Type ST Offset   Length
I (57) boot:  0 nvs              WiFi data        01 02 00009000 00006000
I (64) boot:  1 phy_init         RF data          01 01 0000f000 00001000
I (71) boot:  2 factory          factory app      00 00 00010000 00100000
I (77) boot: End of partition table
I (80) esp_image: segment 0: paddr=00
2026-02-22T19:52:29Z 010020 vaddr=3f400020 size=0a744h ( 42820) map
I (102) esp_image: segment 1: paddr=0001a76c vaddr=3ff80000 size=00020h (    32) load
I (103) esp_image: segment 2: paddr=0001a794 vaddr=3ffb0000 size=023ech (  9196) load
I (110) esp_image: segment 3: paddr=0001cb88 vaddr=40080000 size=03490h ( 13456) load
I (119) esp_image: segment 4: paddr=00020020 vaddr=400d0020 size=17700h ( 96000) map
I (154) esp_image: segment 5: paddr=00037728 vaddr=40083490 size=09c40h ( 40000) load
I (176) boot: Loaded app from partition at offset 0x10000
I (177) boot: Disabling RNG early entropy source...
I (187) cpu_start: Multicore app
I (195) cpu_start: Pro cpu start user code
I (195) cpu_start: cpu freq: 160000000 Hz
I (195) app_init: Application information:
I (196) app_init: Project name:     Luce
I (199) app_init: App version:      1ea2bda-dirty
I (204) app_init: Compile time:     Feb 22 2026 16:40:49
I (209) app_init: ELF file SHA256:  947244a18...
I (213) app_init: ESP-IDF:          5.5.0
I (217) efuse_init: M
2026-02-22T19:52:29Z in chip rev:     v0.0
I (220) efuse_init: Max chip rev:     v3.99 
I (224) efuse_init: Chip rev:         v3.1
I (229) heap_init: Initializing. RAM available for dynamic allocation:
I (235) heap_init: At 3FFAE6E0 len 00001920 (6 KiB): DRAM
I (240) heap_init: At 3FFB2CB8 len 0002D348 (180 KiB): DRAM
I (245) heap_init: At 3FFE0440 len 00003AE0 (14 KiB): D/IRAM
I (250) heap_init: At 3FFE4350 len 0001BCB0 (111 KiB): D/IRAM
I (256) heap_init: At 4008D0D0 len 00012F30 (75 KiB): IRAM
I (263) spi_flash: detected chip: generic
I (265) spi_flash: flash io: dio
I (268) main_task: Started on CPU0
I (278) main_task: Calling app_main()
I (278) luce_boot: LUCE STAGE0
I (278) luce_boot: Build timestamp: Feb 22 2026 16:46:44
I (278) luce_boot: Project version: 0.0.0-stage0
I (278) luce_boot: Git SHA: placeholder
I (288) luce_boot: Reset reason: PANIC (4)
I (288) luce_boot: Chip: model=1 revision=301 cores=2
I (298) luce_boot: Features: WIFI BT BLE 
I (298) luce_boot: CPU frequency: 1061159544 MHz
I (298) l
2026-02-22T19:52:29Z uce_boot: Heap free: 305132 bytes
I (308) luce_boot: Heap min-free: 305132 bytes
I (308) luce_boot: Task watermark (current): 2088 words
I (318) luce_boot: App version: 1ea2bda-dirty
I (318) luce_boot: Project name: Luce
I (318) luce_boot: Secure version: 0
I (328) luce_boot: App compile time: 16:40:49 Feb 22 2026
I (328) luce_boot: ESP-IDF version: 5.5.0
I (338) luce_boot: ELF SHA256: 947244a18
I (338) luce_boot: Partition map:
I (338) luce_boot:   type=1 subtype=2 label=nvs offset=0x00009000 size=0x00006000
I (348) luce_boot:   type=1 subtype=1 label=phy_init offset=0x0000f000 size=0x00001000
I (358) luce_boot:   type=0 subtype=0 label=factory offset=0x00010000 size=0x00100000

assert failed: tlsf_free tlsf.c:630 (!block_is_free(block) && "block already marked as free")


Backtrace: 0x40082109:0x3ffb3d50 0x40085685:0x3ffb3d70 0x4008b52d:0x3ffb3d90 0x40089e1f:0x3ffb3eb0 0x40089cc0:0x3ffb3ed0 0x40082403:0x3ffb3ef0 0x4008b5b5:0x3ffb3f10 0x400d4839:0x3ffb3f30 0x400d12a5:0x3ffb3f50 0x400d133f:0x
2026-02-22T19:52:29Z 3ffb3f80 0x400e6f8d:0x3ffb3fb0 0x40085e79:0x3ffb3fe0




ELF file SHA256: 947244a18

Rebooting...
ets Jul 29 2019 12:21:46

rst:0xc (SW_CPU_RESET),boot:0x13 (SPI_FAST_FLASH_BOOT)
configsip: 0, SPIWP:0xee
clk_drv:0x00,q_drv:0x00,d_drv:0x00,cs0_drv:0x00,hd_drv:0x00,wp_drv:0x00
mode:DIO, clock div:2
load:0x3fff0030,len:6380
ho 0 tail 12 room 4
load:0x40078000,len:15916
load:0x40080400,len:3860
entry 0x40080630
I (29) boot: ESP-IDF 5.5.0 2nd stage bootloader
I (29) boot: compile time Feb 22 2026 16:41:13
I (29) boot: Multicore bootloader
I (30) boot: chip revision: v3.1
I (33) boot.esp32: SPI Speed      : 40MHz
I (37) boot.esp32: SPI Mode       : DIO
I (40) boot.esp32: SPI Flash Size : 4MB
I (44) boot: Enabling RNG early entropy source...
I (49) boot: Partition Table:
I (51) boot: ## Label            Usage          Type ST Offset   Length
I (57) boot:  0 nvs              WiFi data        01 02 00009000 00006000
I (64) boot:  1 phy_init         RF data          01 01 0000f000 00001000
2026-02-22T19:52:29Z 
I (71) boot:  2 factory          factory app      00 00 00010000 00100000
I (77) boot: End of partition table
I (80) esp_image: segment 0: paddr=00010020 vaddr=3f400020 size=0a744h ( 42820) map
I (102) esp_image: segment 1: paddr=0001a76c vaddr=3ff80000 size=00020h (    32) load
I (103) esp_image: segment 2: paddr=0001a794 vaddr=3ffb0000 size=023ech (  9196) load
I (110) esp_image: segment 3: paddr=0001cb88 vaddr=40080000 size=03490h ( 13456) load
I (119) esp_image: segment 4: paddr=00020020 vaddr=400d0020 size=17700h ( 96000) map
I (154) esp_image: segment 5: paddr=00037728 vaddr=40083490 size=09c40h ( 40000) load
I (176) boot: Loaded app from partition at offset 0x10000
I (177) boot: Disabling RNG early entropy source...
I (187) cpu_start: Multicore app
I (195) cpu_start: Pro cpu start user code
I (195) cpu_start: cpu freq: 160000000 Hz
I (195) app_init: Application information:
I (196) app_init: Project name:     Luce
I (199) app_init: App version:      1ea2bda-dirty
I (204) app_init: Com
2026-02-22T19:52:29Z pile time:     Feb 22 2026 16:40:49
I (209) app_init: ELF file SHA256:  947244a18...
I (213) app_init: ESP-IDF:          5.5.0
I (217) efuse_init: Min chip rev:     v0.0
I (220) efuse_init: Max chip rev:     v3.99 
I (224) efuse_init: Chip rev:         v3.1
I (229) heap_init: Initializing. RAM available for dynamic allocation:
I (235) heap_init: At 3FFAE6E0 len 00001920 (6 KiB): DRAM
I (240) heap_init: At 3FFB2CB8 len 0002D348 (180 KiB): DRAM
I (245) heap_init: At 3FFE0440 len 00003AE0 (14 KiB): D/IRAM
I (250) heap_init: At 3FFE4350 len 0001BCB0 (111 KiB): D/IRAM
I (256) heap_init: At 4008D0D0 len 00012F30 (75 KiB): IRAM
I (263) spi_flash: detected chip: generic
I (265) spi_flash: flash io: dio
I (268) main_task: Started on CPU0
I (278) main_task: Calling app_main()
I (278) luce_boot: LUCE STAGE0
I (278) luce_boot: Build timestamp: Feb 22 2026 16:46:44
I (278) luce_boot: Project version: 0.0.0-stage0
I (278) luce_boot: Git SHA: placeholder
I (288) luce_boot: Reset reason: PANIC (4)
I (288
2026-02-22T19:52:29Z ) luce_boot: Chip: model=1 revision=301 cores=2
I (298) luce_boot: Features: WIFI BT BLE 
I (298) luce_boot: CPU frequency: 1061159544 MHz
I (298) luce_boot: Heap free: 305132 bytes
I (308) luce_boot: Heap min-free: 305132 bytes
I (308) luce_boot: Task watermark (current): 2088 words
I (318) luce_boot: App version: 1ea2bda-dirty
I (318) luce_boot: Project name: Luce
I (318) luce_boot: Secure version: 0
I (328) luce_boot: App compile time: 16:40:49 Feb 22 2026
I (328) luce_boot: ESP-IDF version: 5.5.0
I (338) luce_boot: ELF SHA256: 947244a18
I (338) luce_boot: Partition map:
I (338) luce_boot:   type=1 subtype=2 label=nvs offset=0x00009000 size=0x00006000
I (348) luce_boot:   type=1 subtype=1 label=phy_init offset=0x0000f000 size=0x00001000
I (358) luce_boot:   type=0 subtype=0 label=factory offset=0x00010000 size=0x00100000

assert failed: tlsf_free tlsf.c:630 (!block_is_free(block) && "block already marked as free")


Backtrace: 0x40082109:0x3ffb3d50 0x40085685:0x3ffb3d70 0x4008b52d:0x3ff
2026-02-22T19:52:29Z b3d90 0x40089e1f:0x3ffb3eb0 0x40089cc0:0x3ffb3ed0 0x40082403:0x3ffb3ef0 0x4008b5b5:0x3ffb3f10 0x400d4839:0x3ffb3f30 0x400d12a5:0x3ffb3f50 0x400d133f:0x3ffb3f80 0x400e6f8d:0x3ffb3fb0 0x40085e79:0x3ffb3fe0




ELF file SHA256: 947244a18

Rebooting...
ets Jul 29 2019 12:21:46

rst:0xc (SW_CPU_RESET),boot:0x13 (SPI_FAST_FLASH_BOOT)
configsip: 0, SPIWP:0xee
clk_drv:0x00,q_drv:0x00,d_drv:0x00,cs0_drv:0x00,hd_drv:0x00,wp_drv:0x00
mode:DIO, clock div:2
load:0x3fff0030,len:6380
ho 0 tail 12 room 4
load:0x40078000,len:15916
load:0x40080400,len:3860
entry 0x40080630
I (29) boot: ESP-IDF 5.5.0 2nd stage bootloader
I (29) boot: compile time Feb 22 2026 16:41:13
I (29) boot: Multicore bootloader
I (30) boot: chip revision: v3.1
I (33) boot.esp32: SPI Speed      : 40MHz
I (37) boot.esp32: SPI Mode       : DIO
I (40) boot.esp32: SPI Flash Size : 4MB
I (44) boot: Enabling RNG early entropy source...
I (49) boot: Partition Table:
I (51) boot: ## Label            Usage          Type ST Offset   Lengt
2026-02-22T19:52:30Z h
I (57) boot:  0 nvs              WiFi data        01 02 00009000 00006000
I (64) boot:  1 phy_init         RF data          01 01 0000f000 00001000
I (71) boot:  2 factory          factory app      00 00 00010000 00100000
I (77) boot: End of partition table
I (80) esp_image: segment 0: paddr=00010020 vaddr=3f400020 size=0a744h ( 42820) map
I (102) esp_image: segment 1: paddr=0001a76c vaddr=3ff80000 size=00020h (    32) load
I (103) esp_image: segment 2: paddr=0001a794 vaddr=3ffb0000 size=023ech (  9196) load
I (110) esp_image: segment 3: paddr=0001cb88 vaddr=40080000 size=03490h ( 13456) load
I (119) esp_image: segment 4: paddr=00020020 vaddr=400d0020 size=17700h ( 96000) map
I (154) esp_image: segment 5: paddr=00037728 vaddr=40083490 size=09c40h ( 40000) load
I (176) boot: Loaded app from partition at offset 0x10000
I (177) boot: Disabling RNG early entropy source...
I (187) cpu_start: Multicore app
I (195) cpu_start: Pro cpu start user code
I (195) cpu_start: cpu freq: 160000000 Hz
I (195)
2026-02-22T19:52:30Z  app_init: Application information:
I (196) app_init: Project name:     Luce
I (199) app_init: App version:      1ea2bda-dirty
I (204) app_init: Compile time:     Feb 22 2026 16:40:49
I (209) app_init: ELF file SHA256:  947244a18...
I (213) app_init: ESP-IDF:          5.5.0
I (217) efuse_init: Min chip rev:     v0.0
I (220) efuse_init: Max chip rev:     v3.99 
I (224) efuse_init: Chip rev:         v3.1
I (229) heap_init: Initializing. RAM available for dynamic allocation:
I (235) heap_init: At 3FFAE6E0 len 00001920 (6 KiB): DRAM
I (240) heap_init: At 3FFB2CB8 len 0002D348 (180 KiB): DRAM
I (245) heap_init: At 3FFE0440 len 00003AE0 (14 KiB): D/IRAM
I (250) heap_init: At 3FFE4350 len 0001BCB0 (111 KiB): D/IRAM
I (256) heap_init: At 4008D0D0 len 00012F30 (75 KiB): IRAM
I (263) spi_flash: detected chip: generic
I (265) spi_flash: flash io: dio
I (268) main_task: Started on CPU0
I (278) main_task: Calling app_main()
I (278) luce_boot: LUCE STAGE0
I (278) luce_boot: Build timestamp: Feb 22 2026 
2026-02-22T19:52:30Z 16:46:44
I (278) luce_boot: Project version: 0.0.0-stage0
I (278) luce_boot: Git SHA: placeholder
I (288) luce_boot: Reset reason: PANIC (4)
I (288) luce_boot: Chip: model=1 revision=301 cores=2
I (298) luce_boot: Features: WIFI BT BLE 
I (298) luce_boot: CPU frequency: 1061159544 MHz
I (298) luce_boot: Heap free: 305132 bytes
I (308) luce_boot: Heap min-free: 305132 bytes
I (308) luce_boot: Task watermark (current): 2088 words
I (318) luce_boot: App version: 1ea2bda-dirty
I (318) luce_boot: Project name: Luce
I (318) luce_boot: Secure version: 0
I (328) luce_boot: App compile time: 16:40:49 Feb 22 2026
I (328) luce_boot: ESP-IDF version: 5.5.0
I (338) luce_boot: ELF SHA256: 947244a18
I (338) luce_boot: Partition map:
I (338) luce_boot:   type=1 subtype=2 label=nvs offset=0x00009000 size=0x00006000
I (348) luce_boot:   type=1 subtype=1 label=phy_init offset=0x0000f000 size=0x00001000
I (358) luce_boot:   type=0 subtype=0 label=factory offset=0x00010000 size=0x00100000

assert failed: tlsf
2026-02-22T19:52:30Z _free tlsf.c:630 (!block_is_free(block) && "block already marked as free")


Backtrace: 0x40082109:0x3ffb3d50 0x40085685:0x3ffb3d70 0x4008b52d:0x3ffb3d90 0x40089e1f:0x3ffb3eb0 0x40089cc0:0x3ffb3ed0 0x40082403:0x3ffb3ef0 0x4008b5b5:0x3ffb3f10 0x400d4839:0x3ffb3f30 0x400d12a5:0x3ffb3f50 0x400d133f:0x3ffb3f80 0x400e6f8d:0x3ffb3fb0 0x40085e79:0x3ffb3fe0




ELF file SHA256: 947244a18

Rebooting...
ets Jul 29 2019 12:21:46

rst:0xc (SW_CPU_RESET),boot:0x13 (SPI_FAST_FLASH_BOOT)
configsip: 0, SPIWP:0xee
clk_drv:0x00,q_drv:0x00,d_drv:0x00,cs0_drv:0x00,hd_drv:0x00,wp_drv:0x00
mode:DIO, clock div:2
load:0x3fff0030,len:6380
ho 0 tail 12 room 4
load:0x40078000,len:15916
load:0x40080400,len:3860
entry 0x40080630
I (29) boot: ESP-IDF 5.5.0 2nd stage bootloader
I (29) boot: compile time Feb 22 2026 16:41:13
I (29) boot: Multicore bootloader
I (30) boot: chip revision: v3.1
I (33) boot.esp32: SPI Speed      : 40MHz
I (37) boot.esp32: SPI Mode       : DIO
I (40) boot.esp32: SPI Flash Size : 4MB
I
2026-02-22T19:52:30Z  (44) boot: Enabling RNG early entropy source...
I (49) boot: Partition Table:
I (51) boot: ## Label            Usage          Type ST Offset   Length
I (57) boot:  0 nvs              WiFi data        01 02 00009000 00006000
I (64) boot:  1 phy_init         RF data          01 01 0000f000 00001000
I (71) boot:  2 factory          factory app      00 00 00010000 00100000
I (77) boot: End of partition table
I (80) esp_image: segment 0: paddr=00010020 vaddr=3f400020 size=0a744h ( 42820) map
I (102) esp_image: segment 1: paddr=0001a76c vaddr=3ff80000 size=00020h (    32) load
I (103) esp_image: segment 2: paddr=0001a794 vaddr=3ffb0000 size=023ech (  9196) load
I (110) esp_image: segment 3: paddr=0001cb88 vaddr=40080000 size=03490h ( 13456) load
I (119) esp_image: segment 4: paddr=00020020 vaddr=400d0020 size=17700h ( 96000) map
I (154) esp_image: segment 5: paddr=00037728 vaddr=40083490 size=09c40h ( 40000) load
I (176) boot: Loaded app from partition at offset 0x10000
I (177) boot: Disabling RNG ea
2026-02-22T19:52:30Z rly entropy source...
I (187) cpu_start: Multicore app
I (195) cpu_start: Pro cpu start user code
I (195) cpu_start: cpu freq: 160000000 Hz
I (195) app_init: Application information:
I (196) app_init: Project name:     Luce
I (199) app_init: App version:      1ea2bda-dirty
I (204) app_init: Compile time:     Feb 22 2026 16:40:49
I (209) app_init: ELF file SHA256:  947244a18...
I (213) app_init: ESP-IDF:          5.5.0
I (217) efuse_init: Min chip rev:     v0.0
I (220) efuse_init: Max chip rev:     v3.99 
I (224) efuse_init: Chip rev:         v3.1
I (229) heap_init: Initializing. RAM available for dynamic allocation:
I (235) heap_init: At 3FFAE6E0 len 00001920 (6 KiB): DRAM
I (240) heap_init: At 3FFB2CB8 len 0002D348 (180 KiB): DRAM
I (245) heap_init: At 3FFE0440 len 00003AE0 (14 KiB): D/IRAM
I (250) heap_init: At 3FFE4350 len 0001BCB0 (111 KiB): D/IRAM
I (256) heap_init: At 4008D0D0 len 00012F30 (75 KiB): IRAM
I (263) spi_flash: detected chip: generic
I (265) spi_flash: flash io: dio
I (2
2026-02-22T19:52:30Z 68) main_task: Started on CPU0
I (278) main_task: Calling app_main()
I (278) luce_boot: LUCE STAGE0
I (278) luce_boot: Build timestamp: Feb 22 2026 16:46:44
I (278) luce_boot: Project version: 0.0.0-stage0
I (278) luce_boot: Git SHA: placeholder
I (288) luce_boot: Reset reason: PANIC (4)
I (288) luce_boot: Chip: model=1 revision=301 cores=2
I (298) luce_boot: Features: WIFI BT BLE 
I (298) luce_boot: CPU frequency: 1061159544 MHz
I (298) luce_boot: Heap free: 305132 bytes
I (308) luce_boot: Heap min-free: 305132 bytes
I (308) luce_boot: Task watermark (current): 2088 words
I (318) luce_boot: App version: 1ea2bda-dirty
I (318) luce_boot: Project name: Luce
I (318) luce_boot: Secure version: 0
I (328) luce_boot: App compile time: 16:40:49 Feb 22 2026
I (328) luce_boot: ESP-IDF version: 5.5.0
I (338) luce_boot: ELF SHA256: 947244a18
I (338) luce_boot: Partition map:
I (338) luce_boot:   type=1 subtype=2 label=nvs offset=0x00009000 size=0x00006000
I (348) luce_boot:   type=1 subtype=1 label=p
2026-02-22T19:52:30Z hy_init offset=0x0000f000 size=0x00001000
I (358) luce_boot:   type=0 subtype=0 label=factory offset=0x00010000 size=0x00100000

assert failed: tlsf_free tlsf.c:630 (!block_is_free(block) && "block already marked as free")


Backtrace: 0x40082109:0x3ffb3d50 0x40085685:0x3ffb3d70 0x4008b52d:0x3ffb3d90 0x40089e1f:0x3ffb3eb0 0x40089cc0:0x3ffb3ed0 0x40082403:0x3ffb3ef0 0x4008b5b5:0x3ffb3f10 0x400d4839:0x3ffb3f30 0x400d12a5:0x3ffb3f50 0x400d133f:0x3ffb3f80 0x400e6f8d:0x3ffb3fb0 0x40085e79:0x3ffb3fe0




ELF file SHA256: 947244a18

Rebooting...
ets Jul 29 2019 12:21:46

rst:0xc (SW_CPU_RESET),boot:0x13 (SPI_FAST_FLASH_BOOT)
configsip: 0, SPIWP:0xee
clk_drv:0x00,q_drv:0x00,d_drv:0x00,cs0_drv:0x00,hd_drv:0x00,wp_drv:0x00
mode:DIO, clock div:2
load:0x3fff0030,len:6380
ho 0 tail 12 room 4
load:0x40078000,len:15916
load:0x40080400,len:3860
entry 0x40080630
I (29) boot: ESP-IDF 5.5.0 2nd stage bootloader
I (29) boot: compile time Feb 22 2026 16:41:13
I (29) boot: Multicore bootloader
I (30) bo
2026-02-22T19:52:30Z ot: chip revision: v3.1
I (33) boot.esp32: SPI Speed      : 40MHz
I (37) boot.esp32: SPI Mode       : DIO
I (40) boot.esp32: SPI Flash Size : 4MB
I (44) boot: Enabling RNG early entropy source...
I (49) boot: Partition Table:
I (51) boot: ## Label            Usage          Type ST Offset   Length
I (57) boot:  0 nvs              WiFi data        01 02 00009000 00006000
I (64) boot:  1 phy_init         RF data          01 01 0000f000 00001000
I (71) boot:  2 factory          factory app      00 00 00010000 00100000
I (77) boot: End of partition table
I (80) esp_image: segment 0: paddr=00010020 vaddr=3f400020 size=0a744h ( 42820) map
I (102) esp_image: segment 1: paddr=0001a76c vaddr=3ff80000 size=00020h (    32) load
I (103) esp_image: segment 2: paddr=0001a794 vaddr=3ffb0000 size=023ech (  9196) load
I (110) esp_image: segment 3: paddr=0001cb88 vaddr=40080000 size=03490h ( 13456) load
I (119) esp_image: segment 4: paddr=00020020 vaddr=400d0020 size=17700h ( 96000) map
I (154) esp_image: segmen
2026-02-22T19:52:30Z t 5: paddr=00037728 vaddr=40083490 size=09c40h ( 40000) load
I (176) boot: Loaded app from partition at offset 0x10000
I (177) boot: Disabling RNG early entropy source...
I (187) cpu_start: Multicore app
I (195) cpu_start: Pro cpu start user code
I (195) cpu_start: cpu freq: 160000000 Hz
I (195) app_init: Application information:
I (196) app_init: Project name:     Luce
I (199) app_init: App version:      1ea2bda-dirty
I (204) app_init: Compile time:     Feb 22 2026 16:40:49
I (209) app_init: ELF file SHA256:  947244a18...
I (213) app_init: ESP-IDF:          5.5.0
I (217) efuse_init: Min chip rev:     v0.0
I (220) efuse_init: Max chip rev:     v3.99 
I (224) efuse_init: Chip rev:         v3.1
I (229) heap_init: Initializing. RAM available for dynamic allocation:
I (235) heap_init: At 3FFAE6E0 len 00001920 (6 KiB): DRAM
I (240) heap_init: At 3FFB2CB8 len 0002D348 (180 KiB): DRAM
I (245) heap_init: At 3FFE0440 len 00003AE0 (14 KiB): D/IRAM
I (250) heap_init: At 3FFE4350 len 0001BCB0 (111 KiB)
2026-02-22T19:52:31Z : D/IRAM
I (256) heap_init: At 4008D0D0 len 00012F30 (75 KiB): IRAM
I (263) spi_flash: detected chip: generic
I (265) spi_flash: flash io: dio
I (268) main_task: Started on CPU0
I (278) main_task: Calling app_main()
I (278) luce_boot: LUCE STAGE0
I (278) luce_boot: Build timestamp: Feb 22 2026 16:46:44
I (278) luce_boot: Project version: 0.0.0-stage0
I (278) luce_boot: Git SHA: placeholder
I (288) luce_boot: Reset reason: PANIC (4)
I (288) luce_boot: Chip: model=1 revision=301 cores=2
I (298) luce_boot: Features: WIFI BT BLE 
I (298) luce_boot: CPU frequency: 1061159544 MHz
I (298) luce_boot: Heap free: 305132 bytes
I (308) luce_boot: Heap min-free: 305132 bytes
I (308) luce_boot: Task watermark (current): 2088 words
I (318) luce_boot: App version: 1ea2bda-dirty
I (318) luce_boot: Project name: Luce
I (318) luce_boot: Secure version: 0
I (328) luce_boot: App compile time: 16:40:49 Feb 22 2026
I (328) luce_boot: ESP-IDF version: 5.5.0
I (338) luce_boot: ELF SHA256: 947244a18
I (338) luce
2026-02-22T19:52:31Z _boot: Partition map:
I (338) luce_boot:   type=1 subtype=2 label=nvs offset=0x00009000 size=0x00006000
I (348) luce_boot:   type=1 subtype=1 label=phy_init offset=0x0000f000 size=0x00001000
I (358) luce_boot:   type=0 subtype=0 label=factory offset=0x00010000 size=0x00100000

assert failed: tlsf_free tlsf.c:630 (!block_is_free(block) && "block already marked as free")


Backtrace: 0x40082109:0x3ffb3d50 0x40085685:0x3ffb3d70 0x4008b52d:0x3ffb3d90 0x40089e1f:0x3ffb3eb0 0x40089cc0:0x3ffb3ed0 0x40082403:0x3ffb3ef0 0x4008b5b5:0x3ffb3f10 0x400d4839:0x3ffb3f30 0x400d12a5:0x3ffb3f50 0x400d133f:0x3ffb3f80 0x400e6f8d:0x3ffb3fb0 0x40085e79:0x3ffb3fe0




ELF file SHA256: 947244a18

Rebooting...
ets Jul 29 2019 12:21:46

rst:0xc (SW_CPU_RESET),boot:0x13 (SPI_FAST_FLASH_BOOT)
configsip: 0, SPIWP:0xee
clk_drv:0x00,q_drv:0x00,d_drv:0x00,cs0_drv:0x00,hd_drv:0x00,wp_drv:0x00
mode:DIO, clock div:2
load:0x3fff0030,len:6380
ho 0 tail 12 room 4
load:0x40078000,len:15916
load:0x40080400,len:3860
entry 0x
2026-02-22T19:52:31Z 40080630
I (29) boot: ESP-IDF 5.5.0 2nd stage bootloader
I (29) boot: compile time Feb 22 2026 16:41:13
I (29) boot: Multicore bootloader
I (30) boot: chip revision: v3.1
I (33) boot.esp32: SPI Speed      : 40MHz
I (37) boot.esp32: SPI Mode       : DIO
I (40) boot.esp32: SPI Flash Size : 4MB
I (44) boot: Enabling RNG early entropy source...
I (49) boot: Partition Table:
I (51) boot: ## Label            Usage          Type ST Offset   Length
I (57) boot:  0 nvs              WiFi data        01 02 00009000 00006000
I (64) boot:  1 phy_init         RF data          01 01 0000f000 00001000
I (71) boot:  2 factory          factory app      00 00 00010000 00100000
I (77) boot: End of partition table
I (80) esp_image: segment 0: paddr=00010020 vaddr=3f400020 size=0a744h ( 42820) map
I (102) esp_image: segment 1: paddr=0001a76c vaddr=3ff80000 size=00020h (    32) load
I (103) esp_image: segment 2: paddr=0001a794 vaddr=3ffb0000 size=023ech (  9196) load
I (110) esp_image: segment 3: paddr=0001cb88 va
2026-02-22T19:52:31Z ddr=40080000 size=03490h ( 13456) load
I (119) esp_image: segment 4: paddr=00020020 vaddr=400d0020 size=17700h ( 96000) map
I (154) esp_image: segment 5: paddr=00037728 vaddr=40083490 size=09c40h ( 40000) load
I (176) boot: Loaded app from partition at offset 0x10000
I (177) boot: Disabling RNG early entropy source...
I (187) cpu_start: Multicore app
I (195) cpu_start: Pro cpu start user code
I (195) cpu_start: cpu freq: 160000000 Hz
I (195) app_init: Application information:
I (196) app_init: Project name:     Luce
I (199) app_init: App version:      1ea2bda-dirty
I (204) app_init: Compile time:     Feb 22 2026 16:40:49
I (209) app_init: ELF file SHA256:  947244a18...
I (213) app_init: ESP-IDF:          5.5.0
I (217) efuse_init: Min chip rev:     v0.0
I (220) efuse_init: Max chip rev:     v3.99 
I (224) efuse_init: Chip rev:         v3.1
I (229) heap_init: Initializing. RAM available for dynamic allocation:
I (235) heap_init: At 3FFAE6E0 len 00001920 (6 KiB): DRAM
I (240) heap_init: At 3FF
2026-02-22T19:52:31Z B2CB8 len 0002D348 (180 KiB): DRAM
I (245) heap_init: At 3FFE0440 len 00003AE0 (14 KiB): D/IRAM
I (250) heap_init: At 3FFE4350 len 0001BCB0 (111 KiB): D/IRAM
I (256) heap_init: At 4008D0D0 len 00012F30 (75 KiB): IRAM
I (263) spi_flash: detected chip: generic
I (265) spi_flash: flash io: dio
I (268) main_task: Started on CPU0
I (278) main_task: Calling app_main()
I (278) luce_boot: LUCE STAGE0
I (278) luce_boot: Build timestamp: Feb 22 2026 16:46:44
I (278) luce_boot: Project version: 0.0.0-stage0
I (278) luce_boot: Git SHA: placeholder
I (288) luce_boot: Reset reason: PANIC (4)
I (288) luce_boot: Chip: model=1 revision=301 cores=2
I (298) luce_boot: Features: WIFI BT BLE 
I (298) luce_boot: CPU frequency: 1061159544 MHz
I (298) luce_boot: Heap free: 305132 bytes
I (308) luce_boot: Heap min-free: 305132 bytes
I (308) luce_boot: Task watermark (current): 2088 words
I (318) luce_boot: App version: 1ea2bda-dirty
I (318) luce_boot: Project name: Luce
I (318) luce_boot: Secure version: 0
I (32
2026-02-22T19:52:31Z 8) luce_boot: App compile time: 16:40:49 Feb 22 2026
I (328) luce_boot: ESP-IDF version: 5.5.0
I (338) luce_boot: ELF SHA256: 947244a18
I (338) luce_boot: Partition map:
I (338) luce_boot:   type=1 subtype=2 label=nvs offset=0x00009000 size=0x00006000
I (348) luce_boot:   type=1 subtype=1 label=phy_init offset=0x0000f000 size=0x00001000
I (358) luce_boot:   type=0 subtype=0 label=factory offset=0x00010000 size=0x00100000

assert failed: tlsf_free tlsf.c:630 (!block_is_free(block) && "block already marked as free")


Backtrace: 0x40082109:0x3ffb3d50 0x40085685:0x3ffb3d70 0x4008b52d:0x3ffb3d90 0x40089e1f:0x3ffb3eb0 0x40089cc0:0x3ffb3ed0 0x40082403:0x3ffb3ef0 0x4008b5b5:0x3ffb3f10 0x400d4839:0x3ffb3f30 0x400d12a5:0x3ffb3f50 0x400d133f:0x3ffb3f80 0x400e6f8d:0x3ffb3fb0 0x40085e79:0x3ffb3fe0




ELF file SHA256: 947244a18

Rebooting...
ets Jul 29 2019 12:21:46

rst:0xc (SW_CPU_RESET),boot:0x13 (SPI_FAST_FLASH_BOOT)
configsip: 0, SPIWP:0xee
clk_drv:0x00,q_drv:0x00,d_drv:0x00,cs0_drv:0x00,hd_dr
2026-02-22T19:52:31Z v:0x00,wp_drv:0x00
mode:DIO, clock div:2
load:0x3fff0030,len:6380
ho 0 tail 12 room 4
load:0x40078000,len:15916
load:0x40080400,len:3860
entry 0x40080630
I (29) boot: ESP-IDF 5.5.0 2nd stage bootloader
I (29) boot: compile time Feb 22 2026 16:41:13
I (29) boot: Multicore bootloader
I (30) boot: chip revision: v3.1
I (33) boot.esp32: SPI Speed      : 40MHz
I (37) boot.esp32: SPI Mode       : DIO
I (40) boot.esp32: SPI Flash Size : 4MB
I (44) boot: Enabling RNG early entropy source...
I (49) boot: Partition Table:
I (51) boot: ## Label            Usage          Type ST Offset   Length
I (57) boot:  0 nvs              WiFi data        01 02 00009000 00006000
I (64) boot:  1 phy_init         RF data          01 01 0000f000 00001000
I (71) boot:  2 factory          factory app      00 00 00010000 00100000
I (77) boot: End of partition table
I (80) esp_image: segment 0: paddr=00010020 vaddr=3f400020 size=0a744h ( 42820) map
I (102) esp_image: segment 1: paddr=0001a76c vaddr=3ff80000 size=00020
2026-02-22T19:52:31Z h (    32) load
I (103) esp_image: segment 2: paddr=0001a794 vaddr=3ffb0000 size=023ech (  9196) load
I (110) esp_image: segment 3: paddr=0001cb88 vaddr=40080000 size=03490h ( 13456) load
I (119) esp_image: segment 4: paddr=00020020 vaddr=400d0020 size=17700h ( 96000) map
I (154) esp_image: segment 5: paddr=00037728 vaddr=40083490 size=09c40h ( 40000) load
I (176) boot: Loaded app from partition at offset 0x10000
I (177) boot: Disabling RNG early entropy source...
I (187) cpu_start: Multicore app
I (195) cpu_start: Pro cpu start user code
I (195) cpu_start: cpu freq: 160000000 Hz
I (195) app_init: Application information:
I (196) app_init: Project name:     Luce
I (199) app_init: App version:      1ea2bda-dirty
I (204) app_init: Compile time:     Feb 22 2026 16:40:49
I (209) app_init: ELF file SHA256:  947244a18...
I (213) app_init: ESP-IDF:          5.5.0
I (217) efuse_init: Min chip rev:     v0.0
I (220) efuse_init: Max chip rev:     v3.99 
I (224) efuse_init: Chip rev:         v3.1
I (22
2026-02-22T19:52:31Z 9) heap_init: Initializing. RAM available for dynamic allocation:
I (235) heap_init: At 3FFAE6E0 len 00001920 (6 KiB): DRAM
I (240) heap_init: At 3FFB2CB8 len 0002D348 (180 KiB): DRAM
I (245) heap_init: At 3FFE0440 len 00003AE0 (14 KiB): D/IRAM
I (250) heap_init: At 3FFE4350 len 0001BCB0 (111 KiB): D/IRAM
I (256) heap_init: At 4008D0D0 len 00012F30 (75 KiB): IRAM
I (263) spi_flash: detected chip: generic
I (265) spi_flash: flash io: dio
I (268) main_task: Started on CPU0
I (278) main_task: Calling app_main()
I (278) luce_boot: LUCE STAGE0
I (278) luce_boot: Build timestamp: Feb 22 2026 16:46:44
I (278) luce_boot: Project version: 0.0.0-stage0
I (278) luce_boot: Git SHA: placeholder
I (288) luce_boot: Reset reason: PANIC (4)
I (288) luce_boot: Chip: model=1 revision=301 cores=2
I (298) luce_boot: Features: WIFI BT BLE 
I (298) luce_boot: CPU frequency: 1061159544 MHz
I (298) luce_boot: Heap free: 305132 bytes
I (308) luce_boot: Heap min-free: 305132 bytes
I (308) luce_boot: Task watermark (
2026-02-22T19:52:31Z current): 2088 words
I (318) luce_boot: App version: 1ea2bda-dirty
I (318) luce_boot: Project name: Luce
I (318) luce_boot: Secure version: 0
I (328) luce_boot: App compile time: 16:40:49 Feb 22 2026
I (328) luce_boot: ESP-IDF version: 5.5.0
I (338) luce_boot: ELF SHA256: 947244a18
I (338) luce_boot: Partition map:
I (338) luce_boot:   type=1 subtype=2 label=nvs offset=0x00009000 size=0x00006000
I (348) luce_boot:   type=1 subtype=1 label=phy_init offset=0x0000f000 size=0x00001000
I (358) luce_boot:   type=0 subtype=0 label=factory offset=0x00010000 size=0x00100000

assert failed: tlsf_free tlsf.c:630 (!block_is_free(block) && "block already marked as free")


Backtrace: 0x40082109:0x3ffb3d50 0x40085685:0x3ffb3d70 0x4008b52d:0x3ffb3d90 0x40089e1f:0x3ffb3eb0 0x40089cc0:0x3ffb3ed0 0x40082403:0x3ffb3ef0 0x4008b5b5:0x3ffb3f10 0x400d4839:0x3ffb3f30 0x400d12a5:0x3ffb3f50 0x400d133f:0x3ffb3f80 0x400e6f8d:0x3ffb3fb0 0x40085e79:0x3ffb3fe0




ELF file SHA256: 947244a18

Rebooting...
ets Jul 29 2
2026-02-22T19:52:32Z 019 12:21:46

rst:0xc (SW_CPU_RESET),boot:0x13 (SPI_FAST_FLASH_BOOT)
configsip: 0, SPIWP:0xee
clk_drv:0x00,q_drv:0x00,d_drv:0x00,cs0_drv:0x00,hd_drv:0x00,wp_drv:0x00
mode:DIO, clock div:2
load:0x3fff0030,len:6380
ho 0 tail 12 room 4
load:0x40078000,len:15916
load:0x40080400,len:3860
entry 0x40080630
I (29) boot: ESP-IDF 5.5.0 2nd stage bootloader
I (29) boot: compile time Feb 22 2026 16:41:13
I (29) boot: Multicore bootloader
I (30) boot: chip revision: v3.1
I (33) boot.esp32: SPI Speed      : 40MHz
I (37) boot.esp32: SPI Mode       : DIO
I (40) boot.esp32: SPI Flash Size : 4MB
I (44) boot: Enabling RNG early entropy source...
I (49) boot: Partition Table:
I (51) boot: ## Label            Usage          Type ST Offset   Length
I (57) boot:  0 nvs              WiFi data        01 02 00009000 00006000
I (64) boot:  1 phy_init         RF data          01 01 0000f000 00001000
I (71) boot:  2 factory          factory app      00 00 00010000 00100000
I (77) boot: End of partition table
I (8
2026-02-22T19:52:32Z 0) esp_image: segment 0: paddr=00010020 vaddr=3f400020 size=0a744h ( 42820) map
I (102) esp_image: segment 1: paddr=0001a76c vaddr=3ff80000 size=00020h (    32) load
I (103) esp_image: segment 2: paddr=0001a794 vaddr=3ffb0000 size=023ech (  9196) load
I (110) esp_image: segment 3: paddr=0001cb88 vaddr=40080000 size=03490h ( 13456) load
I (119) esp_image: segment 4: paddr=00020020 vaddr=400d0020 size=17700h ( 96000) map
I (154) esp_image: segment 5: paddr=00037728 vaddr=40083490 size=09c40h ( 40000) load
I (176) boot: Loaded app from partition at offset 0x10000
I (177) boot: Disabling RNG early entropy source...
I (187) cpu_start: Multicore app
I (195) cpu_start: Pro cpu start user code
I (195) cpu_start: cpu freq: 160000000 Hz
I (195) app_init: Application information:
I (196) app_init: Project name:     Luce
I (199) app_init: App version:      1ea2bda-dirty
I (204) app_init: Compile time:     Feb 22 2026 16:40:49
I (209) app_init: ELF file SHA256:  947244a18...
I (213) app_init: ESP-IDF:     
2026-02-22T19:52:32Z      5.5.0
I (217) efuse_init: Min chip rev:     v0.0
I (220) efuse_init: Max chip rev:     v3.99 
I (224) efuse_init: Chip rev:         v3.1
I (229) heap_init: Initializing. RAM available for dynamic allocation:
I (235) heap_init: At 3FFAE6E0 len 00001920 (6 KiB): DRAM
I (240) heap_init: At 3FFB2CB8 len 0002D348 (180 KiB): DRAM
I (245) heap_init: At 3FFE0440 len 00003AE0 (14 KiB): D/IRAM
I (250) heap_init: At 3FFE4350 len 0001BCB0 (111 KiB): D/IRAM
I (256) heap_init: At 4008D0D0 len 00012F30 (75 KiB): IRAM
I (263) spi_flash: detected chip: generic
I (265) spi_flash: flash io: dio
I (268) main_task: Started on CPU0
I (278) main_task: Calling app_main()
I (278) luce_boot: LUCE STAGE0
I (278) luce_boot: Build timestamp: Feb 22 2026 16:46:44
I (278) luce_boot: Project version: 0.0.0-stage0
I (278) luce_boot: Git SHA: placeholder
I (288) luce_boot: Reset reason: PANIC (4)
I (288) luce_boot: Chip: model=1 revision=301 cores=2
I (298) luce_boot: Features: WIFI BT BLE 
I (298) luce_boot: CPU fre
2026-02-22T19:52:32Z quency: 1061159544 MHz
I (298) luce_boot: Heap free: 305132 bytes
I (308) luce_boot: Heap min-free: 305132 bytes
I (308) luce_boot: Task watermark (current): 2088 words
I (318) luce_boot: App version: 1ea2bda-dirty
I (318) luce_boot: Project name: Luce
I (318) luce_boot: Secure version: 0
I (328) luce_boot: App compile time: 16:40:49 Feb 22 2026
I (328) luce_boot: ESP-IDF version: 5.5.0
I (338) luce_boot: ELF SHA256: 947244a18
I (338) luce_boot: Partition map:
I (338) luce_boot:   type=1 subtype=2 label=nvs offset=0x00009000 size=0x00006000
I (348) luce_boot:   type=1 subtype=1 label=phy_init offset=0x0000f000 size=0x00001000
I (358) luce_boot:   type=0 subtype=0 label=factory offset=0x00010000 size=0x00100000

assert failed: tlsf_free tlsf.c:630 (!block_is_free(block) && "block already marked as free")


Backtrace: 0x40082109:0x3ffb3d50 0x40085685:0x3ffb3d70 0x4008b52d:0x3ffb3d90 0x40089e1f:0x3ffb3eb0 0x40089cc0:0x3ffb3ed0 0x40082403:0x3ffb3ef0 0x4008b5b5:0x3ffb3f10 0x400d4839:0x3ffb3f30 0x
2026-02-22T19:52:32Z 400d12a5:0x3ffb3f50 0x400d133f:0x3ffb3f80 0x400e6f8d:0x3ffb3fb0 0x40085e79:0x3ffb3fe0




ELF file SHA256: 947244a18

Rebooting...
ets Jul 29 2019 12:21:46

rst:0xc (SW_CPU_RESET),boot:0x13 (SPI_FAST_FLASH_BOOT)
configsip: 0, SPIWP:0xee
clk_drv:0x00,q_drv:0x00,d_drv:0x00,cs0_drv:0x00,hd_drv:0x00,wp_drv:0x00
mode:DIO, clock div:2
load:0x3fff0030,len:6380
ho 0 tail 12 room 4
load:0x40078000,len:15916
load:0x40080400,len:3860
entry 0x40080630
I (29) boot: ESP-IDF 5.5.0 2nd stage bootloader
I (29) boot: compile time Feb 22 2026 16:41:13
I (29) boot: Multicore bootloader
I (30) boot: chip revision: v3.1
I (33) boot.esp32: SPI Speed      : 40MHz
I (37) boot.esp32: SPI Mode       : DIO
I (40) boot.esp32: SPI Flash Size : 4MB
I (44) boot: Enabling RNG early entropy source...
I (49) boot: Partition Table:
I (51) boot: ## Label            Usage          Type ST Offset   Length
I (57) boot:  0 nvs              WiFi data        01 02 00009000 00006000
I (64) boot:  1 phy_init         RF data
2026-02-22T19:52:32Z           01 01 0000f000 00001000
I (71) boot:  2 factory          factory app      00 00 00010000 00100000
I (77) boot: End of partition table
I (80) esp_image: segment 0: paddr=00010020 vaddr=3f400020 size=0a744h ( 42820) map
I (102) esp_image: segment 1: paddr=0001a76c vaddr=3ff80000 size=00020h (    32) load
I (103) esp_image: segment 2: paddr=0001a794 vaddr=3ffb0000 size=023ech (  9196) load
I (110) esp_image: segment 3: paddr=0001cb88 vaddr=40080000 size=03490h ( 13456) load
I (119) esp_image: segment 4: paddr=00020020 vaddr=400d0020 size=17700h ( 96000) map
I (154) esp_image: segment 5: paddr=00037728 vaddr=40083490 size=09c40h ( 40000) load
I (176) boot: Loaded app from partition at offset 0x10000
I (177) boot: Disabling RNG early entropy source...
I (187) cpu_start: Multicore app
I (195) cpu_start: Pro cpu start user code
I (195) cpu_start: cpu freq: 160000000 Hz
I (195) app_init: Application information:
I (196) app_init: Project name:     Luce
I (199) app_init: App version:      1ea
2026-02-22T19:52:32Z 2bda-dirty
I (204) app_init: Compile time:     Feb 22 2026 16:40:49
I (209) app_init: ELF file SHA256:  947244a18...
I (213) app_init: ESP-IDF:          5.5.0
I (217) efuse_init: Min chip rev:     v0.0
I (220) efuse_init: Max chip rev:     v3.99 
I (224) efuse_init: Chip rev:         v3.1
I (229) heap_init: Initializing. RAM available for dynamic allocation:
I (235) heap_init: At 3FFAE6E0 len 00001920 (6 KiB): DRAM
I (240) heap_init: At 3FFB2CB8 len 0002D348 (180 KiB): DRAM
I (245) heap_init: At 3FFE0440 len 00003AE0 (14 KiB): D/IRAM
I (250) heap_init: At 3FFE4350 len 0001BCB0 (111 KiB): D/IRAM
I (256) heap_init: At 4008D0D0 len 00012F30 (75 KiB): IRAM
I (263) spi_flash: detected chip: generic
I (265) spi_flash: flash io: dio
I (268) main_task: Started on CPU0
I (278) main_task: Calling app_main()
I (278) luce_boot: LUCE STAGE0
I (278) luce_boot: Build timestamp: Feb 22 2026 16:46:44
I (278) luce_boot: Project version: 0.0.0-stage0
I (278) luce_boot: Git SHA: placeholder
I (288) luce_boot
2026-02-22T19:52:32Z : Reset reason: PANIC (4)
I (288) luce_boot: Chip: model=1 revision=301 cores=2
I (298) luce_boot: Features: WIFI BT BLE 
I (298) luce_boot: CPU frequency: 1061159544 MHz
I (298) luce_boot: Heap free: 305132 bytes
I (308) luce_boot: Heap min-free: 305132 bytes
I (308) luce_boot: Task watermark (current): 2088 words
I (318) luce_boot: App version: 1ea2bda-dirty
I (318) luce_boot: Project name: Luce
I (318) luce_boot: Secure version: 0
I (328) luce_boot: App compile time: 16:40:49 Feb 22 2026
I (328) luce_boot: ESP-IDF version: 5.5.0
I (338) luce_boot: ELF SHA256: 947244a18
I (338) luce_boot: Partition map:
I (338) luce_boot:   type=1 subtype=2 label=nvs offset=0x00009000 size=0x00006000
I (348) luce_boot:   type=1 subtype=1 label=phy_init offset=0x0000f000 size=0x00001000
I (358) luce_boot:   type=0 subtype=0 label=factory offset=0x00010000 size=0x00100000

assert failed: tlsf_free tlsf.c:630 (!block_is_free(block) && "block already marked as free")


Backtrace: 0x40082109:0x3ffb3d50 0x400
2026-02-22T19:52:32Z 85685:0x3ffb3d70 0x4008b52d:0x3ffb3d90 0x40089e1f:0x3ffb3eb0 0x40089cc0:0x3ffb3ed0 0x40082403:0x3ffb3ef0 0x4008b5b5:0x3ffb3f10 0x400d4839:0x3ffb3f30 0x400d12a5:0x3ffb3f50 0x400d133f:0x3ffb3f80 0x400e6f8d:0x3ffb3fb0 0x40085e79:0x3ffb3fe0




ELF file SHA256: 947244a18

Rebooting...
ets Jul 29 2019 12:21:46

rst:0xc (SW_CPU_RESET),boot:0x13 (SPI_FAST_FLASH_BOOT)
configsip: 0, SPIWP:0xee
clk_drv:0x00,q_drv:0x00,d_drv:0x00,cs0_drv:0x00,hd_drv:0x00,wp_drv:0x00
mode:DIO, clock div:2
load:0x3fff0030,len:6380
ho 0 tail 12 room 4
load:0x40078000,len:15916
load:0x40080400,len:3860
entry 0x40080630
I (29) boot: ESP-IDF 5.5.0 2nd stage bootloader
I (29) boot: compile time Feb 22 2026 16:41:13
I (29) boot: Multicore bootloader
I (30) boot: chip revision: v3.1
I (33) boot.esp32: SPI Speed      : 40MHz
I (37) boot.esp32: SPI Mode       : DIO
I (40) boot.esp32: SPI Flash Size : 4MB
I (44) boot: Enabling RNG early entropy source...
I (49) boot: Partition Table:
I (51) boot: ## Label            Usag
2026-02-22T19:52:33Z e          Type ST Offset   Length
I (57) boot:  0 nvs              WiFi data        01 02 00009000 00006000
I (64) boot:  1 phy_init         RF data          01 01 0000f000 00001000
I (71) boot:  2 factory          factory app      00 00 00010000 00100000
I (77) boot: End of partition table
I (80) esp_image: segment 0: paddr=00010020 vaddr=3f400020 size=0a744h ( 42820) map
I (102) esp_image: segment 1: paddr=0001a76c vaddr=3ff80000 size=00020h (    32) load
I (103) esp_image: segment 2: paddr=0001a794 vaddr=3ffb0000 size=023ech (  9196) load
I (110) esp_image: segment 3: paddr=0001cb88 vaddr=40080000 size=03490h ( 13456) load
I (119) esp_image: segment 4: paddr=00020020 vaddr=400d0020 size=17700h ( 96000) map
I (154) esp_image: segment 5: paddr=00037728 vaddr=40083490 size=09c40h ( 40000) load
I (176) boot: Loaded app from partition at offset 0x10000
I (177) boot: Disabling RNG early entropy source...
I (187) cpu_start: Multicore app
I (195) cpu_start: Pro cpu start user code
I (195) cpu_start
2026-02-22T19:52:33Z : cpu freq: 160000000 Hz
I (195) app_init: Application information:
I (196) app_init: Project name:     Luce
I (199) app_init: App version:      1ea2bda-dirty
I (204) app_init: Compile time:     Feb 22 2026 16:40:49
I (209) app_init: ELF file SHA256:  947244a18...
I (213) app_init: ESP-IDF:          5.5.0
I (217) efuse_init: Min chip rev:     v0.0
I (220) efuse_init: Max chip rev:     v3.99 
I (224) efuse_init: Chip rev:         v3.1
I (229) heap_init: Initializing. RAM available for dynamic allocation:
I (235) heap_init: At 3FFAE6E0 len 00001920 (6 KiB): DRAM
I (240) heap_init: At 3FFB2CB8 len 0002D348 (180 KiB): DRAM
I (245) heap_init: At 3FFE0440 len 00003AE0 (14 KiB): D/IRAM
I (250) heap_init: At 3FFE4350 len 0001BCB0 (111 KiB): D/IRAM
I (256) heap_init: At 4008D0D0 len 00012F30 (75 KiB): IRAM
I (263) spi_flash: detected chip: generic
I (265) spi_flash: flash io: dio
I (268) main_task: Started on CPU0
I (278) main_task: Calling app_main()
I (278) luce_boot: LUCE STAGE0
I (278) luce_bo
2026-02-22T19:52:33Z ot: Build timestamp: Feb 22 2026 16:46:44
I (278) luce_boot: Project version: 0.0.0-stage0
I (278) luce_boot: Git SHA: placeholder
I (288) luce_boot: Reset reason: PANIC (4)
I (288) luce_boot: Chip: model=1 revision=301 cores=2
I (298) luce_boot: Features: WIFI BT BLE 
I (298) luce_boot: CPU frequency: 1061159544 MHz
I (298) luce_boot: Heap free: 305132 bytes
I (308) luce_boot: Heap min-free: 305132 bytes
I (308) luce_boot: Task watermark (current): 2088 words
I (318) luce_boot: App version: 1ea2bda-dirty
I (318) luce_boot: Project name: Luce
I (318) luce_boot: Secure version: 0
I (328) luce_boot: App compile time: 16:40:49 Feb 22 2026
I (328) luce_boot: ESP-IDF version: 5.5.0
I (338) luce_boot: ELF SHA256: 947244a18
I (338) luce_boot: Partition map:
I (338) luce_boot:   type=1 subtype=2 label=nvs offset=0x00009000 size=0x00006000
I (348) luce_boot:   type=1 subtype=1 label=phy_init offset=0x0000f000 size=0x00001000
I (358) luce_boot:   type=0 subtype=0 label=factory offset=0x00010000 size=
2026-02-22T19:52:33Z 0x00100000

assert failed: tlsf_free tlsf.c:630 (!block_is_free(block) && "block already marked as free")


Backtrace: 0x40082109:0x3ffb3d50 0x40085685:0x3ffb3d70 0x4008b52d:0x3ffb3d90 0x40089e1f:0x3ffb3eb0 0x40089cc0:0x3ffb3ed0 0x40082403:0x3ffb3ef0 0x4008b5b5:0x3ffb3f10 0x400d4839:0x3ffb3f30 0x400d12a5:0x3ffb3f50 0x400d133f:0x3ffb3f80 0x400e6f8d:0x3ffb3fb0 0x40085e79:0x3ffb3fe0




ELF file SHA256: 947244a18

Rebooting...
ets Jul 29 2019 12:21:46

rst:0xc (SW_CPU_RESET),boot:0x13 (SPI_FAST_FLASH_BOOT)
configsip: 0, SPIWP:0xee
clk_drv:0x00,q_drv:0x00,d_drv:0x00,cs0_drv:0x00,hd_drv:0x00,wp_drv:0x00
mode:DIO, clock div:2
load:0x3fff0030,len:6380
ho 0 tail 12 room 4
load:0x40078000,len:15916
load:0x40080400,len:3860
entry 0x40080630
I (29) boot: ESP-IDF 5.5.0 2nd stage bootloader
I (29) boot: compile time Feb 22 2026 16:41:13
I (29) boot: Multicore bootloader
I (30) boot: chip revision: v3.1
I (33) boot.esp32: SPI Speed      : 40MHz
I (37) boot.esp32: SPI Mode       : DIO
I (40) bo
2026-02-22T19:52:33Z ot.esp32: SPI Flash Size : 4MB
I (44) boot: Enabling RNG early entropy source...
I (49) boot: Partition Table:
I (51) boot: ## Label            Usage          Type ST Offset   Length
I (57) boot:  0 nvs              WiFi data        01 02 00009000 00006000
I (64) boot:  1 phy_init         RF data          01 01 0000f000 00001000
I (71) boot:  2 factory          factory app      00 00 00010000 00100000
I (77) boot: End of partition table
I (80) esp_image: segment 0: paddr=00010020 vaddr=3f400020 size=0a744h ( 42820) map
I (102) esp_image: segment 1: paddr=0001a76c vaddr=3ff80000 size=00020h (    32) load
I (103) esp_image: segment 2: paddr=0001a794 vaddr=3ffb0000 size=023ech (  9196) load
I (110) esp_image: segment 3: paddr=0001cb88 vaddr=40080000 size=03490h ( 13456) load
I (119) esp_image: segment 4: paddr=00020020 vaddr=400d0020 size=17700h ( 96000) map
I (154) esp_image: segment 5: paddr=00037728 vaddr=40083490 size=09c40h ( 40000) load
I (176) boot: Loaded app from partition at offset 0x1000
2026-02-22T19:52:33Z 0
I (177) boot: Disabling RNG early entropy source...
I (187) cpu_start: Multicore app
I (195) cpu_start: Pro cpu start user code
I (195) cpu_start: cpu freq: 160000000 Hz
I (195) app_init: Application information:
I (196) app_init: Project name:     Luce
I (199) app_init: App version:      1ea2bda-dirty
I (204) app_init: Compile time:     Feb 22 2026 16:40:49
I (209) app_init: ELF file SHA256:  947244a18...
I (213) app_init: ESP-IDF:          5.5.0
I (217) efuse_init: Min chip rev:     v0.0
I (220) efuse_init: Max chip rev:     v3.99 
I (224) efuse_init: Chip rev:         v3.1
I (229) heap_init: Initializing. RAM available for dynamic allocation:
I (235) heap_init: At 3FFAE6E0 len 00001920 (6 KiB): DRAM
I (240) heap_init: At 3FFB2CB8 len 0002D348 (180 KiB): DRAM
I (245) heap_init: At 3FFE0440 len 00003AE0 (14 KiB): D/IRAM
I (250) heap_init: At 3FFE4350 len 0001BCB0 (111 KiB): D/IRAM
I (256) heap_init: At 4008D0D0 len 00012F30 (75 KiB): IRAM
I (263) spi_flash: detected chip: generic
I (26
2026-02-22T19:52:33Z 5) spi_flash: flash io: dio
I (268) main_task: Started on CPU0
I (278) main_task: Calling app_main()
I (278) luce_boot: LUCE STAGE0
I (278) luce_boot: Build timestamp: Feb 22 2026 16:46:44
I (278) luce_boot: Project version: 0.0.0-stage0
I (278) luce_boot: Git SHA: placeholder
I (288) luce_boot: Reset reason: PANIC (4)
I (288) luce_boot: Chip: model=1 revision=301 cores=2
I (298) luce_boot: Features: WIFI BT BLE 
I (298) luce_boot: CPU frequency: 1061159544 MHz
I (298) luce_boot: Heap free: 305132 bytes
I (308) luce_boot: Heap min-free: 305132 bytes
I (308) luce_boot: Task watermark (current): 2088 words
I (318) luce_boot: App version: 1ea2bda-dirty
I (318) luce_boot: Project name: Luce
I (318) luce_boot: Secure version: 0
I (328) luce_boot: App compile time: 16:40:49 Feb 22 2026
I (328) luce_boot: ESP-IDF version: 5.5.0
I (338) luce_boot: ELF SHA256: 947244a18
I (338) luce_boot: Partition map:
I (338) luce_boot:   type=1 subtype=2 label=nvs offset=0x00009000 size=0x00006000
I (348) luce
2026-02-22T19:52:33Z _boot:   type=1 subtype=1 label=phy_init offset=0x0000f000 size=0x00001000
I (358) luce_boot:   type=0 subtype=0 label=factory offset=0x00010000 size=0x00100000

assert failed: tlsf_free tlsf.c:630 (!block_is_free(block) && "block already marked as free")


Backtrace: 0x40082109:0x3ffb3d50 0x40085685:0x3ffb3d70 0x4008b52d:0x3ffb3d90 0x40089e1f:0x3ffb3eb0 0x40089cc0:0x3ffb3ed0 0x40082403:0x3ffb3ef0 0x4008b5b5:0x3ffb3f10 0x400d4839:0x3ffb3f30 0x400d12a5:0x3ffb3f50 0x400d133f:0x3ffb3f80 0x400e6f8d:0x3ffb3fb0 0x40085e79:0x3ffb3fe0




ELF file SHA256: 947244a18

Rebooting...
ets Jul 29 2019 12:21:46

rst:0xc (SW_CPU_RESET),boot:0x13 (SPI_FAST_FLASH_BOOT)
configsip: 0, SPIWP:0xee
clk_drv:0x00,q_drv:0x00,d_drv:0x00,cs0_drv:0x00,hd_drv:0x00,wp_drv:0x00
mode:DIO, clock div:2
load:0x3fff0030,len:6380
ho 0 tail 12 room 4
load:0x40078000,len:15916
load:0x40080400,len:3860
entry 0x40080630
I (29) boot: ESP-IDF 5.5.0 2nd stage bootloader
I (29) boot: compile time Feb 22 2026 16:41:13
I (29) boot
2026-02-22T19:52:33Z : Multicore bootloader
I (30) boot: chip revision: v3.1
I (33) boot.esp32: SPI Speed      : 40MHz
I (37) boot.esp32: SPI Mode       : DIO
I (40) boot.esp32: SPI Flash Size : 4MB
I (44) boot: Enabling RNG early entropy source...
I (49) boot: Partition Table:
I (51) boot: ## Label            Usage          Type ST Offset   Length
I (57) boot:  0 nvs              WiFi data        01 02 00009000 00006000
I (64) boot:  1 phy_init         RF data          01 01 0000f000 00001000
I (71) boot:  2 factory          factory app      00 00 00010000 00100000
I (77) boot: End of partition table
I (80) esp_image: segment 0: paddr=00010020 vaddr=3f400020 size=0a744h ( 42820) map
I (102) esp_image: segment 1: paddr=0001a76c vaddr=3ff80000 size=00020h (    32) load
I (103) esp_image: segment 2: paddr=0001a794 vaddr=3ffb0000 size=023ech (  9196) load
I (110) esp_image: segment 3: paddr=0001cb88 vaddr=40080000 size=03490h ( 13456) load
I (119) esp_image: segment 4: paddr=00020020 vaddr=400d0020 size=17700h ( 9600
2026-02-22T19:52:33Z 0) map
I (154) esp_image: segment 5: paddr=00037728 vaddr=40083490 size=09c40h ( 40000) load
I (176) boot: Loaded app from partition at offset 0x10000
I (177) boot: Disabling RNG early entropy source...
I (187) cpu_start: Multicore app
I (195) cpu_start: Pro cpu start user code
I (195) cpu_start: cpu freq: 160000000 Hz
I (195) app_init: Application information:
I (196) app_init: Project name:     Luce
I (199) app_init: App version:      1ea2bda-dirty
I (204) app_init: Compile time:     Feb 22 2026 16:40:49
I (209) app_init: ELF file SHA256:  947244a18...
I (213) app_init: ESP-IDF:          5.5.0
I (217) efuse_init: Min chip rev:     v0.0
I (220) efuse_init: Max chip rev:     v3.99 
I (224) efuse_init: Chip rev:         v3.1
I (229) heap_init: Initializing. RAM available for dynamic allocation:
I (235) heap_init: At 3FFAE6E0 len 00001920 (6 KiB): DRAM
I (240) heap_init: At 3FFB2CB8 len 0002D348 (180 KiB): DRAM
I (245) heap_init: At 3FFE0440 len 00003AE0 (14 KiB): D/IRAM
I (250) heap_init: A
2026-02-22T19:52:33Z t 3FFE4350 len 0001BCB0 (111 KiB): D/IRAM
I (256) heap_init: At 4008D0D0 len 00012F30 (75 KiB): IRAM
I (263) spi_flash: detected chip: generic
I (265) spi_flash: flash io: dio
I (268) main_task: Started on CPU0
I (278) main_task: Calling app_main()
I (278) luce_boot: LUCE STAGE0
I (278) luce_boot: Build timestamp: Feb 22 2026 16:46:44
I (278) luce_boot: Project version: 0.0.0-stage0
I (278) luce_boot: Git SHA: placeholder
I (288) luce_boot: Reset reason: PANIC (4)
I (288) luce_boot: Chip: model=1 revision=301 cores=2
I (298) luce_boot: Features: WIFI BT BLE 
I (298) luce_boot: CPU frequency: 1061159544 MHz
I (298) luce_boot: Heap free: 305132 bytes
I (308) luce_boot: Heap min-free: 305132 bytes
I (308) luce_boot: Task watermark (current): 2088 words
I (318) luce_boot: App version: 1ea2bda-dirty
I (318) luce_boot: Project name: Luce
I (318) luce_boot: Secure version: 0
I (328) luce_boot: App compile time: 16:40:49 Feb 22 2026
I (328) luce_boot: ESP-IDF version: 5.5.0
I (338) luce_boot: EL
2026-02-22T19:52:34Z F SHA256: 947244a18
I (338) luce_boot: Partition map:
I (338) luce_boot:   type=1 subtype=2 label=nvs offset=0x00009000 size=0x00006000
I (348) luce_boot:   type=1 subtype=1 label=phy_init offset=0x0000f000 size=0x00001000
I (358) luce_boot:   type=0 subtype=0 label=factory offset=0x00010000 size=0x00100000

assert failed: tlsf_free tlsf.c:630 (!block_is_free(block) && "block already marked as free")


Backtrace: 0x40082109:0x3ffb3d50 0x40085685:0x3ffb3d70 0x4008b52d:0x3ffb3d90 0x40089e1f:0x3ffb3eb0 0x40089cc0:0x3ffb3ed0 0x40082403:0x3ffb3ef0 0x4008b5b5:0x3ffb3f10 0x400d4839:0x3ffb3f30 0x400d12a5:0x3ffb3f50 0x400d133f:0x3ffb3f80 0x400e6f8d:0x3ffb3fb0 0x40085e79:0x3ffb3fe0




ELF file SHA256: 947244a18

Rebooting...
ets Jul 29 2019 12:21:46

rst:0xc (SW_CPU_RESET),boot:0x13 (SPI_FAST_FLASH_BOOT)
configsip: 0, SPIWP:0xee
clk_drv:0x00,q_drv:0x00,d_drv:0x00,cs0_drv:0x00,hd_drv:0x00,wp_drv:0x00
mode:DIO, clock div:2
load:0x3fff0030,len:6380
ho 0 tail 12 room 4
load:0x40078000,len:15916
l
2026-02-22T19:52:34Z oad:0x40080400,len:3860
entry 0x40080630
I (29) boot: ESP-IDF 5.5.0 2nd stage bootloader
I (29) boot: compile time Feb 22 2026 16:41:13
I (29) boot: Multicore bootloader
I (30) boot: chip revision: v3.1
I (33) boot.esp32: SPI Speed      : 40MHz
I (37) boot.esp32: SPI Mode       : DIO
I (40) boot.esp32: SPI Flash Size : 4MB
I (44) boot: Enabling RNG early entropy source...
I (49) boot: Partition Table:
I (51) boot: ## Label            Usage          Type ST Offset   Length
I (57) boot:  0 nvs              WiFi data        01 02 00009000 00006000
I (64) boot:  1 phy_init         RF data          01 01 0000f000 00001000
I (71) boot:  2 factory          factory app      00 00 00010000 00100000
I (77) boot: End of partition table
I (80) esp_image: segment 0: paddr=00010020 vaddr=3f400020 size=0a744h ( 42820) map
I (102) esp_image: segment 1: paddr=0001a76c vaddr=3ff80000 size=00020h (    32) load
I (103) esp_image: segment 2: paddr=0001a794 vaddr=3ffb0000 size=023ech (  9196) load
I (110) esp_im
2026-02-22T19:52:34Z age: segment 3: paddr=0001cb88 vaddr=40080000 size=03490h ( 13456) load
I (119) esp_image: segment 4: paddr=00020020 vaddr=400d0020 size=17700h ( 96000) map
I (154) esp_image: segment 5: paddr=00037728 vaddr=40083490 size=09c40h ( 40000) load
I (176) boot: Loaded app from partition at offset 0x10000
I (177) boot: Disabling RNG early entropy source...
I (187) cpu_start: Multicore app
I (195) cpu_start: Pro cpu start user code
I (195) cpu_start: cpu freq: 160000000 Hz
I (195) app_init: Application information:
I (196) app_init: Project name:     Luce
I (199) app_init: App version:      1ea2bda-dirty
I (204) app_init: Compile time:     Feb 22 2026 16:40:49
I (209) app_init: ELF file SHA256:  947244a18...
I (213) app_init: ESP-IDF:          5.5.0
I (217) efuse_init: Min chip rev:     v0.0
I (220) efuse_init: Max chip rev:     v3.99 
I (224) efuse_init: Chip rev:         v3.1
I (229) heap_init: Initializing. RAM available for dynamic allocation:
I (235) heap_init: At 3FFAE6E0 len 00001920 (6 KiB)
2026-02-22T19:52:34Z : DRAM
I (240) heap_init: At 3FFB2CB8 len 0002D348 (180 KiB): DRAM
I (245) heap_init: At 3FFE0440 len 00003AE0 (14 KiB): D/IRAM
I (250) heap_init: At 3FFE4350 len 0001BCB0 (111 KiB): D/IRAM
I (256) heap_init: At 4008D0D0 len 00012F30 (75 KiB): IRAM
I (263) spi_flash: detected chip: generic
I (265) spi_flash: flash io: dio
I (268) main_task: Started on CPU0
I (278) main_task: Calling app_main()
I (278) luce_boot: LUCE STAGE0
I (278) luce_boot: Build timestamp: Feb 22 2026 16:46:44
I (278) luce_boot: Project version: 0.0.0-stage0
I (278) luce_boot: Git SHA: placeholder
I (288) luce_boot: Reset reason: PANIC (4)
I (288) luce_boot: Chip: model=1 revision=301 cores=2
I (298) luce_boot: Features: WIFI BT BLE 
I (298) luce_boot: CPU frequency: 1061159544 MHz
I (298) luce_boot: Heap free: 305132 bytes
I (308) luce_boot: Heap min-free: 305132 bytes
I (308) luce_boot: Task watermark (current): 2088 words
I (318) luce_boot: App version: 1ea2bda-dirty
I (318) luce_boot: Project name: Luce
I (318) lu
2026-02-22T19:52:34Z ce_boot: Secure version: 0
I (328) luce_boot: App compile time: 16:40:49 Feb 22 2026
I (328) luce_boot: ESP-IDF version: 5.5.0
I (338) luce_boot: ELF SHA256: 947244a18
I (338) luce_boot: Partition map:
I (338) luce_boot:   type=1 subtype=2 label=nvs offset=0x00009000 size=0x00006000
I (348) luce_boot:   type=1 subtype=1 label=phy_init offset=0x0000f000 size=0x00001000
I (358) luce_boot:   type=0 subtype=0 label=factory offset=0x00010000 size=0x00100000

assert failed: tlsf_free tlsf.c:630 (!block_is_free(block) && "block already marked as free")


Backtrace: 0x40082109:0x3ffb3d50 0x40085685:0x3ffb3d70 0x4008b52d:0x3ffb3d90 0x40089e1f:0x3ffb3eb0 0x40089cc0:0x3ffb3ed0 0x40082403:0x3ffb3ef0 0x4008b5b5:0x3ffb3f10 0x400d4839:0x3ffb3f30 0x400d12a5:0x3ffb3f50 0x400d133f:0x3ffb3f80 0x400e6f8d:0x3ffb3fb0 0x40085e79:0x3ffb3fe0




ELF file SHA256: 947244a18

Rebooting...
ets Jul 29 2019 12:21:46

rst:0xc (SW_CPU_RESET),boot:0x13 (SPI_FAST_FLASH_BOOT)
configsip: 0, SPIWP:0xee
clk_drv:0x00,q_drv:0
2026-02-22T19:52:34Z x00,d_drv:0x00,cs0_drv:0x00,hd_drv:0x00,wp_drv:0x00
mode:DIO, clock div:2
load:0x3fff0030,len:6380
ho 0 tail 12 room 4
load:0x40078000,len:15916
load:0x40080400,len:3860
entry 0x40080630
I (29) boot: ESP-IDF 5.5.0 2nd stage bootloader
I (29) boot: compile time Feb 22 2026 16:41:13
I (29) boot: Multicore bootloader
I (30) boot: chip revision: v3.1
I (33) boot.esp32: SPI Speed      : 40MHz
I (37) boot.esp32: SPI Mode       : DIO
I (40) boot.esp32: SPI Flash Size : 4MB
I (44) boot: Enabling RNG early entropy source...
I (49) boot: Partition Table:
I (51) boot: ## Label            Usage          Type ST Offset   Length
I (57) boot:  0 nvs              WiFi data        01 02 00009000 00006000
I (64) boot:  1 phy_init         RF data          01 01 0000f000 00001000
I (71) boot:  2 factory          factory app      00 00 00010000 00100000
I (77) boot: End of partition table
I (80) esp_image: segment 0: paddr=00010020 vaddr=3f400020 size=0a744h ( 42820) map
I (102) esp_image: segment 1: paddr=0
2026-02-22T19:52:34Z 001a76c vaddr=3ff80000 size=00020h (    32) load
I (103) esp_image: segment 2: paddr=0001a794 vaddr=3ffb0000 size=023ech (  9196) load
I (110) esp_image: segment 3: paddr=0001cb88 vaddr=40080000 size=03490h ( 13456) load
I (119) esp_image: segment 4: paddr=00020020 vaddr=400d0020 size=17700h ( 96000) map
I (154) esp_image: segment 5: paddr=00037728 vaddr=40083490 size=09c40h ( 40000) load
I (176) boot: Loaded app from partition at offset 0x10000
I (177) boot: Disabling RNG early entropy source...
I (187) cpu_start: Multicore app
I (195) cpu_start: Pro cpu start user code
I (195) cpu_start: cpu freq: 160000000 Hz
I (195) app_init: Application information:
I (196) app_init: Project name:     Luce
I (199) app_init: App version:      1ea2bda-dirty
I (204) app_init: Compile time:     Feb 22 2026 16:40:49
I (209) app_init: ELF file SHA256:  947244a18...
I (213) app_init: ESP-IDF:          5.5.0
I (217) efuse_init: Min chip rev:     v0.0
I (220) efuse_init: Max chip rev:     v3.99 
I (224) efuse_in
2026-02-22T19:52:34Z it: Chip rev:         v3.1
I (229) heap_init: Initializing. RAM available for dynamic allocation:
I (235) heap_init: At 3FFAE6E0 len 00001920 (6 KiB): DRAM
I (240) heap_init: At 3FFB2CB8 len 0002D348 (180 KiB): DRAM
I (245) heap_init: At 3FFE0440 len 00003AE0 (14 KiB): D/IRAM
I (250) heap_init: At 3FFE4350 len 0001BCB0 (111 KiB): D/IRAM
I (256) heap_init: At 4008D0D0 len 00012F30 (75 KiB): IRAM
I (263) spi_flash: detected chip: generic
I (265) spi_flash: flash io: dio
I (268) main_task: Started on CPU0
I (278) main_task: Calling app_main()
I (278) luce_boot: LUCE STAGE0
I (278) luce_boot: Build timestamp: Feb 22 2026 16:46:44
I (278) luce_boot: Project version: 0.0.0-stage0
I (278) luce_boot: Git SHA: placeholder
I (288) luce_boot: Reset reason: PANIC (4)
I (288) luce_boot: Chip: model=1 revision=301 cores=2
I (298) luce_boot: Features: WIFI BT BLE 
I (298) luce_boot: CPU frequency: 1061159544 MHz
I (298) luce_boot: Heap free: 305132 bytes
I (308) luce_boot: Heap min-free: 305132 bytes
I 
2026-02-22T19:52:34Z (308) luce_boot: Task watermark (current): 2088 words
I (318) luce_boot: App version: 1ea2bda-dirty
I (318) luce_boot: Project name: Luce
I (318) luce_boot: Secure version: 0
I (328) luce_boot: App compile time: 16:40:49 Feb 22 2026
I (328) luce_boot: ESP-IDF version: 5.5.0
I (338) luce_boot: ELF SHA256: 947244a18
I (338) luce_boot: Partition map:
I (338) luce_boot:   type=1 subtype=2 label=nvs offset=0x00009000 size=0x00006000
I (348) luce_boot:   type=1 subtype=1 label=phy_init offset=0x0000f000 size=0x00001000
I (358) luce_boot:   type=0 subtype=0 label=factory offset=0x00010000 size=0x00100000

assert failed: tlsf_free tlsf.c:630 (!block_is_free(block) && "block already marked as free")


Backtrace: 0x40082109:0x3ffb3d50 0x40085685:0x3ffb3d70 0x4008b52d:0x3ffb3d90 0x40089e1f:0x3ffb3eb0 0x40089cc0:0x3ffb3ed0 0x40082403:0x3ffb3ef0 0x4008b5b5:0x3ffb3f10 0x400d4839:0x3ffb3f30 0x400d12a5:0x3ffb3f50 0x400d133f:0x3ffb3f80 0x400e6f8d:0x3ffb3fb0 0x40085e79:0x3ffb3fe0




ELF file SHA256: 947244
2026-02-22T19:52:34Z a18

Rebooting...
ets Jul 29 2019 12:21:46

rst:0xc (SW_CPU_RESET),boot:0x13 (SPI_FAST_FLASH_BOOT)
configsip: 0, SPIWP:0xee
clk_drv:0x00,q_drv:0x00,d_drv:0x00,cs0_drv:0x00,hd_drv:0x00,wp_drv:0x00
mode:DIO, clock div:2
load:0x3fff0030,len:6380
ho 0 tail 12 room 4
load:0x40078000,len:15916
load:0x40080400,len:3860
entry 0x40080630
I (29) boot: ESP-IDF 5.5.0 2nd stage bootloader
I (29) boot: compile time Feb 22 2026 16:41:13
I (29) boot: Multicore bootloader
I (30) boot: chip revision: v3.1
I (33) boot.esp32: SPI Speed      : 40MHz
I (37) boot.esp32: SPI Mode       : DIO
I (40) boot.esp32: SPI Flash Size : 4MB
I (44) boot: Enabling RNG early entropy source...
I (49) boot: Partition Table:
I (51) boot: ## Label            Usage          Type ST Offset   Length
I (57) boot:  0 nvs              WiFi data        01 02 00009000 00006000
I (64) boot:  1 phy_init         RF data          01 01 0000f000 00001000
I (71) boot:  2 factory          factory app      00 00 00010000 00100000
I (77) b
2026-02-22T19:52:35Z oot: End of partition table
I (80) esp_image: segment 0: paddr=00010020 vaddr=3f400020 size=0a744h ( 42820) map
I (102) esp_image: segment 1: paddr=0001a76c vaddr=3ff80000 size=00020h (    32) load
I (103) esp_image: segment 2: paddr=0001a794 vaddr=3ffb0000 size=023ech (  9196) load
I (110) esp_image: segment 3: paddr=0001cb88 vaddr=40080000 size=03490h ( 13456) load
I (119) esp_image: segment 4: paddr=00020020 vaddr=400d0020 size=17700h ( 96000) map
I (154) esp_image: segment 5: paddr=00037728 vaddr=40083490 size=09c40h ( 40000) load
I (176) boot: Loaded app from partition at offset 0x10000
I (177) boot: Disabling RNG early entropy source...
I (187) cpu_start: Multicore app
I (195) cpu_start: Pro cpu start user code
I (195) cpu_start: cpu freq: 160000000 Hz
I (195) app_init: Application information:
I (196) app_init: Project name:     Luce
I (199) app_init: App version:      1ea2bda-dirty
I (204) app_init: Compile time:     Feb 22 2026 16:40:49
I (209) app_init: ELF file SHA256:  947244a18...
2026-02-22T19:52:35Z 
I (213) app_init: ESP-IDF:          5.5.0
I (217) efuse_init: Min chip rev:     v0.0
I (220) efuse_init: Max chip rev:     v3.99 
I (224) efuse_init: Chip rev:         v3.1
I (229) heap_init: Initializing. RAM available for dynamic allocation:
I (235) heap_init: At 3FFAE6E0 len 00001920 (6 KiB): DRAM
I (240) heap_init: At 3FFB2CB8 len 0002D348 (180 KiB): DRAM
I (245) heap_init: At 3FFE0440 len 00003AE0 (14 KiB): D/IRAM
I (250) heap_init: At 3FFE4350 len 0001BCB0 (111 KiB): D/IRAM
I (256) heap_init: At 4008D0D0 len 00012F30 (75 KiB): IRAM
I (263) spi_flash: detected chip: generic
I (265) spi_flash: flash io: dio
I (268) main_task: Started on CPU0
I (278) main_task: Calling app_main()
I (278) luce_boot: LUCE STAGE0
I (278) luce_boot: Build timestamp: Feb 22 2026 16:46:44
I (278) luce_boot: Project version: 0.0.0-stage0
I (278) luce_boot: Git SHA: placeholder
I (288) luce_boot: Reset reason: PANIC (4)
I (288) luce_boot: Chip: model=1 revision=301 cores=2
I (298) luce_boot: Features: WIFI BT
2026-02-22T19:52:35Z  BLE 
I (298) luce_boot: CPU frequency: 1061159544 MHz
I (298) luce_boot: Heap free: 305132 bytes
I (308) luce_boot: Heap min-free: 305132 bytes
I (308) luce_boot: Task watermark (current): 2088 words
I (318) luce_boot: App version: 1ea2bda-dirty
I (318) luce_boot: Project name: Luce
I (318) luce_boot: Secure version: 0
I (328) luce_boot: App compile time: 16:40:49 Feb 22 2026
I (328) luce_boot: ESP-IDF version: 5.5.0
I (338) luce_boot: ELF SHA256: 947244a18
I (338) luce_boot: Partition map:
I (338) luce_boot:   type=1 subtype=2 label=nvs offset=0x00009000 size=0x00006000
I (348) luce_boot:   type=1 subtype=1 label=phy_init offset=0x0000f000 size=0x00001000
I (358) luce_boot:   type=0 subtype=0 label=factory offset=0x00010000 size=0x00100000

assert failed: tlsf_free tlsf.c:630 (!block_is_free(block) && "block already marked as free")


Backtrace: 0x40082109:0x3ffb3d50 0x40085685:0x3ffb3d70 0x4008b52d:0x3ffb3d90 0x40089e1f:0x3ffb3eb0 0x40089cc0:0x3ffb3ed0 0x40082403:0x3ffb3ef0 0x4008b5b5:0x
2026-02-22T19:52:35Z 3ffb3f10 0x400d4839:0x3ffb3f30 0x400d12a5:0x3ffb3f50 0x400d133f:0x3ffb3f80 0x400e6f8d:0x3ffb3fb0 0x40085e79:0x3ffb3fe0




ELF file SHA256: 947244a18

Rebooting...
ets Jul 29 2019 12:21:46

rst:0xc (SW_CPU_RESET),boot:0x13 (SPI_FAST_FLASH_BOOT)
configsip: 0, SPIWP:0xee
clk_drv:0x00,q_drv:0x00,d_drv:0x00,cs0_drv:0x00,hd_drv:0x00,wp_drv:0x00
mode:DIO, clock div:2
load:0x3fff0030,len:6380
ho 0 tail 12 room 4
load:0x40078000,len:15916
load:0x40080400,len:3860
entry 0x40080630
I (29) boot: ESP-IDF 5.5.0 2nd stage bootloader
I (29) boot: compile time Feb 22 2026 16:41:13
I (29) boot: Multicore bootloader
I (30) boot: chip revision: v3.1
I (33) boot.esp32: SPI Speed      : 40MHz
I (37) boot.esp32: SPI Mode       : DIO
I (40) boot.esp32: SPI Flash Size : 4MB
I (44) boot: Enabling RNG early entropy source...
I (49) boot: Partition Table:
I (51) boot: ## Label            Usage          Type ST Offset   Length
I (57) boot:  0 nvs              WiFi data        01 02 00009000 00006000
I (64) 
2026-02-22T19:52:35Z boot:  1 phy_init         RF data          01 01 0000f000 00001000
I (71) boot:  2 factory          factory app      00 00 00010000 00100000
I (77) boot: End of partition table
I (80) esp_image: segment 0: paddr=00010020 vaddr=3f400020 size=0a744h ( 42820) map
I (102) esp_image: segment 1: paddr=0001a76c vaddr=3ff80000 size=00020h (    32) load
I (103) esp_image: segment 2: paddr=0001a794 vaddr=3ffb0000 size=023ech (  9196) load
I (110) esp_image: segment 3: paddr=0001cb88 vaddr=40080000 size=03490h ( 13456) load
I (119) esp_image: segment 4: paddr=00020020 vaddr=400d0020 size=17700h ( 96000) map
I (154) esp_image: segment 5: paddr=00037728 vaddr=40083490 size=09c40h ( 40000) load
I (176) boot: Loaded app from partition at offset 0x10000
I (177) boot: Disabling RNG early entropy source...
I (187) cpu_start: Multicore app
I (195) cpu_start: Pro cpu start user code
I (195) cpu_start: cpu freq: 160000000 Hz
I (195) app_init: Application information:
I (196) app_init: Project name:     Luce
I (199
2026-02-22T19:52:35Z ) app_init: App version:      1ea2bda-dirty
I (204) app_init: Compile time:     Feb 22 2026 16:40:49
I (209) app_init: ELF file SHA256:  947244a18...
I (213) app_init: ESP-IDF:          5.5.0
I (217) efuse_init: Min chip rev:     v0.0
